10-11 21:13:43.146 V/SystemUIService( 2384): Starting SystemUI services.
10-11 21:13:43.185 D/TelephonyManager( 2384): No /proc/cmdline exception=java.io.FileNotFoundException: /proc/cmdline: open failed: EACCES (Permission denied)
10-11 21:13:43.185 D/TelephonyManager( 2384): /proc/cmdline=
10-11 21:13:43.222 I/LatinIME( 2410): Hardware accelerated drawing: false
10-11 21:13:43.223 I/MS_OMX_CORE( 1140): ComponentName : OMX.MS.M4V.Decoder, version -..
10-11 21:13:43.224 E/OMXNodeInstance( 1140): getExtensionIndex(e:MS.M4V.Decoder, OMX.google.android.index.storeMetaDataInBuffers) ERROR: BadParameter(0x80001005)
10-11 21:13:43.224 E/OMXNodeInstance( 1140): getExtensionIndex(e:MS.M4V.Decoder, OMX.google.android.index.prepareForAdaptivePlayback) ERROR: BadParameter(0x80001005)
10-11 21:13:43.230 I/MS_OMX_CORE( 1140): ComponentName : OMX.MS.H263.Decoder, version -..
10-11 21:13:43.230 E/OMXNodeInstance( 1140): getExtensionIndex(f:MS.H263.Decoder, OMX.google.android.index.storeMetaDataInBuffers) ERROR: BadParameter(0x80001005)
10-11 21:13:43.230 E/OMXNodeInstance( 1140): getExtensionIndex(f:MS.H263.Decoder, OMX.google.android.index.prepareForAdaptivePlayback) ERROR: BadParameter(0x80001005)
10-11 21:13:43.241 I/MS_OMX_CORE( 1140): ComponentName : OMX.MS.AVC.Decoder, version -..
10-11 21:13:43.241 E/OMXNodeInstance( 1140): getExtensionIndex(10:MS.AVC.Decoder, OMX.google.android.index.storeMetaDataInBuffers) ERROR: BadParameter(0x80001005)
10-11 21:13:43.241 E/OMXNodeInstance( 1140): getExtensionIndex(10:MS.AVC.Decoder, OMX.google.android.index.prepareForAdaptivePlayback) ERROR: BadParameter(0x80001005)
10-11 21:13:43.258 I/MS_OMX_CORE( 1140): ComponentName : OMX.MS.AVC.Decoder.secure, version -..
10-11 21:13:43.259 E/OMXNodeInstance( 1140): getExtensionIndex(11:MS.AVC.Decoder.secure, OMX.google.android.index.storeMetaDataInBuffers) ERROR: BadParameter(0x80001005)
10-11 21:13:43.259 E/OMXNodeInstance( 1140): getExtensionIndex(11:MS.AVC.Decoder.secure, OMX.google.android.index.prepareForAdaptivePlayback) ERROR: BadParameter(0x80001005)
10-11 21:13:43.264 D/TelephonyRegistry( 2110): listen oscl: hasNotifySubscriptionInfoChangedOccurred==false no callback
10-11 21:13:43.265 I/MS_OMX_CORE( 1140): ComponentName : OMX.MS.HEVC.Decoder, version -..
10-11 21:13:43.266 E/OMXNodeInstance( 1140): getExtensionIndex(12:MS.HEVC.Decoder, OMX.google.android.index.storeMetaDataInBuffers) ERROR: BadParameter(0x80001005)
10-11 21:13:43.266 E/OMXNodeInstance( 1140): getExtensionIndex(12:MS.HEVC.Decoder, OMX.google.android.index.prepareForAdaptivePlayback) ERROR: BadParameter(0x80001005)
10-11 21:13:43.272 I/MS_OMX_CORE( 1140): ComponentName : OMX.MS.HEVC.Decoder.secure, version -..
10-11 21:13:43.272 E/OMXNodeInstance( 1140): getExtensionIndex(13:MS.HEVC.Decoder.secure, OMX.google.android.index.storeMetaDataInBuffers) ERROR: BadParameter(0x80001005)
10-11 21:13:43.272 E/OMXNodeInstance( 1140): getExtensionIndex(13:MS.HEVC.Decoder.secure, OMX.google.android.index.prepareForAdaptivePlayback) ERROR: BadParameter(0x80001005)
10-11 21:13:43.279 I/MS_OMX_CORE( 1140): ComponentName : OMX.MS.HEVCDV.Decoder, version -..
10-11 21:13:43.280 E/OMXNodeInstance( 1140): getExtensionIndex(14:MS.HEVCDV.Decoder, OMX.google.android.index.storeMetaDataInBuffers) ERROR: BadParameter(0x80001005)
10-11 21:13:43.280 E/OMXNodeInstance( 1140): getExtensionIndex(14:MS.HEVCDV.Decoder, OMX.google.android.index.prepareForAdaptivePlayback) ERROR: BadParameter(0x80001005)
10-11 21:13:43.287 I/MS_OMX_CORE( 1140): ComponentName : OMX.MS.MVC.Decoder, version -..
10-11 21:13:43.288 E/OMXNodeInstance( 1140): getExtensionIndex(15:MS.MVC.Decoder, OMX.google.android.index.storeMetaDataInBuffers) ERROR: BadParameter(0x80001005)
10-11 21:13:43.288 E/OMXNodeInstance( 1140): getExtensionIndex(15:MS.MVC.Decoder, OMX.google.android.index.prepareForAdaptivePlayback) ERROR: BadParameter(0x80001005)
10-11 21:13:43.294 I/MS_OMX_CORE( 1140): ComponentName : OMX.MS.MPEG2.Decoder, version -..
10-11 21:13:43.295 E/OMXNodeInstance( 1140): getExtensionIndex(16:MS.MPEG2.Decoder, OMX.google.android.index.storeMetaDataInBuffers) ERROR: BadParameter(0x80001005)
10-11 21:13:43.295 E/OMXNodeInstance( 1140): getExtensionIndex(16:MS.MPEG2.Decoder, OMX.google.android.index.prepareForAdaptivePlayback) ERROR: BadParameter(0x80001005)
10-11 21:13:43.301 I/MS_OMX_CORE( 1140): ComponentName : OMX.MS.VP8.Decoder, version -..
10-11 21:13:43.301 E/OMXNodeInstance( 1140): getExtensionIndex(17:MS.VP8.Decoder, OMX.google.android.index.storeMetaDataInBuffers) ERROR: BadParameter(0x80001005)
10-11 21:13:43.301 E/OMXNodeInstance( 1140): getExtensionIndex(17:MS.VP8.Decoder, OMX.google.android.index.prepareForAdaptivePlayback) ERROR: BadParameter(0x80001005)
10-11 21:13:43.308 I/MS_OMX_CORE( 1140): ComponentName : OMX.MS.VP9.Decoder, version -..
10-11 21:13:43.308 E/OMXNodeInstance( 1140): getExtensionIndex(18:MS.VP9.Decoder, OMX.google.android.index.storeMetaDataInBuffers) ERROR: BadParameter(0x80001005)
10-11 21:13:43.308 E/OMXNodeInstance( 1140): getExtensionIndex(18:MS.VP9.Decoder, OMX.google.android.index.prepareForAdaptivePlayback) ERROR: BadParameter(0x80001005)
10-11 21:13:43.314 I/MS_OMX_CORE( 1140): ComponentName : OMX.MS.DIVX311.Decoder, version -..
10-11 21:13:43.314 E/OMXNodeInstance( 1140): getExtensionIndex(19:MS.DIVX311.Decoder, OMX.google.android.index.storeMetaDataInBuffers) ERROR: BadParameter(0x80001005)
10-11 21:13:43.314 E/OMXNodeInstance( 1140): getExtensionIndex(19:MS.DIVX311.Decoder, OMX.google.android.index.prepareForAdaptivePlayback) ERROR: BadParameter(0x80001005)
10-11 21:13:43.326 I/MS_OMX_CORE( 1140): ComponentName : OMX.MS.DIVX412.Decoder, version -..
10-11 21:13:43.326 E/OMXNodeInstance( 1140): getExtensionIndex(1a:MS.DIVX412.Decoder, OMX.google.android.index.storeMetaDataInBuffers) ERROR: BadParameter(0x80001005)
10-11 21:13:43.326 E/OMXNodeInstance( 1140): getExtensionIndex(1a:MS.DIVX412.Decoder, OMX.google.android.index.prepareForAdaptivePlayback) ERROR: BadParameter(0x80001005)
10-11 21:13:43.331 I/MS_OMX_CORE( 1140): ComponentName : OMX.MS.FLV.Decoder, version -..
10-11 21:13:43.332 E/OMXNodeInstance( 1140): getExtensionIndex(1b:MS.FLV.Decoder, OMX.google.android.index.storeMetaDataInBuffers) ERROR: BadParameter(0x80001005)
10-11 21:13:43.332 E/OMXNodeInstance( 1140): getExtensionIndex(1b:MS.FLV.Decoder, OMX.google.android.index.prepareForAdaptivePlayback) ERROR: BadParameter(0x80001005)
10-11 21:13:43.338 I/MS_OMX_CORE( 1140): ComponentName : OMX.MS.VC1.Decoder, version -..
10-11 21:13:43.338 E/OMXNodeInstance( 1140): getExtensionIndex(1c:MS.VC1.Decoder, OMX.google.android.index.storeMetaDataInBuffers) ERROR: BadParameter(0x80001005)
10-11 21:13:43.338 E/OMXNodeInstance( 1140): getExtensionIndex(1c:MS.VC1.Decoder, OMX.google.android.index.prepareForAdaptivePlayback) ERROR: BadParameter(0x80001005)
10-11 21:13:43.346 I/MS_OMX_CORE( 1140): ComponentName : OMX.MS.VC1.Decoder, version -..
10-11 21:13:43.346 E/OMXNodeInstance( 1140): getExtensionIndex(1d:MS.VC1.Decoder, OMX.google.android.index.storeMetaDataInBuffers) ERROR: BadParameter(0x80001005)
10-11 21:13:43.346 E/OMXNodeInstance( 1140): getExtensionIndex(1d:MS.VC1.Decoder, OMX.google.android.index.prepareForAdaptivePlayback) ERROR: BadParameter(0x80001005)
10-11 21:13:43.356 E/WVMExtractor( 2384): Failed to open libwvm.so: dlopen failed: library "libwvm.so" not found
10-11 21:13:43.358 I/MS_OMX_CORE( 1140): ComponentName : OMX.MS.WMV3.Decoder, version -..
10-11 21:13:43.358 E/OMXNodeInstance( 1140): getExtensionIndex(1e:MS.WMV3.Decoder, OMX.google.android.index.storeMetaDataInBuffers) ERROR: BadParameter(0x80001005)
10-11 21:13:43.359 E/OMXNodeInstance( 1140): getExtensionIndex(1e:MS.WMV3.Decoder, OMX.google.android.index.prepareForAdaptivePlayback) ERROR: BadParameter(0x80001005)
10-11 21:13:43.364 I/MS_OMX_CORE( 1140): ComponentName : OMX.MS.MJPG.Decoder, version -..
10-11 21:13:43.365 E/OMXNodeInstance( 1140): getExtensionIndex(1f:MS.MJPG.Decoder, OMX.google.android.index.storeMetaDataInBuffers) ERROR: BadParameter(0x80001005)
10-11 21:13:43.365 E/OMXNodeInstance( 1140): getExtensionIndex(1f:MS.MJPG.Decoder, OMX.google.android.index.prepareForAdaptivePlayback) ERROR: BadParameter(0x80001005)
10-11 21:13:43.371 I/MS_OMX_CORE( 1140): ComponentName : OMX.MS.AVS.Decoder, version -..
10-11 21:13:43.371 E/OMXNodeInstance( 1140): getExtensionIndex(20:MS.AVS.Decoder, OMX.google.android.index.storeMetaDataInBuffers) ERROR: BadParameter(0x80001005)
10-11 21:13:43.371 E/OMXNodeInstance( 1140): getExtensionIndex(20:MS.AVS.Decoder, OMX.google.android.index.prepareForAdaptivePlayback) ERROR: BadParameter(0x80001005)
10-11 21:13:43.371 W/InputAttributes( 2410): No editor info for this field. Bug?
10-11 21:13:43.379 I/MS_OMX_CORE( 1140): ComponentName : OMX.MS.RV.Decoder, version -..
10-11 21:13:43.380 E/OMXNodeInstance( 1140): getExtensionIndex(21:MS.RV.Decoder, OMX.google.android.index.storeMetaDataInBuffers) ERROR: BadParameter(0x80001005)
10-11 21:13:43.380 E/OMXNodeInstance( 1140): getExtensionIndex(21:MS.RV.Decoder, OMX.google.android.index.prepareForAdaptivePlayback) ERROR: BadParameter(0x80001005)
10-11 21:13:43.381 D/MediaCodec( 2384): MediaCodec()
10-11 21:13:43.382 V/ACodec  ( 2384): Now uninitialized
10-11 21:13:43.393 E/OMXNodeInstance( 1140): setParameter(22:google.mstmp3.decoder, ParamStandardComponentRole(0x1000017)) ERROR: Undefined(0x80001001)
10-11 21:13:43.393 W/OMXCodec( 1140): Failed to set standard component role 'audio_decoder.mp1'.
10-11 21:13:43.424 W/MediaCodecList( 1140): ignoring Limit specified outside of a Type
10-11 21:13:43.424 I/MS_OMX_CORE( 1140): ComponentName : OMX.MS.MP3.Decoder, version -..
10-11 21:13:43.425 I/AUDIO   ( 1140): [Utopia]MApi_AUDIO_WritePreInitTable() : doesn't need to init again
10-11 21:13:43.425 E/AUDIO   ( 1140): [Utopia]MDrv_AUDIO_PCM_Init: Init PCM device
10-11 21:13:43.425 E/AUDIO   ( 1140): [Utopia]MDrv_AUDIO_PCM_Init: already initialized
10-11 21:13:43.425 E/        ( 1140): <<android>>      HAL_MAD_SetCommInfo: g_FuncPrt_Hal_SetAudioParam2 already register !!
10-11 21:13:43.425 E/        ( 1140): <<android>>      HAL_MAD_SetCommInfo: g_FuncPrt_Hal_GetAudioInfo2 already register !!
10-11 21:13:43.425 I/AUDIO   ( 1140): [Utopia]MApi_AUDIO_Initialize doesn't need to init again
10-11 21:13:43.426 E/OMXNodeInstance( 1140): setParameter(25:MS.MP3.Decoder, ParamStandardComponentRole(0x1000017)) ERROR: BadParameter(0x80001005)
10-11 21:13:43.426 W/OMXCodec( 1140): Failed to set standard component role 'audio_decoder.mp1'.
10-11 21:13:43.432 I/MS_OMX_CORE( 1140): ComponentName : OMX.MS.MP3.Decoder, version -..
10-11 21:13:43.439 I/MS_OMX_CORE( 1140): ComponentName : OMX.MS.MP3.Decoder, version -..
10-11 21:13:43.452 I/MS_OMX_CORE( 1140): ComponentName : OMX.MS.AAC.Decoder, version -..
10-11 21:13:43.474 I/MS_OMX_CORE( 1140): ComponentName : OMX.MS.VORBIS.Decoder, version -..
10-11 21:13:43.474 W/AppWidgetServiceImpl( 2110): Failed to read state: java.io.FileNotFoundException: /data/system/users/0/appwidgets.xml: open failed: ENOENT (No such file or directory)
10-11 21:13:43.475 V/AppWidgetServiceImpl( 2110): Upgrading widget database from 0 to 1
10-11 21:13:43.475 D/MS_OMX_VORBISDEC( 1140): OMX_Vorbis_Decode_SetParameter: DecID=0 Index=0x01000017
10-11 21:13:43.490 I/MS_OMX_CORE( 1140): ComponentName : OMX.MS.ADPCM.Decoder, version -..
10-11 21:13:43.499 I/MS_OMX_CORE( 1140): ComponentName : OMX.MS.LPCM.Decoder, version -..
10-11 21:13:43.508 I/MS_OMX_CORE( 1140): ComponentName : OMX.MS.RA.Decoder, version -..
10-11 21:13:43.510 E/linker  ( 2410): readlink('/proc/self/fd/15') failed: Permission denied [fd=15]
10-11 21:13:43.510 E/linker  ( 2410): warning: unable to get realpath for the library "/system/app/MLatinIME/lib/arm/libjni_mlatinime.so". Will use given name.
10-11 21:13:43.511 I/am_proc_start( 2110): [0,2553,10020,android.process.acore,content provider,com.android.providers.userdictionary/.UserDictionaryProvider]
10-11 21:13:43.511 I/ActivityManager( 2110): Start proc 2553:android.process.acore/u0a20 for content provider com.android.providers.userdictionary/.UserDictionaryProvider
10-11 21:13:43.512 E/ActivityThread( 2410): Failed to find provider info for com.android.inputmethod.latin.dictionarypack
10-11 21:13:43.513 E/BinaryDictionaryGetter( 2410): Could not find a dictionary pack
10-11 21:13:43.522 I/MS_OMX_CORE( 1140): ComponentName : OMX.MS.WMA.Decoder, version -..
10-11 21:13:43.532 W/MediaCodecList( 1140): ignoring Limit specified outside of a Type
10-11 21:13:43.532 I/MS_OMX_CORE( 1140): ComponentName : OMX.MS.AC3.Decoder, version -..
10-11 21:13:43.542 I/MS_OMX_CORE( 1140): ComponentName : OMX.MS.AC3.Decoder, version -..
10-11 21:13:43.550 I/MS_OMX_CORE( 1140): ComponentName : OMX.MS.DTS.Decoder, version -..
10-11 21:13:43.562 I/MS_OMX_CORE( 1140): ComponentName : OMX.MS.DTS.Decoder, version -..
10-11 21:13:43.570 I/MS_OMX_CORE( 1140): ComponentName : OMX.MS.DTS.Decoder, version -..
10-11 21:13:43.579 I/MS_OMX_CORE( 1140): ComponentName : OMX.MS.DTS.Decoder, version -..
10-11 21:13:43.587 I/MS_OMX_CORE( 1140): ComponentName : OMX.MS.DTS.Decoder, version -..
10-11 21:13:43.599 I/MS_OMX_CORE( 1140): ComponentName : OMX.MS.DTS.Decoder, version -..
10-11 21:13:43.607 I/MS_OMX_CORE( 1140): ComponentName : OMX.MS.DRA.Decoder, version -..
10-11 21:13:43.616 I/MS_OMX_CORE( 1140): ComponentName : OMX.MS.FLAC.Decoder, version -..
10-11 21:13:43.625 I/MS_OMX_CORE( 1140): ComponentName : OMX.MS.AVC.Encoder, version -..
10-11 21:13:43.635 E/SoftOMXPlugin( 1140): unable to dlopen libstagefright_soft_bypassenc.so: dlopen failed: library "libstagefright_soft_bypassenc.so" not found
10-11 21:13:43.635 E/OMX     ( 1140): FAILED to allocate omx component 'OMX.ms.bypass.encoder' err=ComponentNotFound(0x80001003)
10-11 21:13:43.641 W/OMXNodeInstance( 1140): [39:google.mpeg4.decoder] component does not support metadata mode; using fallback
10-11 21:13:43.645 I/am_proc_bound( 2110): [0,2553,android.process.acore]
10-11 21:13:43.659 W/OMXNodeInstance( 1140): [3a:google.h263.decoder] component does not support metadata mode; using fallback
10-11 21:13:43.673 D/VoldConnector( 2110): RCV <- {643 disk:179,0}
10-11 21:13:43.673 D/VoldConnector( 2110): RCV <- {651 public:8,1 7}
10-11 21:13:43.673 D/VoldConnector( 2110): RCV <- {659 public:8,1}
10-11 21:13:43.673 D/VoldConnector( 2110): RCV <- {649 disk:8,0}
10-11 21:13:43.674 D/VoldConnector( 2110): RCV <- {640 disk:8,0 8}
10-11 21:13:43.674 W/OMXNodeInstance( 1140): [3b:google.vp8.decoder] component does not support metadata mode; using fallback
10-11 21:13:43.675 V/vold    ( 1119): /system/bin/sgdisk
10-11 21:13:43.675 V/vold    ( 1119):     --android-dump
10-11 21:13:43.675 V/vold    ( 1119):     /dev/block/vold/disk:8,0
10-11 21:13:43.675 E/vold    ( 1119): Failed to setexeccon
10-11 21:13:43.676 D/VoldConnector( 2110): RCV <- {641 disk:8,0 2032140288}
10-11 21:13:43.676 D/VoldConnector( 2110): RCV <- {642 disk:8,0 JetFlash
10-11 21:13:43.676 D/VoldConnector( 2110): }
10-11 21:13:43.676 D/VoldConnector( 2110): RCV <- {644 disk:8,0 /sys/devices/platform/Mstar-ehci-1.0/usb2/2-1/2-1:1.0/host0/target0:0:0/0:0:0:0/block/sda}
10-11 21:13:43.682 E/vold    ( 1119): Failed to setexeccon
10-11 21:13:43.692 W/OMXNodeInstance( 1140): [3c:google.vp9.decoder] component does not support metadata mode; using fallback
10-11 21:13:43.705 I/SoftMPEG4Encoder( 1140): Construct SoftMPEG4Encoder
10-11 21:13:43.723 W/System  ( 2553): ClassLoader referenced unknown path: /system/app/UserDictionaryProvider/lib/arm
10-11 21:13:43.735 I/SoftMPEG4Encoder( 1140): Construct SoftMPEG4Encoder
10-11 21:13:43.780 E/UserHistoryDictionary( 2410): when loading: file not foundjava.io.FileNotFoundException: /data/user/0/com.android.inputmethod.latin/files/UserHistoryDictionary.ru.dict: open failed: ENOENT (No such file or directory)
10-11 21:13:43.796 W/MediaCodecList( 1140): unable to open media codecs configuration xml file: /data/misc/media/media_codecs_profiling_results.xml
10-11 21:13:43.798 V/ACodec  ( 2384): onAllocateComponent
10-11 21:13:43.799 I/chatty  ( 2110): uid=1000 system_server expire 67 lines
10-11 21:13:43.799 I/OMXClient( 2384): Using client-side OMX mux.
10-11 21:13:43.802 E/linker  ( 2384): readlink('/proc/self/fd/27') failed: Permission denied [fd=27]
10-11 21:13:43.803 E/linker  ( 2384): warning: unable to get realpath for the library "libstagefrighthw.so". Will use given name.
10-11 21:13:43.808 E/linker  ( 2384): readlink('/proc/self/fd/27') failed: Permission denied [fd=27]
10-11 21:13:43.808 E/linker  ( 2384): warning: unable to get realpath for the library "libOMX.MStar.so". Will use given name.
10-11 21:13:43.810 E/linker  ( 2384): readlink('/proc/self/fd/27') failed: Permission denied [fd=27]
10-11 21:13:43.810 E/linker  ( 2384): warning: unable to get realpath for the library "libstagefrighthw_yuv.so". Will use given name.
10-11 21:13:43.825 V/vold    ( 1119): DISK mbr
10-11 21:13:43.825 V/vold    ( 1119): PART 1 c
10-11 21:13:43.828 D/VoldCmdListener( 1119): volume mount emulated 3 -1
10-11 21:13:43.829 V/vold    ( 1119): Waiting for FUSE to spin up...
10-11 21:13:43.829 D/VoldConnector( 2110): RCV <- {650 public:8,1 0 "disk:8,0" ""}
10-11 21:13:43.829 D/VoldConnector( 2110): RCV <- {651 public:8,1 0}
10-11 21:13:43.830 D/VoldConnector( 2110): RCV <- {643 disk:8,0}
10-11 21:13:43.830 D/VoldConnector( 2110): RCV <- {200 1 Command succeeded}
10-11 21:13:43.832 D/VoldConnector( 2110): RCV <- {651 emulated 1}
10-11 21:13:43.832 D/VoldConnector( 2110): RCV <- {656 emulated /data/media}
10-11 21:13:43.832 D/VoldConnector( 2110): RCV <- {655 emulated /storage/emulated}
10-11 21:13:43.833 E/VoldConnector( 2110): NDC Command {1 volume reset} took too long (1347ms)
10-11 21:13:43.833 D/VoldConnector( 2110): SND -> {4 volume user_added 0 0}
10-11 21:13:43.835 D/MS_OMX_Plugin( 2384): MSOMXPlugin::MSOMXPlugin
10-11 21:13:43.835 D/MS_OMX_Plugin( 2384): Get libOMX.MStar.so
10-11 21:13:43.848 I/apiMMAP ( 2384): get_info: E_MMAP_ID_VDEC_SUB_BITSTREAM: not fount
10-11 21:13:43.848 E/MS_OMX_CORE( 2384): MsOS_MPool_Mapping Fail: E_MMAP_ID_VDEC_CPU: 0x80000000, Start: 0x0, size: 2147483648
10-11 21:13:43.849 I/apiMMAP ( 2384): get_info: E_MMAP_ID_VDEC_FRAMEBUFFER: not fount
10-11 21:13:43.849 E/MS_OMX_CORE( 2384): MsOS_MPool_Mapping Fail: E_MMAP_ID_VDEC_BITSTREAM: 0x80000000, Start: 0x0, size: 2151677952
10-11 21:13:43.849 I/apiMMAP ( 2384): get_info: E_MMAP_ID_VDEC_SUB_FRAMEBUFFER: not fount
10-11 21:13:43.849 I/apiMMAP ( 2384): get_info: E_MMAP_ID_VDEC_SUB_BITSTREAM: not fount
10-11 21:13:43.849 E/MS_OMX_CORE( 2384): MsOS_MPool_Mapping Fail: E_MMAP_ID_VDEC_SHARE_MEM: 0x80000000, Start: 0x0, size: 2149580800
10-11 21:13:43.849 E/MS_OMX_CORE( 2384): MsOS_MPool_Mapping Fail: E_MMAP_ID_VDEC_SHARE_MEM: 0x80000000, Start: 0x0, size: 2149580800
10-11 21:13:43.849 I/apiMMAP ( 2384): get_info: E_MMAP_ID_VDEC_FRAMEBUFFER_BALANCE_BW: not fount
10-11 21:13:43.849 E/MS_OMX_CORE( 2384): MsOS_MPool_Mapping Fail: E_MMAP_ID_MAD_R2: 0x0, Start: 0x0, size: 470810624
10-11 21:13:43.849 E/MS_OMX_CORE( 2384): MsOS_MPool_Mapping Fail: E_MMAP_ID_MAD_R2: 0x0, Start: 0x0, size: 470810624
10-11 21:13:43.849 E/MS_OMX_CORE( 2384): MsOS_MPool_Mapping Fail: E_MMAP_ID_MAD_SE: 0x0, Start: 0x0, size: 487587840
10-11 21:13:43.849 E/MS_OMX_CORE( 2384): MsOS_MPool_Mapping Fail: E_MMAP_ID_MAD_SE: 0x0, Start: 0x0, size: 487587840
10-11 21:13:43.849 E/MS_OMX_CORE( 2384): MsOS_MPool_Mapping Fail: E_MMAP_ID_MAD_DEC: 0x0, Start: 0x0, size: 487587840
10-11 21:13:43.849 E/MS_OMX_CORE( 2384): MsOS_MPool_Mapping Fail: E_MMAP_ID_MAD_DEC: 0x0, Start: 0x0, size: 487587840
10-11 21:13:43.849 E/MS_OMX_CORE( 2384): MsOS_MPool_Mapping Fail: E_MMAP_ID_MAD_COMMON: 0x0, Start: 0x0, size: 487587840
10-11 21:13:43.849 E/MS_OMX_CORE( 2384): MsOS_MPool_Mapping Fail: E_MMAP_ID_MAD_COMMON: 0x0, Start: 0x0, size: 487587840
10-11 21:13:43.855 E/linker  ( 2384): readlink('/proc/self/fd/27') failed: Permission denied [fd=27]
10-11 21:13:43.856 E/linker  ( 2384): warning: unable to get realpath for the library "libstagefright_soft_vorbisdec.so". Will use given name.
10-11 21:13:43.864 V/ACodec  ( 2384): [OMX.google.vorbis.decoder] Now Loaded
10-11 21:13:43.869 V/MediaCodec( 2384): Found 2 pieces of codec specific data.
10-11 21:13:43.869 V/ACodec  ( 2384): onConfigureComponent
10-11 21:13:43.879 V/vold    ( 1119): Waiting for FUSE to spin up...
10-11 21:13:43.882 V/ACodec  ( 2384): onStart
10-11 21:13:43.882 V/ACodec  ( 2384): [OMX.google.vorbis.decoder] Now Loaded->Idle
10-11 21:13:43.883 V/ACodec  ( 2384): [OMX.google.vorbis.decoder] Allocating 4 buffers of size 32768/32768 (from 32768 using Invalid) on input port
10-11 21:13:43.883 V/ACodec  ( 2384): [OMX.google.vorbis.decoder] Allocating 4 buffers of size 32768/32768 (from 32768 using Invalid) on output port
10-11 21:13:43.884 V/MediaCodec( 2384): input buffers allocated
10-11 21:13:43.884 V/MediaCodec( 2384): output buffers allocated
10-11 21:13:43.884 V/ACodec  ( 2384): [OMX.google.vorbis.decoder] Now Idle->Executing
10-11 21:13:43.891 V/ACodec  ( 2384): [OMX.google.vorbis.decoder] Now Executing
10-11 21:13:43.895 V/ACodec  ( 2384): [OMX.google.vorbis.decoder] Now handling output port settings change
10-11 21:13:43.897 V/ACodec  ( 2384): [OMX.google.vorbis.decoder] Output port now disabled.
10-11 21:13:43.897 V/ACodec  ( 2384): [OMX.google.vorbis.decoder] Allocating 4 buffers of size 32768/32768 (from 32768 using Invalid) on output port
10-11 21:13:43.898 V/MediaCodec( 2384): output buffers allocated
10-11 21:13:43.898 V/ACodec  ( 2384): [OMX.google.vorbis.decoder] Output port now reenabled.
10-11 21:13:43.898 V/ACodec  ( 2384): [OMX.google.vorbis.decoder] Now Executing
10-11 21:13:43.902 V/MediaCodec( 2384): codec output format changed
10-11 21:13:43.926 V/ACodec  ( 2384): [OMX.google.vorbis.decoder] Signalled EOS (-1011) on the input port
10-11 21:13:43.926 V/ACodec  ( 2384): [OMX.google.vorbis.decoder] saw output EOS
10-11 21:13:43.928 V/ACodec  ( 2384): [OMX.google.vorbis.decoder] Now Executing->Idle
10-11 21:13:43.929 V/ACodec  ( 2384): [OMX.google.vorbis.decoder] Now Idle->Loaded
10-11 21:13:43.932 V/ACodec  ( 2384): [OMX.google.vorbis.decoder] Now Loaded
10-11 21:13:43.934 V/ACodec  ( 2384): Now uninitialized
10-11 21:13:43.937 D/MediaCodec( 2384): ~MediaCodec()
10-11 21:13:43.937 E/MediaCodec( 2384): getId(mResourceManagerClient) = 3076909160, mResourceManagerClientID  = 0
10-11 21:13:43.938 D/VoldCmdListener( 1119): volume user_started 0
10-11 21:13:43.939 D/VoldConnector( 2110): RCV <- {651 emulated 2}
10-11 21:13:43.939 D/VoldConnector( 2110): RCV <- {200 2 Command succeeded}
10-11 21:13:44.394 I/liblog  ( 1119): 22
10-11 21:13:44.484 I/tvos    ( 1490): FrmCnt:292(0,0,0) Rate:29 Sys:23779 STC:9113 VPTS:9075 APTS:9111 Delay:-5(33) V:9 A:0 VES:0x89d AES:0x0 PCM:0x2ac00 AudioErr:0x0 Vptr(R,W):(15db48,15e3e5)
10-11 21:13:44.553 I/liblog  ( 2110): 72
10-11 21:13:44.604 I/ActivityManager( 2110): am ------bootWhatInt== 61
10-11 21:13:44.614 I/liblog  ( 1119): 3
10-11 21:13:44.614 I/fsck_msdos( 1119): Attempting to allocate 1936 KB for FAT
10-11 21:13:44.700 E/NetdConnector( 2110): NDC Command {7 bandwidth enable} took too long (2078ms)
10-11 21:13:44.774 I/iptables( 1133): iptables: No chain/target/match by that name.
10-11 21:13:44.781 I/iptables( 1133): iptables terminated by exit(1)
10-11 21:13:44.781 E/Netd    ( 1133): exec() res=0, status=256 for /system/bin/iptables -w -F st_penalty_log 
10-11 21:13:44.805 I/ip6tables( 1133): ip6tables: No chain/target/match by that name.
10-11 21:13:44.809 I/chatty  ( 2110): uid=1000 system_server expire 37 lines
10-11 21:13:44.812 I/ip6tables( 1133): ip6tables terminated by exit(1)
10-11 21:13:44.812 E/Netd    ( 1133): exec() res=0, status=256 for /system/bin/ip6tables -w -F st_penalty_log 
10-11 21:13:44.818 I/fsck_msdos( 1119): ** Phase 2 - Check Cluster Chains
10-11 21:13:44.832 I/iptables( 1133): iptables: No chain/target/match by that name.
10-11 21:13:44.838 I/iptables( 1133): iptables terminated by exit(1)
10-11 21:13:44.838 E/Netd    ( 1133): exec() res=0, status=256 for /system/bin/iptables -w -F st_penalty_reject 
10-11 21:13:44.860 I/ip6tables( 1133): ip6tables: No chain/target/match by that name.
10-11 21:13:44.866 I/ip6tables( 1133): ip6tables terminated by exit(1)
10-11 21:13:44.867 E/Netd    ( 1133): exec() res=0, status=256 for /system/bin/ip6tables -w -F st_penalty_reject 
10-11 21:13:44.886 I/iptables( 1133): iptables: No chain/target/match by that name.
10-11 21:13:44.893 I/iptables( 1133): iptables terminated by exit(1)
10-11 21:13:44.893 E/Netd    ( 1133): exec() res=0, status=256 for /system/bin/iptables -w -F st_clear_caught 
10-11 21:13:44.906 I/fsck_msdos( 1119): ** Phase 3 - Checking Directories
10-11 21:13:44.906 I/fsck_msdos( 1119): ** Phase 4 - Checking for Lost Files
10-11 21:13:44.914 I/ip6tables( 1133): ip6tables: No chain/target/match by that name.
10-11 21:13:44.921 I/ip6tables( 1133): ip6tables terminated by exit(1)
10-11 21:13:44.921 E/Netd    ( 1133): exec() res=0, status=256 for /system/bin/ip6tables -w -F st_clear_caught 
10-11 21:13:44.936 I/fsck_msdos( 1119): 10 files, 1096520 free (274130 clusters)
10-11 21:13:44.941 I/iptables( 1133): iptables: No chain/target/match by that name.
10-11 21:13:44.947 I/iptables( 1133): iptables terminated by exit(1)
10-11 21:13:44.948 E/Netd    ( 1133): exec() res=0, status=256 for /system/bin/iptables -w -F st_clear_detect 
10-11 21:13:44.950 E/vold    ( 1119): Failed to setexeccon
10-11 21:13:44.950 I/Vold    ( 1119): Filesystem check completed OK
10-11 21:13:44.950 D/VoldConnector( 2110): RCV <- {656 public:8,1 /mnt/usb/CA13-24D1}
10-11 21:13:44.951 D/VoldConnector( 2110): RCV <- {655 public:8,1 /mnt/usb/CA13-24D1}
10-11 21:13:44.952 E/Ntfs    ( 1119): /dev/block/vold/public:8,1 appears to be a read only filesystem - retrying mount RO
10-11 21:13:44.965 I/ip6tables( 1133): ip6tables: No chain/target/match by that name.
10-11 21:13:44.971 I/ip6tables( 1133): ip6tables terminated by exit(1)
10-11 21:13:44.972 E/Netd    ( 1133): exec() res=0, status=256 for /system/bin/ip6tables -w -F st_clear_detect 
10-11 21:13:44.987 I/iptables( 1133): iptables: No chain/target/match by that name.
10-11 21:13:44.995 I/iptables( 1133): iptables terminated by exit(1)
10-11 21:13:44.995 E/Netd    ( 1133): exec() res=0, status=256 for /system/bin/iptables -w -X st_penalty_log 
10-11 21:13:44.996 E/vold    ( 1119): /dev/block/vold/public:8,1 failed to mount via NTFS (Invalid argument)
10-11 21:13:45.005 D/VoldConnector( 2110): RCV <- {654 public:8,1 qwe        }
10-11 21:13:45.006 D/VoldConnector( 2110): RCV <- {651 public:8,1 2}
10-11 21:13:45.006 D/VoldConnector( 2110): RCV <- {200 5 Command succeeded}
10-11 21:13:45.006 E/VoldConnector( 2110): NDC Command {5 volume mount public:8,1 0 0} took too long (1057ms)
10-11 21:13:45.018 I/ip6tables( 1133): ip6tables: No chain/target/match by that name.
10-11 21:13:45.025 I/ip6tables( 1133): ip6tables terminated by exit(1)
10-11 21:13:45.025 E/Netd    ( 1133): exec() res=0, status=256 for /system/bin/ip6tables -w -X st_penalty_log 
10-11 21:13:45.041 I/iptables( 1133): iptables: No chain/target/match by that name.
10-11 21:13:45.042 I/iptables( 1133): iptables terminated by exit(1)
10-11 21:13:45.042 E/Netd    ( 1133): exec() res=0, status=256 for /system/bin/iptables -w -X st_penalty_reject 
10-11 21:13:45.058 I/ip6tables( 1133): ip6tables: No chain/target/match by that name.
10-11 21:13:45.059 I/ip6tables( 1133): ip6tables terminated by exit(1)
10-11 21:13:45.059 E/Netd    ( 1133): exec() res=0, status=256 for /system/bin/ip6tables -w -X st_penalty_reject 
10-11 21:13:45.074 I/iptables( 1133): iptables: No chain/target/match by that name.
10-11 21:13:45.079 I/iptables( 1133): iptables terminated by exit(1)
10-11 21:13:45.079 E/Netd    ( 1133): exec() res=0, status=256 for /system/bin/iptables -w -X st_clear_caught 
10-11 21:13:45.095 I/ip6tables( 1133): ip6tables: No chain/target/match by that name.
10-11 21:13:45.101 I/ip6tables( 1133): ip6tables terminated by exit(1)
10-11 21:13:45.101 E/Netd    ( 1133): exec() res=0, status=256 for /system/bin/ip6tables -w -X st_clear_caught 
10-11 21:13:45.117 I/iptables( 1133): iptables: No chain/target/match by that name.
10-11 21:13:45.121 I/iptables( 1133): iptables terminated by exit(1)
10-11 21:13:45.122 E/Netd    ( 1133): exec() res=0, status=256 for /system/bin/iptables -w -X st_clear_detect 
10-11 21:13:45.137 I/ip6tables( 1133): ip6tables: No chain/target/match by that name.
10-11 21:13:45.143 I/ip6tables( 1133): ip6tables terminated by exit(1)
10-11 21:13:45.144 E/Netd    ( 1133): exec() res=0, status=256 for /system/bin/ip6tables -w -X st_clear_detect 
10-11 21:13:45.362 I/tvos    ( 1490): 3 --> E_VDP_DECODE_STATE_STOP
10-11 21:13:45.362 I/tvos    ( 1490): MM pause in EOS!!!Pause
10-11 21:13:45.365 I/tvos    ( 1490): Send Decode done.
10-11 21:13:45.365 I/tvos    ( 1490): E_MMSDK_CALLBACK_DECODE_DONE
10-11 21:13:45.619 W/DIPC    ( 1160): ---InitTravelingMode:9104[2] start, Para=0xd802000(Addr), 0x3f4800, 32, 3(enTravelingSource), 0(bOSD), 1920, 1080, 0(Format), 0(frame rate X10),        3840(MemoryPitch), CustCapWin[x:y=0:0 w:h=0:0], Win=0, src:Main[34], Sub[44], Current[34]
10-11 21:13:45.619 W/DIPC    ( 1160): [2]Memory config: addr=0xd802000, set size=0x3f4800, current size=3f4800
10-11 21:13:45.620 I/tvos    ( 1490): [DIP API][Utopia]: 
10-11 21:13:45.621 I/tvos    ( 1490): [DIP INFO] dip open[DIP API][Utopia]: MDrv_CMD_DIP_GET_RESOURCE[1]   start
10-11 21:13:45.621 I/tvos    ( 1490): [DIP API][Utopia]: MDrv_CMD_DIP_GET_RESOURCE[1]   end
10-11 21:13:45.622 I/tvos    ( 1490): [DIP API][Utopia]: DIP already Opened
10-11 21:13:45.623 W/DIPC    ( 1160): SetTravelingFRC:8193 bCaptureIP=0, PipMode=0, u16InputVFreq=598, XC Input/Output=598/5980, I=0, DIPFrcRatio=1
10-11 21:13:45.623 W/DIPC    ( 1160): SetTravelingFRC:8210 Final DIPFrcRatio=1, DIPFramerate 0,request framerate 598
10-11 21:13:45.624 W/DIPC    ( 1160): cust window parameter is negative
10-11 21:13:45.624 W/DIPC    ( 1160): TravelingSetCSC:8049 DIPFormat=0,bInputYUV=0 Config XC CSC manually
10-11 21:13:45.625 W/DIPC    ( 1160): SetTravelingConfig:7662 ,DIP capture window x,y,w,h=0,0,3840,2160, interlace=0,captureStage=6
10-11 21:13:45.625 W/DIPC    ( 1160): SetTravelingConfig:7664 Traveling bOSD=0, DIP Ouput=1920x1080
10-11 21:13:45.625 W/DIPC    ( 1160): [SetTravelingConfig 7701]DIP MemoryPitch = 3840
10-11 21:13:45.625 W/DIPC    ( 1160): SetTravelingConfig:7745 SetDIPWindow x,y,w,h=0,0,3840,2160
10-11 21:13:45.625 W/DIPC    ( 1160): SetTravelingConfig:7746 PreScalingH[1] src,dst =3840,1920
10-11 21:13:45.626 W/DIPC    ( 1160): SetTravelingConfig:7747 PreScalingV[1] src,dst =2160,1080
10-11 21:13:45.626 W/DIPC    ( 1160): SetTravelingConfig:7847, HMirror=0   VMirror=0
10-11 21:13:45.626 W/DIPC    ( 1160): TravelingAllocateMemory:7932 : Allocate Condition: Mirror=0,0, I=0, TravelingPitch=3840, DIPPitch=3840, BytePer2Pixel=4, DIP OutPut=1920x1080@0, TravelingOutPut=1920x1080@0
10-11 21:13:45.626 W/DIPC    ( 1160): TravelingAllocateMemory:8040 : Allocate Result: DIPAddr=0xd802000, DIPSize=0x3f4800, DIPBufCnt=1, DIPFrameSize=4147200, bGEScaling=0, GEAddr0=0x0, GEBufCnt=0,GEFrameSize=0
10-11 21:13:45.626 W/DIPC    ( 1160): SetTravelingConfig:7907, MemoryPitch=3840, DIP bufcount=1, output w,h=1920,1080
10-11 21:13:45.627 W/DIPC    ( 1160): ---InitTravelingMode:9515[2] end : bMirrorH=0, bMirrorV=0, m_bNeedGEScaling[enEngineType]=0
10-11 21:13:45.627 I/tvos    ( 1490): [1;31m[AUTO_TEST][channel change]: Capture Screen Begin [PIU][27242][0m
10-11 21:13:45.627 W/DIPC    ( 1160): ---StartTravelingMode:9528[2] start
10-11 21:13:45.627 W/DIPC    ( 1160): ---EnableTravelingMute:7483[2] start, mute=0
10-11 21:13:45.627 W/DIPC    ( 1160): [ThreadHandleMemoryConfigChange][10289] is need GE scaling 0
10-11 21:13:45.628 W/DIPC    ( 1160): ---EnableTravelingMute:7601[2] end, bRet=1 
10-11 21:13:45.628 W/DIPC    ( 1160): ---StartTravelingMode:9616[2] end, bRet=1 
10-11 21:13:45.652 W/DIPC    ( 1160): ---EnableTravelingMute:7483[2] start, mute=1
10-11 21:13:45.653 W/DIPC    ( 1160): ---EnableTravelingMute:7601[2] end, bRet=1 
10-11 21:13:45.653 W/DIPC    ( 1160): ---StopTravelingMode:9642[2] bRet=1
10-11 21:13:45.663 I/tvos    ( 1490): [1;31m[AUTO_TEST][channel change]: Capture Screen done [PIU][27267][0m
10-11 21:13:45.669 I/tvos    ( 1490): [1;31m[AUTO_TEST][channel change]: Show Freeze Image [PIU][27284][0m
10-11 21:13:45.670 W/DIPC    ( 1160): Try StopTravelingMode, but traveling not Started yet.
10-11 21:13:45.670 W/DIPC    ( 1160): ---FinalizeTravelingMode:9670[2] start
10-11 21:13:45.670 W/DIPC    ( 1160): Try StopTravelingMode, but traveling not Started yet.
10-11 21:13:45.670 W/DIPC    ( 1160): [DIPC][DestroyTravelingReceiveDataMonitor][10385] start...
10-11 21:13:45.670 I/tvos    ( 1490): [DIPC][TravelingReceiveDataMonitor 10519] Traveling memory manager task exit
10-11 21:13:45.670 I/tvos    ( 1490): [DIPC][DestroyTravelingReceiveDataMonitor 10434](*ListSendMemoryPool):not empty, item num 0
10-11 21:13:45.670 W/DIPC    ( 1160): [DIPC][DestroyTravelingReceiveDataMonitor][10438] end...
10-11 21:13:45.670 W/DIPC    ( 1160): [DIPC][DestroyTravelingSendDataMonitor][10445] start...
10-11 21:13:45.671 W/DIPC    ( 1160): [DIPC][DestroyTravelingSendDataMonitor][10467] end...
10-11 21:13:45.671 I/tvos    ( 1490): [DIPC][TravelingSendDataMonitor 10489] Traveling memory manager task exit
10-11 21:13:45.671 I/tvos    ( 1490): [DIP API][Utopia]: DIP already Opened
10-11 21:13:45.671 I/tvos    ( 1490): [DIP API][Utopia]: MDrv_CMD_DIP_RELEASE_RESOURCE[1]   start
10-11 21:13:45.671 I/tvos    ( 1490): [DIP API][Utopia]: MDrv_CMD_DIP_RELEASE_RESOURCE[1]   end
10-11 21:13:45.671 W/DIPC    ( 1160): ---FinalizeTravelingMode:9781[2] end, ret=1
10-11 21:13:45.671 I/tvos    ( 1490): ---------------------- AD_STOP_STOP ----------------------
10-11 21:13:45.672 I/tvos    ( 1490): Please implement PT_Display_MvopSendCommand() to avoid call MDrv_MVOP_SetCommand() directly
10-11 21:13:45.672 I/tvos    ( 1490): Display Msg: 36.
10-11 21:13:45.672 I/tvos    ( 1490): [getPar Err 3528]PAR error
10-11 21:13:45.672 I/tvos    ( 1490): Close window
10-11 21:13:45.672 I/tvos    ( 1490): Enter SetVideoMute ====bEnable[1]===>
10-11 21:13:45.672 I/tvos    ( 1490): =============
10-11 21:13:45.672 W/VIDEO   ( 1160): [36m Mute Engine is 0, engine is 0 [m
10-11 21:13:45.672 W/VIDEO   ( 1160): Lock Status: APP:UNLOCK, RESERVE_1:UNLOCK, RESERVE_2:UNLOCK, RESERVE_3:UNLOCK
10-11 21:13:45.672 W/VIDEO   ( 1160): enScalerWinType: MAIN, isLock: 0
10-11 21:13:45.672 W/VIDEO   ( 1160): bEnable: 1, getMuteFlag(engine, eWin): 0, 
10-11 21:13:45.672 W/VIDEO   ( 1160): BACKEND engine is 0
10-11 21:13:45.672 W/VIDEO   ( 1160): BACKEND engine video only is 0
10-11 21:13:45.672 W/VIDEO   ( 1160): SOC engine is 0
10-11 21:13:45.672 W/VIDEO   ( 1160): XC engine (MAIN) is 0
10-11 21:13:45.672 W/VIDEO   ( 1160): XC engine (SUB) is 1
10-11 21:13:45.672 W/VIDEO   ( 1160): Lock Mute Status => 
10-11 21:13:45.672 W/VIDEO   ( 1160): Lock Status: APP:UNLOCK, RESERVE_1:UNLOCK, RESERVE_2:UNLOCK, RESERVE_3:UNLOCK
10-11 21:13:45.673 W/VIDEO   ( 1160): enScalerWinType: MAIN, isLock: 0
10-11 21:13:45.673 W/VIDEO   ( 1160): Lock Status: APP:UNLOCK, RESERVE_1:UNLOCK, RESERVE_2:UNLOCK, RESERVE_3:UNLOCK
10-11 21:13:45.673 W/VIDEO   ( 1160): enScalerWinType: SUB, isLock: 0
10-11 21:13:45.673 W/VIDEO   ( 1160): ==== Increase After ====
10-11 21:13:45.673 W/VIDEO   ( 1160): BACKEND engine is 0
10-11 21:13:45.673 W/VIDEO   ( 1160): BACKEND engine video only is 0
10-11 21:13:45.673 W/VIDEO   ( 1160): SOC engine is 0
10-11 21:13:45.673 W/VIDEO   ( 1160): XC engine (MAIN) is 1
10-11 21:13:45.673 W/VIDEO   ( 1160): XC engine (SUB) is 1
10-11 21:13:45.673 W/VIDEO   ( 1160): Lock Mute Status => 
10-11 21:13:45.673 W/VIDEO   ( 1160): Lock Status: APP:UNLOCK, RESERVE_1:UNLOCK, RESERVE_2:UNLOCK, RESERVE_3:UNLOCK
10-11 21:13:45.673 W/VIDEO   ( 1160): enScalerWinType: MAIN, isLock: 0
10-11 21:13:45.673 W/VIDEO   ( 1160): Lock Status: APP:UNLOCK, RESERVE_1:UNLOCK, RESERVE_2:UNLOCK, RESERVE_3:UNLOCK
10-11 21:13:45.673 W/VIDEO   ( 1160): enScalerWinType: SUB, isLock: 0
10-11 21:13:45.673 W/VIDEO   ( 1160): [Mute By API]MuteEngine: 0, u16WaitToDoTime :0 , tid: 2022 
10-11 21:13:45.674 I/tvos    ( 1490): CECthread
10-11 21:13:45.674 I/tvos    ( 1490): mapi_str::addStrThreadItem ptid=0x878f5460 m_StrThreadItems.size()=8,this=0x1ac0ba0, name=CECMonitor
10-11 21:13:45.687 I/tvos    ( 1490): [CEC] enWakeupSource = 1
10-11 21:13:45.687 I/tvos    ( 1490): [CEC] ================================== 
10-11 21:13:45.687 I/tvos    ( 1490): [CEC] HDMI CEC Version 0x0901
10-11 21:13:45.687 I/tvos    ( 1490): [CEC] ==================================[CEC] MSrv_CEC::Finalize()
10-11 21:13:45.687 I/tvos    ( 1490): ----./src/MSrv_CEC.cpp,Finalize,770------ARC_OFF--------------
10-11 21:13:45.687 I/tvos    ( 1490): mapi_str::removeStrThreadItem ptid=0x878f5460 m_StrThreadItems.size()=7,this=0x1ac0ba0, name=CECMonitor
10-11 21:13:45.702 V/3D      ( 1160): Func: GetCurrent3DFormat()
10-11 21:13:45.702 V/3D      ( 1160): Func: GetCurrent3DFormat() : return current3d=0
10-11 21:13:45.702 V/3D      ( 1160): Func: Enable3D():2952 m_b3DTo2D=0, en3DType=0, b3DDualviewCtrl=0
10-11 21:13:45.703 V/3D      ( 1160): Func: Enable3D():2985 m_b3DTo2D=0, en3DType=0, b3DDualviewCtrl=0
10-11 21:13:45.703 D/3D      ( 1160): Enable3D:3007 Don't need to send same command again! m_enCurrent3DFormat=0
10-11 21:13:45.703 I/tvos    ( 1490): MApp_VDPlayer_Stop(INT)
10-11 21:13:45.713 I/tvos    ( 1490): MApp_VDPlayer_Stop
10-11 21:13:45.713 I/tvos    ( 1490): E_VDP_DECODE_STATE_STOP --> E_VDP_DECODE_STATE_STANDBY
10-11 21:13:45.713 I/tvos    ( 1490): E_VDP_PHASE_DECODE --> E_VDP_PHASE_STOP
10-11 21:13:45.716 I/ActivityManager( 2110): am ---restorePlayerScenes_proxy---bootWhatInt== 61
10-11 21:13:45.716 I/ActivityManager( 2110): am enter  restorePlayerScenes_proxy------ 
10-11 21:13:45.718 E/MediaPlayerService( 1140): mMediaPlayerService stop All Player !!!!!!!!!!
10-11 21:13:45.721 W/ContextImpl( 2110): Calling a method in the system process without a qualified user: android.app.ContextImpl.startActivity:658 com.changhong.tvos.service.imp.TvMiscService.startInputSource:247 com.changhong.tvos.service.imp.TvMiscService.restorePlayerScenes_proxy:463 com.changhong.tvos.service.TvMiscManager.restorePlayerScenes_proxy:4825 com.android.server.am.ActivityManagerService.systemReady:12276 
10-11 21:13:45.721 W/ContextImpl( 2110): Calling a method in the system process without a qualified user: android.app.ContextImpl.startActivity:670 android.app.ContextImpl.startActivity:659 com.changhong.tvos.service.imp.TvMiscService.startInputSource:247 com.changhong.tvos.service.imp.TvMiscService.restorePlayerScenes_proxy:463 com.changhong.tvos.service.TvMiscManager.restorePlayerScenes_proxy:4825 
10-11 21:13:45.722 I/ActivityManager( 2110): START u0 {flg=0x10000000 cmp=com.changhong.tvplayer.activity/.RootActivity (has extras)} from uid 1000 on display 0
10-11 21:13:45.742 I/wm_stack_created( 2110): [1,0,0,0,0]
10-11 21:13:45.748 I/am_home_stack_moved( 2110): [0,0,1,1,startingNewTask]
10-11 21:13:45.752 I/am_create_task( 2110): [0,17]
10-11 21:13:45.753 I/am_create_activity( 2110): [0,52916255,17,com.changhong.tvplayer.activity/.RootActivity,NULL,NULL,NULL,268435456]
10-11 21:13:45.757 I/wm_task_created( 2110): [17,1]
10-11 21:13:45.757 I/wm_task_moved( 2110): [17,1,0]
10-11 21:13:45.785 I/tvos    ( 1490):  ChangHong Debug CurrentInputSource=34 
10-11 21:13:45.794 I/am_proc_start( 2110): [0,2896,1000,com.changhong.tvplayer.activity,activity,com.changhong.tvplayer.activity/.RootActivity]
10-11 21:13:45.794 I/ActivityManager( 2110): Start proc 2896:com.changhong.tvplayer.activity/1000 for activity com.changhong.tvplayer.activity/.RootActivity
10-11 21:13:45.794 I/am_home_stack_moved( 2110): [0,0,1,1,startedActivity setFocusedActivity]
10-11 21:13:45.810 I/wm_task_moved( 2110): [17,1,0]
10-11 21:13:45.813 I/am_focused_activity( 2110): [0,com.changhong.tvplayer.activity/.RootActivity]
10-11 21:13:45.821 W/ProcessCpuTracker( 2110): Skipping unknown process pid 2889
10-11 21:13:45.826 I/am_proc_bound( 2110): [0,2648,com.android.externalstorage]
10-11 21:13:45.835 I/am_proc_bound( 2110): [0,2679,com.changhong.ipptv.sfesitera]
10-11 21:13:45.838 I/am_proc_bound( 2110): [0,2690,com.changhong.autopair]
10-11 21:13:45.845 D/PowerManagerService( 2110): updateUserActivitySummaryLocked: mWakefulness=Awake, mUserActivitySummary=0x1, nextTimeout=2147476647 (in 2147451506 ms)
10-11 21:13:45.845 D/PowerManagerService( 2110): updateDisplayPowerStateLocked: mDisplayReady=true, policy=3, mWakefulness=1, mWakeLockSummary=0x1, mUserActivitySummary=0x1, mBootCompleted=false, mScreenBrightnessBoostInProgress=false
10-11 21:13:45.853 D/PowerManagerService( 2110): updateIsPoweredLocked: wasPowered=true, mIsPowered=true, oldPlugType=1, mPlugType=1, mBatteryLevel=100
10-11 21:13:45.853 I/am_proc_bound( 2110): [0,2659,com.changhong.dmt.upgrade]
10-11 21:13:45.859 D/MountService( 2110): Volume emulated broadcasting mounted to UserHandle{0}
10-11 21:13:45.859 D/MountService( 2110): Volume public:8,1 broadcasting checking to UserHandle{0}
10-11 21:13:45.860 D/MountService( 2110): Volume public:8,1 broadcasting mounted to UserHandle{0}
10-11 21:13:45.864 I/StatusBarManagerService( 2110): registerStatusBar bar=com.android.internal.statusbar.IStatusBar$Stub$Proxy@337a096
10-11 21:13:45.917 I/chatty  ( 2110): uid=1000(system) WifiRttService expire 1 line
10-11 21:13:45.918 W/InputMethodManagerService( 2110): Focus gain on non-focused client android.view.inputmethod.InputMethodManager$1@dfcc30d (uid=1000 pid=2110)
10-11 21:13:45.919 D/PowerManagerService( 2110): updateIsPoweredLocked: wasPowered=true, mIsPowered=true, oldPlugType=1, mPlugType=1, mBatteryLevel=100
10-11 21:13:45.921 I/chatty  ( 2659): uid=1000(system) com.changhong.dmt.upgrade expire 1 line
10-11 21:13:45.953 I/liblog  ( 2690): 1
10-11 21:13:45.953 I/chatty  ( 2690): uid=1000(system) com.changhong.autopair expire 1 line
10-11 21:13:45.983 I/dhcpcd  ( 2340): eth0: offered 192.168.100.208 from 192.168.100.250
10-11 21:13:45.986 I/dhcpcd  ( 2340): eth0: acknowledged 192.168.100.208 from 192.168.100.250
10-11 21:13:45.993 I/chatty  ( 2679): uid=1000(system) com.changhong.ipptv.sfesitera expire 1 line
10-11 21:13:46.009 V/WiredAccessoryManager( 2110): init()
10-11 21:13:46.010 D/PowerManagerService( 2110): releaseWakeLockInternal: lock=90594053 [WiredAccessoryManager], flags=0x0
10-11 21:13:46.010 D/PowerManagerService( 2110): updateWakeLockSummaryLocked: mWakefulness=Awake, mWakeLockSummary=0x0
10-11 21:13:46.011 D/PowerManagerService( 2110): updateUserActivitySummaryLocked: mWakefulness=Awake, mUserActivitySummary=0x1, nextTimeout=2147476647 (in 2147451340 ms)
10-11 21:13:46.011 D/PowerManagerService( 2110): updateDisplayPowerStateLocked: mDisplayReady=true, policy=3, mWakefulness=1, mWakeLockSummary=0x0, mUserActivitySummary=0x1, mBootCompleted=false, mScreenBrightnessBoostInProgress=false
10-11 21:13:46.011 D/PowerManagerService( 2110): Releasing suspend blocker "PowerManagerService.WakeLocks".
10-11 21:13:46.014 I/tvos    ( 1490): [VDEC][Utopia]: [VDEC][0]MApi_CMA_Pool_PutMem0 in vdec: cmaFreeParam.pool_handle_id=13, cmaFreeParam.offset_in_pool=0, cmaFreeParam.length=8200000
10-11 21:13:46.014 I/tvos    ( 1490): E_VDP_PHASE_STOP --> E_VDP_PHASE_STANDBY
10-11 21:13:46.015 I/tvos    ( 1490): Error code 0; Stop Pos:0x0de1ba Time:9976
10-11 21:13:46.018 I/am_proc_bound( 2110): [0,2896,com.changhong.tvplayer.activity]
10-11 21:13:46.018 I/tvos    ( 1490): Get MB_VDPLAYER_STOP command.
10-11 21:13:46.023 I/am_restart_activity( 2110): [0,52916255,17,com.changhong.tvplayer.activity/.RootActivity]
10-11 21:13:46.024 I/dhcpcd  ( 2340): eth0: leased 192.168.100.208 for 43200 seconds
10-11 21:13:46.044 W/VIDEO   ( 1160): [36m Mute Engine is 0, engine is 0 [m
10-11 21:13:46.044 W/VIDEO   ( 1160): bEnable: 1, getMuteFlag(engine, eWin): 1, 
10-11 21:13:46.044 W/VIDEO   ( 1160): BACKEND engine is 0
10-11 21:13:46.044 W/VIDEO   ( 1160): BACKEND engine video only is 0
10-11 21:13:46.044 W/VIDEO   ( 1160): SOC engine is 0
10-11 21:13:46.044 W/VIDEO   ( 1160): XC engine (MAIN) is 1
10-11 21:13:46.044 W/VIDEO   ( 1160): XC engine (SUB) is 1
10-11 21:13:46.044 W/VIDEO   ( 1160): Lock Mute Status => 
10-11 21:13:46.044 W/VIDEO   ( 1160): Lock Status: APP:UNLOCK, RESERVE_1:UNLOCK, RESERVE_2:UNLOCK, RESERVE_3:UNLOCK
10-11 21:13:46.044 W/VIDEO   ( 1160): enScalerWinType: MAIN, isLock: 0
10-11 21:13:46.044 W/VIDEO   ( 1160): Lock Status: APP:UNLOCK, RESERVE_1:UNLOCK, RESERVE_2:UNLOCK, RESERVE_3:UNLOCK
10-11 21:13:46.044 W/VIDEO   ( 1160): enScalerWinType: SUB, isLock: 0
10-11 21:13:46.044 W/VIDEO   ( 1160): ==== Increase After ====
10-11 21:13:46.044 W/VIDEO   ( 1160): BACKEND engine is 0
10-11 21:13:46.044 W/VIDEO   ( 1160): BACKEND engine video only is 0
10-11 21:13:46.044 W/VIDEO   ( 1160): SOC engine is 0
10-11 21:13:46.044 W/VIDEO   ( 1160): XC engine (MAIN) is 1
10-11 21:13:46.044 W/VIDEO   ( 1160): XC engine (SUB) is 1
10-11 21:13:46.044 W/VIDEO   ( 1160): Lock Mute Status => 
10-11 21:13:46.044 W/VIDEO   ( 1160): Lock Status: APP:UNLOCK, RESERVE_1:UNLOCK, RESERVE_2:UNLOCK, RESERVE_3:UNLOCK
10-11 21:13:46.044 W/VIDEO   ( 1160): enScalerWinType: MAIN, isLock: 0
10-11 21:13:46.044 W/VIDEO   ( 1160): Lock Status: APP:UNLOCK, RESERVE_1:UNLOCK, RESERVE_2:UNLOCK, RESERVE_3:UNLOCK
10-11 21:13:46.044 W/VIDEO   ( 1160): enScalerWinType: SUB, isLock: 0
10-11 21:13:46.044 V/3D      ( 1160): Func: GetCurrent3DFormat()
10-11 21:13:46.044 V/3D      ( 1160): Func: GetCurrent3DFormat() : return current3d=0
10-11 21:13:46.044 V/3D      ( 1160): Func: Enable3D():2952 m_b3DTo2D=0, en3DType=0, b3DDualviewCtrl=0
10-11 21:13:46.045 I/tvos    ( 1490): Sbtitle de-init: 0x0.
10-11 21:13:46.045 I/tvos    ( 1490): UnMap PA:0X0A800000 Size:0X01000000
10-11 21:13:46.045 I/tvos    ( 1490): UnMap PA:0X0B800000 Size:0X00800000
10-11 21:13:46.045 I/tvos    ( 1490): UnMap PA:0X1D200000 Size:0X002E0000
10-11 21:13:46.045 I/tvos    ( 1490): Enter SetVideoMute ====bEnable[1]===>
10-11 21:13:46.045 I/tvos    ( 1490): =============
10-11 21:13:46.052 I/ActivityManager( 2110): TR2) TaskRecord{8e227e9 #17 A=com.changhong.tvplayer.activity U=0 sz=1}
10-11 21:13:46.053 I/ActivityManager( 2110): TR1) TaskRecord{7aa2c6e #15 A=com.changhong.setting U=0 sz=0}
10-11 21:13:46.117 V/KeyValueBackupJob( 2110): Scheduling k/v pass in 242 minutes
10-11 21:13:46.266 E/NetdConnector( 2110): NDC Command {8 strict enable} took too long (1565ms)
10-11 21:13:46.302 I/ActivityManager( 2110): accel TR2) TaskRecord{8e227e9 #17 A=com.changhong.tvplayer.activity U=0 sz=1}
10-11 21:13:46.302 I/ActivityManager( 2110): accel TR1) TaskRecord{7aa2c6e #15 A=com.changhong.setting U=0 sz=0}
10-11 21:13:46.302 V/ActivityManager( 2110): unmatched pkg name=com.changhong.tvplayer.activity
10-11 21:13:46.318 D/PowerManagerService( 2110): updateUserActivitySummaryLocked: mWakefulness=Awake, mUserActivitySummary=0x1, nextTimeout=2147476647 (in 2147451034 ms)
10-11 21:13:46.318 D/PowerManagerService( 2110): updateDisplayPowerStateLocked: mDisplayReady=true, policy=3, mWakefulness=1, mWakeLockSummary=0x0, mUserActivitySummary=0x1, mBootCompleted=false, mScreenBrightnessBoostInProgress=false
10-11 21:13:46.361 I/chatty  ( 2896): uid=1000(system) com.changhong.tvplayer.activity expire 209 lines
10-11 21:13:46.379 I/chatty  ( 1131): uid=1000(system) Binder_1 expire 1 line
10-11 21:13:46.383 I/audio_hw_primary( 1140): adev_create_audio_patch::mix->device 
10-11 21:13:46.383 I/audio_hw_primary( 1140): adev_create_audio_patch *handle=-1196825736 num_audio_patch=1
10-11 21:13:46.384 D/PowerManagerService( 2110): acquireWakeLockInternal: lock=261938835, flags=0x1, tag="AudioMix", ws=null, uid=1013, pid=0
10-11 21:13:46.384 D/PowerManagerService( 2110): updateWakeLockSummaryLocked: mWakefulness=Awake, mWakeLockSummary=0x1
10-11 21:13:46.384 D/PowerManagerService( 2110): updateUserActivitySummaryLocked: mWakefulness=Awake, mUserActivitySummary=0x1, nextTimeout=2147476647 (in 2147450967 ms)
10-11 21:13:46.384 D/PowerManagerService( 2110): updateDisplayPowerStateLocked: mDisplayReady=true, policy=3, mWakefulness=1, mWakeLockSummary=0x1, mUserActivitySummary=0x1, mBootCompleted=false, mScreenBrightnessBoostInProgress=false
10-11 21:13:46.384 D/PowerManagerService( 2110): Acquiring suspend blocker "PowerManagerService.WakeLocks".
10-11 21:13:46.385 D/PowerManagerService( 2110): updateWakeLockWorkSourceInternal: lock=261938835 [AudioMix], ws=null
10-11 21:13:46.389 I/audio_hw_primary( 1140): Android haven't boot completed, so don't set tv volume!
10-11 21:13:46.391 I/audio_hw_primary( 1140): Android haven't boot completed, so don't set tv volume!
10-11 21:13:46.405 V/3D      ( 1160): Func: Enable3D():2985 m_b3DTo2D=0, en3DType=0, b3DDualviewCtrl=0
10-11 21:13:46.406 D/3D      ( 1160): Enable3D:3007 Don't need to send same command again! m_enCurrent3DFormat=0
10-11 21:13:46.406 W/VIDEO   ( 1160): [36m Mute Engine is 0, engine is 0 [m
10-11 21:13:46.406 W/VIDEO   ( 1160): bEnable: 1, getMuteFlag(engine, eWin): 1, 
10-11 21:13:46.406 W/VIDEO   ( 1160): BACKEND engine is 0
10-11 21:13:46.406 W/VIDEO   ( 1160): BACKEND engine video only is 0
10-11 21:13:46.406 W/VIDEO   ( 1160): SOC engine is 0
10-11 21:13:46.406 W/VIDEO   ( 1160): XC engine (MAIN) is 1
10-11 21:13:46.406 W/VIDEO   ( 1160): XC engine (SUB) is 1
10-11 21:13:46.406 W/VIDEO   ( 1160): Lock Mute Status => 
10-11 21:13:46.406 W/VIDEO   ( 1160): Lock Status: APP:UNLOCK, RESERVE_1:UNLOCK, RESERVE_2:UNLOCK, RESERVE_3:UNLOCK
10-11 21:13:46.406 W/VIDEO   ( 1160): enScalerWinType: MAIN, isLock: 0
10-11 21:13:46.406 W/VIDEO   ( 1160): Lock Status: APP:UNLOCK, RESERVE_1:UNLOCK, RESERVE_2:UNLOCK, RESERVE_3:UNLOCK
