10-11 21:13:36.792 E/AudioFlinger( 1140): int android::load_audio_interface(const char*, audio_hw_device_t**) couldn't load audio hw module audio.a2dp (No such file or directory)
10-11 21:13:36.792 I/AudioFlinger( 1140): loadHwModule() error -2 loading module a2dp 
10-11 21:13:36.792 W/APM::AudioPolicyManager( 1140): could not open HW module a2dp
10-11 21:13:36.792 E/AudioFlinger( 1140): int android::load_audio_interface(const char*, audio_hw_device_t**) couldn't load audio hw module audio.mvs (No such file or directory)
10-11 21:13:36.792 I/AudioFlinger( 1140): loadHwModule() error -2 loading module mvs 
10-11 21:13:36.792 W/APM::AudioPolicyManager( 1140): could not open HW module mvs
10-11 21:13:36.793 E/AudioFlinger( 1140): int android::load_audio_interface(const char*, audio_hw_device_t**) couldn't load audio hw module audio.r_submix (No such file or directory)
10-11 21:13:36.793 I/AudioFlinger( 1140): loadHwModule() error -2 loading module r_submix 
10-11 21:13:36.793 W/APM::AudioPolicyManager( 1140): could not open HW module r_submix
10-11 21:13:36.793 W/APM::AudioPolicyManager( 1140): Input device 01000000 unreachable
10-11 21:13:36.793 W/APM::AudioPolicyManager( 1140): Input device 08000000 unreachable
10-11 21:13:36.793 W/APM::AudioPolicyManager( 1140): Input device 10000000 unreachable
10-11 21:13:36.795 E/SoundTriggerHwService( 1140): couldn't load sound trigger module sound_trigger.primary (No such file or directory)
10-11 21:13:36.796 I/RadioService( 1140): RadioService
10-11 21:13:36.796 I/RadioService( 1140): onFirstRef
10-11 21:13:36.796 E/RadioService( 1140): couldn't load radio module radio.primary (No such file or directory)
10-11 21:13:36.882 I/tvos    ( 1490): FrmCnt:65(0,0,0) Rate:28 Sys:16178 STC:1514 VPTS:1501 APTS:1512 Delay:20(33) V:237 A:308 VES:0x91f0b AES:0x1e755 PCM:0x2cfd0 AudioErr:0x0 Vptr(R,W):(cc4da,15e3e5)
10-11 21:13:36.944 W/PackageParser( 2110): Ignoring duplicate uses-permissions/uses-permissions-sdk-m: android.permission.SYSTEM_ALERT_WINDOW in package: com.changhong.ipptv.sfesitera at: Binary XML file line #26
10-11 21:13:36.945 W/PackageParser( 2110): Ignoring duplicate uses-permissions/uses-permissions-sdk-m: android.permission.CHANGE_CONFIGURATION in package: com.changhong.ipptv.sfesitera at: Binary XML file line #27
10-11 21:13:36.945 W/PackageParser( 2110): Ignoring duplicate uses-permissions/uses-permissions-sdk-m: android.permission.WAKE_LOCK in package: com.changhong.ipptv.sfesitera at: Binary XML file line #29
10-11 21:13:36.945 W/PackageParser( 2110): Ignoring duplicate uses-permissions/uses-permissions-sdk-m: android.permission.SYSTEM_ALERT_WINDOW in package: com.changhong.ipptv.sfesitera at: Binary XML file line #32
10-11 21:13:36.945 W/PackageParser( 2110): Ignoring duplicate uses-permissions/uses-permissions-sdk-m: android.permission.WRITE_SETTINGS in package: com.changhong.ipptv.sfesitera at: Binary XML file line #33
10-11 21:13:36.945 W/PackageParser( 2110): Ignoring duplicate uses-permissions/uses-permissions-sdk-m: android.permission.WAKE_LOCK in package: com.changhong.ipptv.sfesitera at: Binary XML file line #36
10-11 21:13:36.945 W/PackageParser( 2110): Ignoring duplicate uses-permissions/uses-permissions-sdk-m: android.permission.ACCESS_LOCATION_EXTRA_COMMANDS in package: com.changhong.ipptv.sfesitera at: Binary XML file line #37
10-11 21:13:36.945 W/PackageParser( 2110): Ignoring duplicate uses-permissions/uses-permissions-sdk-m: android.permission.MOUNT_UNMOUNT_FILESYSTEMS in package: com.changhong.ipptv.sfesitera at: Binary XML file line #38
10-11 21:13:36.946 W/PackageParser( 2110): Ignoring duplicate uses-permissions/uses-permissions-sdk-m: android.permission.SYSTEM_ALERT_WINDOW in package: com.changhong.ipptv.sfesitera at: Binary XML file line #39
10-11 21:13:36.946 W/PackageParser( 2110): Unknown element under <manifest>: uses_permission at /system/app/iSmart/iSmart.apk Binary XML file line #41
10-11 21:13:36.946 W/PackageParser( 2110): Ignoring duplicate uses-permissions/uses-permissions-sdk-m: android.permission.SETTINGS in package: com.changhong.ipptv.sfesitera at: Binary XML file line #43
10-11 21:13:36.946 W/PackageParser( 2110): Ignoring duplicate uses-permissions/uses-permissions-sdk-m: android.permission.ACCESS_NETWORK_STATE in package: com.changhong.ipptv.sfesitera at: Binary XML file line #47
10-11 21:13:36.946 W/PackageParser( 2110): Ignoring duplicate uses-permissions/uses-permissions-sdk-m: android.permission.MOUNT_UNMOUNT_FILESYSTEMS in package: com.changhong.ipptv.sfesitera at: Binary XML file line #50
10-11 21:13:36.947 W/PackageParser( 2110): Ignoring duplicate uses-permissions/uses-permissions-sdk-m: android.permission.ACCESS_LOCATION_EXTRA_COMMANDS in package: com.changhong.ipptv.sfesitera at: Binary XML file line #58
10-11 21:13:36.947 W/PackageParser( 2110): Ignoring duplicate uses-permissions/uses-permissions-sdk-m: android.permission.SETTINGS in package: com.changhong.ipptv.sfesitera at: Binary XML file line #59
10-11 21:13:36.982 I/boot_progress_pms_data_scan_start( 2110): 16278
10-11 21:13:36.984 E/PackageManager( 2110): updateAllSharedLibrariesLPw failed: Package com.changhong.ipptv.sfesitera requires unavailable shared library com.mediatek.mmp; failing!
10-11 21:13:36.984 I/PackageManager( 2110): Adjusting ABI for : com.changhong.chistory to armeabi
10-11 21:13:36.987 I/PackageManager( 2110): Adjusting ABI for : com.changhong.ch_wizard to armeabi
10-11 21:13:36.987 I/PackageManager( 2110): Adjusting ABI for : com.changhong.mmp.imageplayer to armeabi
10-11 21:13:36.988 I/PackageManager( 2110): Adjusting ABI for : com.changhong.multiwindow to armeabi
10-11 21:13:36.988 I/PackageManager( 2110): Adjusting ABI for : com.android.providers.settings to armeabi
10-11 21:13:36.988 I/PackageManager( 2110): Adjusting ABI for : com.android.settings to armeabi
10-11 21:13:36.989 I/PackageManager( 2110): Adjusting ABI for : com.android.inputdevices to armeabi
10-11 21:13:36.989 I/PackageManager( 2110): Adjusting ABI for : com.changhong.overseasInspection to armeabi
10-11 21:13:36.990 I/PackageManager( 2110): Adjusting ABI for : com.changhong.setting to armeabi
10-11 21:13:36.990 I/PackageManager( 2110): Adjusting ABI for : com.mstar.android.providers.tv to armeabi
10-11 21:13:36.990 I/PackageManager( 2110): Adjusting ABI for : com.changhong.minilauncher to armeabi
10-11 21:13:36.991 I/PackageManager( 2110): Adjusting ABI for : com.changhong.autopair to armeabi
10-11 21:13:36.991 I/PackageManager( 2110): Adjusting ABI for : com.mstar.miscsetting to armeabi
10-11 21:13:36.991 I/PackageManager( 2110): Adjusting ABI for : com.changhong.camera to armeabi
10-11 21:13:36.992 I/PackageManager( 2110): Adjusting ABI for : com.changhong.system.eyeshield to armeabi
10-11 21:13:36.992 I/PackageManager( 2110): Adjusting ABI for : com.changhong.tvmanager to armeabi
10-11 21:13:36.992 I/PackageManager( 2110): Adjusting ABI for : com.changhong.tvplayer.activity to armeabi
10-11 21:13:36.993 I/PackageManager( 2110): Adjusting ABI for : com.changhong.storeshow to armeabi
10-11 21:13:36.993 I/PackageManager( 2110): Adjusting ABI for : com.changhong.systemupgrade to armeabi
10-11 21:13:36.993 I/PackageManager( 2110): Adjusting ABI for : com.changhong.dmt.upgrade to armeabi
10-11 21:13:36.994 I/PackageManager( 2110): Adjusting ABI for : com.changhong.factory to armeabi
10-11 21:13:36.994 I/PackageManager( 2110): Adjusting ABI for : com.android.keychain to armeabi
10-11 21:13:36.995 I/PackageManager( 2110): Adjusting ABI for : com.changhong.upgradechiq.sfesitera to armeabi
10-11 21:13:36.997 I/boot_progress_pms_scan_end( 2110): 16292
10-11 21:13:36.997 I/PackageManager( 2110): Time to scan packages: 1.708 seconds
10-11 21:13:36.999 W/PackageManager( 2110): Unknown permission com.changhong.system.storeapp.activity.permission.READ_SETTINGS in package com.changhong.tvmanager
10-11 21:13:36.999 W/PackageManager( 2110): Unknown permission com.changhong.system.storeapp.activity.permission.WRITE_SETTINGS in package com.changhong.tvmanager
10-11 21:13:37.002 W/PackageManager( 2110): Unknown permission android.permission.READ_SETTINGS in package com.changhong.inface.net.wfd
10-11 21:13:37.002 W/PackageManager( 2110): Unknown permission com.htv.mytv.content.permission.READ_SETTINGS in package com.changhong.minilauncher
10-11 21:13:37.003 W/PackageManager( 2110): Unknown permission com.htv.mytv.content.permission.WRITE_SETTINGS in package com.changhong.minilauncher
10-11 21:13:37.003 W/PackageManager( 2110): Unknown permission android.permission.SETTINGS in package com.changhong.minilauncher
10-11 21:13:37.003 W/PackageManager( 2110): Unknown permission com.android.launcher.permission.READ_SETTINGS in package com.changhong.minilauncher
10-11 21:13:37.003 W/PackageManager( 2110): Unknown permission com.android.launcher.permission.WRITE_SETTINGS in package com.changhong.minilauncher
10-11 21:13:37.003 W/PackageManager( 2110): Unknown permission android.permission.SETTINGS in package com.changhong.factory
10-11 21:13:37.003 W/PackageManager( 2110): Unknown permission com.google.android.sss.permission.SECOND_SCREEN_SETUP in package com.google.android.gsf.notouch
10-11 21:13:37.003 W/PackageManager( 2110): Unknown permission android.permission.READ_SECURE_SETTINGS in package com.changhong.dmt.upgrade
10-11 21:13:37.003 W/PackageManager( 2110): Unknown permission android.permission.READ_SETTINGS in package com.changhong.dmt.upgrade
10-11 21:13:37.003 W/PackageManager( 2110): Unknown permission com.changhong.system.storeapp.activity.permission.READ_SETTINGS in package com.changhong.upgrade
10-11 21:13:37.003 W/PackageManager( 2110): Unknown permission com.changhong.system.storeapp.activity.permission.WRITE_SETTINGS in package com.changhong.upgrade
10-11 21:13:37.003 W/PackageManager( 2110): Unknown permission android.permission.PERMISSION_NAME in package com.changhong.ipptv.sfesitera
10-11 21:13:37.004 W/PackageManager( 2110): Unknown permission android.permission.SETTINGS in package com.changhong.ipptv.sfesitera
10-11 21:13:37.004 W/PackageManager( 2110): Unknown permission android.permission.SETTINGS in package com.changhong.ipc
10-11 21:13:37.004 W/PackageManager( 2110): Not granting permission android.permission.CONTROL_KEYGUARD to package com.google.android.gsf.login (protectionLevel=2 flags=0x3048be45)
10-11 21:13:37.004 W/PackageManager( 2110): Unknown permission com.android.vending.billing.BILLING_ACCOUNT_SERVICE in package com.google.android.gsf.login
10-11 21:13:37.005 W/PackageManager( 2110): Unknown permission com.android.vending.billing.ADD_CREDIT_CARD in package com.google.android.gsf.login
10-11 21:13:37.005 W/PackageManager( 2110): Unknown permission com.android.vending.billing.IBillingAccountService.BIND2 in package com.google.android.gsf.login
10-11 21:13:37.005 W/PackageManager( 2110): Unknown permission com.android.vending.TOS_ACKED in package com.google.android.gsf.login
10-11 21:13:37.005 W/PackageManager( 2110): Unknown permission com.android.chrome.TOS_ACKED in package com.google.android.gsf.login
10-11 21:13:37.005 W/PackageManager( 2110): Unknown permission com.android.certinstaller.INSTALL_AS_USER in package com.android.settings
10-11 21:13:37.005 W/PackageManager( 2110): Unknown permission com.android.launcher.permission.READ_SETTINGS in package com.android.settings
10-11 21:13:37.005 W/PackageManager( 2110): Unknown permission com.android.launcher.permission.WRITE_SETTINGS in package com.android.settings
10-11 21:13:37.005 W/PackageManager( 2110): Unknown permission android.permission.ACCESS_DRM in package com.opera.sdk.example
10-11 21:13:37.006 W/PackageManager( 2110): Unknown permission com.google.android.gallery3d.permission.GALLERY_PROVIDER in package com.android.bluetooth
10-11 21:13:37.006 W/PackageManager( 2110): Unknown permission com.android.gallery3d.permission.GALLERY_PROVIDER in package com.android.bluetooth
10-11 21:13:37.140 I/boot_progress_pms_ready( 2110): 16436
10-11 21:13:37.179 I/SystemServer( 2110): User Service
10-11 21:13:37.180 I/SystemServer( 2110): Start Changhong TVService
10-11 21:13:37.191 I/chatty  ( 2110): uid=1000(system) Thread-31 expire 304 lines
10-11 21:13:37.195 I/lowmemorykiller( 1129): ActivityManager connected
10-11 21:13:37.199 I/SystemServiceManager( 2110): Starting com.android.server.BatteryService
10-11 21:13:37.201 I/chatty  ( 2110): uid=1000(system) Thread-33 expire 3 lines
10-11 21:13:37.213 I/battery_status( 2110): [1,1,0,1,]
10-11 21:13:37.213 I/battery_level( 2110): [100,0,0]
10-11 21:13:37.215 I/SystemServiceManager( 2110): Starting com.android.server.usage.UsageStatsService
10-11 21:13:37.233 I/SystemServiceManager( 2110): Starting com.android.server.webkit.WebViewUpdateService
10-11 21:13:37.238 I/SystemServer( 2110): Reading configuration...
10-11 21:13:37.238 I/SystemServer( 2110): Scheduling Policy
10-11 21:13:37.240 I/SystemServiceManager( 2110): Starting com.android.server.telecom.TelecomLoaderService
10-11 21:13:37.247 I/SystemServer( 2110): Telephony Registry
--------- beginning of radio
10-11 21:13:37.257 D/TelephonyManager( 2110): /proc/cmdline=console=ttyS0,115200 androidboot.console=ttyS0 root=/dev/ram rw rootwait init=/init CORE_DUMP_PATH=/var/core_dump.%%p.gz KDebug=1 delaylogo=true androidboot.selinux=permissive platform=sn quiet BRICK_TERMINATOR_SPI_STATUS_OFFSET=00173E00 LX_MEM=0x1BE00000 LX_MEM2=0xA0400000,0x1FC00000 LX_MEM3=0xC0000000,0x20000000 EMAC_MEM=0x100000 PM51_ADDR=0x20010000 PM51_LEN=0x10000 SAR5=ON CMA0=OTHERS,miu=0,hid=23,sz=0x7800000,st=0x9400000 CMA1=XC,miu=0,hid=22,sz=0x6000000,st=0x10c00000 CMA2=VDEC0,miu=0,hid=20,sz=0x4400000,st=0x16c00000 CMA3=OTHERS2,miu=1,hid=24,sz=0x1000000,st=0x400000 CMA4=VDEC1,miu=1,hid=19,sz=0xa800000,st=0x1400000 CMA5=RETURN_ENUM2,miu=1,hid=26,sz=0x2400000,st=0xbc00000 BOOTLOGO_IN_MBOOT ENV_VAR_OFFSET=0x0 ENV_VAR_SIZE=0x10000 ENV=EMMC SECURITY=ON BOOTTIME_SBOOT=496 BOOTTIME_UBOOT=2030
10-11 21:13:37.268 I/SystemServer( 2110): Entropy Mixer
10-11 21:13:37.281 I/EntropyMixer( 2110): Writing entropy...
10-11 21:13:37.290 I/SystemServer( 2110): Camera Service
10-11 21:13:37.290 I/SystemServiceManager( 2110): Starting com.android.server.camera.CameraService
10-11 21:13:37.298 I/SystemServer( 2110): Account Manager
10-11 21:13:37.306 I/SystemServer( 2110): Content Manager
10-11 21:13:37.314 I/SystemServer( 2110): System Content Providers
10-11 21:13:37.433 V/VideoSetService( 1160): VideoSetService::connect(callingPid 2110, client 0x9fa02d98)
10-11 21:13:37.433 V/VideoSetService( 1160): VideoSetService::Client constructor(callingPid 2110)
10-11 21:13:37.458 I/SystemServer( 2110): Vibrator Service
10-11 21:13:37.461 I/SystemServer( 2110): Consumer IR Service
10-11 21:13:37.463 I/SystemServiceManager( 2110): Starting com.android.server.AlarmManagerService
10-11 21:13:37.481 I/SystemServer( 2110): Init Watchdog
10-11 21:13:37.482 I/SystemServer( 2110): Input Manager
10-11 21:13:37.483 I/InputManager( 2110): Initializing input manager, mUseDevInputEventForAudioJack=false
10-11 21:13:37.489 I/SystemServer( 2110): Window Manager
10-11 21:13:37.528 I/WindowManager( 2110): No existing display settings /data/system/display_settings.xml; starting empty
10-11 21:13:37.570 I/chatty  ( 2110): uid=1000(system) android.ui expire 4 lines
10-11 21:13:38.176 I/chatty  ( 2110): uid=1000(system) SensorEventAckR expire 1 line
10-11 21:13:38.184 I/chatty  ( 2110): uid=1000(system) SensorService expire 1 line
10-11 21:13:38.392 I/tvos    ( 1490): FrmCnt:110(0,0,0) Rate:29 Sys:17687 STC:3023 VPTS:3003 APTS:3021 Delay:13(33) V:190 A:308 VES:0x71ca4 AES:0x1d755 PCM:0x2d399 AudioErr:0x0 Vptr(R,W):(ec741,15e3e5)
10-11 21:13:38.523 I/tvos    ( 1490): MApi_XC_MLoad_GetStatus()
10-11 21:13:38.605 I/wm_stack_created( 2110): [0,0,0,0,0]
10-11 21:13:38.611 I/InputManager( 2110): Starting input manager
10-11 21:13:38.616 I/chatty  ( 2110): uid=1000(system) InputReader expire 34 lines
10-11 21:13:38.637 I/SystemServer( 2110): Bluetooth Service
10-11 21:13:38.638 I/SystemServiceManager( 2110): Starting com.android.server.BluetoothService
10-11 21:13:38.649 I/SystemServer( 2110): Input Method Service
10-11 21:13:38.690 I/SystemServer( 2110): Accessibility Manager
10-11 21:13:38.701 I/configuration_changed( 2110): 7672
10-11 21:13:38.701 I/ActivityManager( 2110): Config changes=1df8 {1.0 ?mcc?mnc ru_RU ldltr sw720dp w1280dp h720dp 240dpi xlrg long land ?uimode ?night -touch -keyb/v/h dpad/v s.2}
10-11 21:13:38.781 I/SystemServiceManager( 2110): Starting com.android.server.MountService$Lifecycle
10-11 21:13:38.782 I/chatty  ( 2110): uid=1000 system_server expire 23 lines
10-11 21:13:38.796 D/MountService( 2110): Thinking about reset, mSystemReady=false, mDaemonConnected=true
10-11 21:13:38.796 D/MountService( 2110): Thinking about reset, mSystemReady=false, mDaemonConnected=true
10-11 21:13:38.797 I/SystemServiceManager( 2110): Starting com.android.server.UiModeManagerService
10-11 21:13:38.798 D/CryptdConnector( 2110): SND -> {1 cryptfs getfield SystemLocale}
10-11 21:13:38.798 I/Ext4Crypt( 1119): ext4 crypto complete called on /data
10-11 21:13:38.799 I/Ext4Crypt( 1119): No master key, so not ext4enc
10-11 21:13:38.799 D/CryptdConnector( 2110): RCV <- {200 1 -1}
10-11 21:13:38.801 I/configuration_changed( 2110): 512
10-11 21:13:38.801 I/ActivityManager( 2110): Config changes=200 {1.0 ?mcc?mnc ru_RU ldltr sw720dp w1280dp h720dp 240dpi xlrg long land television -touch -keyb/v/h dpad/v s.3}
10-11 21:13:38.802 W/MountService( 2110): No primary storage mounted!
10-11 21:13:38.803 I/chatty  ( 2110): uid=1000(system) MountService expire 3 lines
10-11 21:13:38.803 W/PackageManager( 2110): Unknown permission com.changhong.system.storeapp.activity.permission.READ_SETTINGS in package com.changhong.tvmanager
10-11 21:13:38.803 W/PackageManager( 2110): Unknown permission com.changhong.system.storeapp.activity.permission.WRITE_SETTINGS in package com.changhong.tvmanager
10-11 21:13:38.805 W/PackageManager( 2110): Unknown permission android.permission.READ_SETTINGS in package com.changhong.inface.net.wfd
10-11 21:13:38.805 W/PackageManager( 2110): Unknown permission com.htv.mytv.content.permission.READ_SETTINGS in package com.changhong.minilauncher
10-11 21:13:38.806 W/PackageManager( 2110): Unknown permission com.htv.mytv.content.permission.WRITE_SETTINGS in package com.changhong.minilauncher
10-11 21:13:38.806 W/PackageManager( 2110): Unknown permission android.permission.SETTINGS in package com.changhong.minilauncher
10-11 21:13:38.807 W/PackageManager( 2110): Unknown permission com.android.launcher.permission.READ_SETTINGS in package com.changhong.minilauncher
10-11 21:13:38.807 W/PackageManager( 2110): Unknown permission com.android.launcher.permission.WRITE_SETTINGS in package com.changhong.minilauncher
10-11 21:13:38.816 W/PackageManager( 2110): Unknown permission android.permission.SETTINGS in package com.changhong.factory
10-11 21:13:38.816 W/PackageManager( 2110): Unknown permission com.google.android.sss.permission.SECOND_SCREEN_SETUP in package com.google.android.gsf.notouch
10-11 21:13:38.816 W/PackageManager( 2110): Unknown permission android.permission.READ_SECURE_SETTINGS in package com.changhong.dmt.upgrade
10-11 21:13:38.817 W/PackageManager( 2110): Unknown permission android.permission.READ_SETTINGS in package com.changhong.dmt.upgrade
10-11 21:13:38.819 W/PackageManager( 2110): Unknown permission com.changhong.system.storeapp.activity.permission.READ_SETTINGS in package com.changhong.upgrade
10-11 21:13:38.819 W/PackageManager( 2110): Unknown permission com.changhong.system.storeapp.activity.permission.WRITE_SETTINGS in package com.changhong.upgrade
10-11 21:13:38.822 W/PackageManager( 2110): Unknown permission android.permission.PERMISSION_NAME in package com.changhong.ipptv.sfesitera
10-11 21:13:38.822 W/PackageManager( 2110): Unknown permission android.permission.SETTINGS in package com.changhong.ipptv.sfesitera
10-11 21:13:38.826 W/PackageManager( 2110): Unknown permission android.permission.SETTINGS in package com.changhong.ipc
10-11 21:13:38.826 W/PackageManager( 2110): Not granting permission android.permission.CONTROL_KEYGUARD to package com.google.android.gsf.login (protectionLevel=2 flags=0x3048be45)
10-11 21:13:38.828 W/PackageManager( 2110): Unknown permission com.android.vending.billing.BILLING_ACCOUNT_SERVICE in package com.google.android.gsf.login
10-11 21:13:38.828 W/PackageManager( 2110): Unknown permission com.android.vending.billing.ADD_CREDIT_CARD in package com.google.android.gsf.login
10-11 21:13:38.828 W/PackageManager( 2110): Unknown permission com.android.vending.billing.IBillingAccountService.BIND2 in package com.google.android.gsf.login
10-11 21:13:38.828 W/PackageManager( 2110): Unknown permission com.android.vending.TOS_ACKED in package com.google.android.gsf.login
10-11 21:13:38.828 W/PackageManager( 2110): Unknown permission com.android.chrome.TOS_ACKED in package com.google.android.gsf.login
10-11 21:13:38.830 W/PackageManager( 2110): Unknown permission com.android.certinstaller.INSTALL_AS_USER in package com.android.settings
10-11 21:13:38.831 W/PackageManager( 2110): Unknown permission com.android.launcher.permission.READ_SETTINGS in package com.android.settings
10-11 21:13:38.831 W/PackageManager( 2110): Unknown permission com.android.launcher.permission.WRITE_SETTINGS in package com.android.settings
10-11 21:13:38.834 W/PackageManager( 2110): Unknown permission android.permission.ACCESS_DRM in package com.opera.sdk.example
10-11 21:13:38.835 I/UsageStatsService( 2110): User[0] Rollover scheduled @ 2019-10-11 03:00:00(1570752000000)
10-11 21:13:38.835 I/UsageStatsService( 2110): User[0] Rolling over usage stats
10-11 21:13:38.840 W/PackageManager( 2110): Unknown permission com.google.android.gallery3d.permission.GALLERY_PROVIDER in package com.android.bluetooth
10-11 21:13:38.840 W/PackageManager( 2110): Unknown permission com.android.gallery3d.permission.GALLERY_PROVIDER in package com.android.bluetooth
10-11 21:13:38.936 I/UsageStatsService( 2110): User[0] Rollover scheduled @ 2019-10-12 03:00:00(1570838400000)
10-11 21:13:38.938 I/UsageStatsService( 2110): User[0] Rolling over usage stats complete. Took 101 milliseconds
10-11 21:13:38.992 I/configuration_changed( 2110): 48
10-11 21:13:38.993 I/ActivityManager( 2110): Config changes=30 {1.0 ?mcc?mnc ru_RU ldltr sw720dp w1280dp h720dp 240dpi xlrg long land television -touch qwerty/v/v dpad/v s.4}
10-11 21:13:39.027 I/SystemServer( 2110): LockSettingsService
10-11 21:13:39.028 I/configuration_changed( 2110): 3
10-11 21:13:39.028 I/ActivityManager( 2110): Config changes=3 {1.0 250mcc201mnc ru_RU ldltr sw720dp w1280dp h720dp 240dpi xlrg long land television -touch qwerty/v/v dpad/v s.5}
10-11 21:13:39.033 I/SystemServiceManager( 2110): Starting com.android.server.DeviceIdleController
10-11 21:13:39.039 W/MountService( 2110): No primary storage mounted!
10-11 21:13:39.041 I/SystemServiceManager( 2110): Starting com.android.server.devicepolicy.DevicePolicyManagerService$Lifecycle
10-11 21:13:39.050 I/SystemServer( 2110): Status Bar
10-11 21:13:39.055 I/SystemServer( 2110): Clipboard Service
10-11 21:13:39.058 I/SystemServer( 2110): NetworkManagement Service
10-11 21:13:39.066 I/SystemServer( 2110): Text Service Manager Service
10-11 21:13:39.075 I/SystemServer( 2110): Network Score Service
10-11 21:13:39.077 I/SystemServer( 2110): NetworkStats Service
10-11 21:13:39.096 I/SystemServer( 2110): NetworkPolicy Service
10-11 21:13:39.125 I/SystemServiceManager( 2110): Starting com.android.server.wifi.p2p.WifiP2pService
10-11 21:13:39.190 I/SystemServiceManager( 2110): Starting com.android.server.wifi.WifiService
10-11 21:13:39.436 I/chatty  ( 2110): uid=1000(system) WifiStateMachin expire 17 lines
10-11 21:13:39.461 I/SystemServiceManager( 2110): Starting com.android.server.wifi.WifiScanningService
10-11 21:13:39.464 I/SystemServiceManager( 2110): Starting com.android.server.wifi.RttService
10-11 21:13:39.467 I/SystemServiceManager( 2110): Starting com.android.server.ethernet.EthernetService
10-11 21:13:39.477 I/SystemServer( 2110): Connectivity Service
10-11 21:13:39.486 D/ConnectivityService( 2110): ConnectivityService starting up
10-11 21:13:39.496 D/ConnectivityService( 2110): wifiOnly=false
10-11 21:13:39.496 E/ConnectivityService( 2110): Ignoring protectedNetwork 10
10-11 21:13:39.497 E/ConnectivityService( 2110): Ignoring protectedNetwork 11
10-11 21:13:39.497 E/ConnectivityService( 2110): Ignoring protectedNetwork 12
10-11 21:13:39.497 E/ConnectivityService( 2110): Ignoring protectedNetwork 14
10-11 21:13:39.601 I/SystemServer( 2110): Network Service Discovery Service
10-11 21:13:39.605 D/NsdService( 2110): Network service discovery enabled true
10-11 21:13:39.607 I/SystemServer( 2110): UpdateLock Service
10-11 21:13:39.610 I/SystemServiceManager( 2110): Starting com.android.server.notification.NotificationManagerService
10-11 21:13:39.651 I/SystemServiceManager( 2110): Starting com.android.server.storage.DeviceStorageMonitorService
10-11 21:13:39.655 I/free_storage_left( 2110): [1325256704,154173440,897007616]
10-11 21:13:39.655 I/free_storage_changed( 2110): 1325256704
10-11 21:13:39.655 I/SystemServer( 2110): Location Manager
10-11 21:13:39.662 I/SystemServer( 2110): Country Detector
10-11 21:13:39.664 I/SystemServer( 2110): Search Service
10-11 21:13:39.667 I/SystemServer( 2110): DropBox Service
10-11 21:13:39.669 I/SystemServer( 2110): Wallpaper Service
10-11 21:13:39.674 I/SystemServer( 2110): Audio Service
10-11 21:13:39.737 D/PermissionCache( 1140): checking android.permission.MODIFY_AUDIO_SETTINGS for uid=1000 => granted (462 us)
10-11 21:13:39.742 I/audio_hw_primary( 1140): adev_create_audio_patch::mix->device 
10-11 21:13:39.742 I/audio_hw_primary( 1140): adev_create_audio_patch *handle=-1196825736 num_audio_patch=1
10-11 21:13:39.742 E/AudioFlinger( 1140): no wake lock to update!
10-11 21:13:39.743 I/audio_hw_primary( 1140): Android haven't boot completed, so don't set tv volume!
10-11 21:13:39.744 I/audio_hw_primary( 1140): Android haven't boot completed, so don't set tv volume!
10-11 21:13:39.753 I/audio_hw_primary( 1140): adev_create_audio_patch::mix->device 
10-11 21:13:39.753 I/audio_hw_primary( 1140): adev_create_audio_patch *handle=-1196825736 num_audio_patch=1
10-11 21:13:39.753 I/audio_hw_primary( 1140): Android haven't boot completed, so don't set tv volume!
10-11 21:13:39.754 I/audio_hw_primary( 1140): Android haven't boot completed, so don't set tv volume!
10-11 21:13:39.774 I/audio_hw_primary( 1140): Android haven't boot completed, so don't set tv volume!
10-11 21:13:39.775 I/audio_hw_primary( 1140): Android haven't boot completed, so don't set tv volume!
10-11 21:13:39.788 I/stream_devices_changed( 2110): [1,0,2]
10-11 21:13:39.789 I/stream_devices_changed( 2110): [3,0,2]
10-11 21:13:39.794 I/audio_hw_primary( 1140): Android haven't boot completed, so don't set tv volume!
10-11 21:13:39.811 I/SystemServiceManager( 2110): Starting com.android.server.DockObserver
10-11 21:13:39.814 W/DockObserver( 2110): This kernel does not have dock station support
10-11 21:13:39.817 I/SystemServer( 2110): Wired Accessory Manager
10-11 21:13:39.819 W/WiredAccessoryManager( 2110): This kernel does not have wired headset support
10-11 21:13:39.819 W/WiredAccessoryManager( 2110): This kernel does not have HDMI audio support
10-11 21:13:39.819 I/SystemServer( 2110): Camera Observer
10-11 21:13:39.820 I/SystemServer( 2110): Microphone Observer
10-11 21:13:39.820 I/SystemServiceManager( 2110): Starting com.android.server.usb.UsbService$Lifecycle
10-11 21:13:39.832 E/UsbDeviceManager( 2110): failed to write to /sys/class/android_usb/android0/f_rndis/ethaddr
10-11 21:13:39.833 I/UsbDeviceManager( 2110): Setting USB config to mtp
10-11 21:13:39.933 I/tvos    ( 1490): FrmCnt:156(0,0,0) Rate:29 Sys:19228 STC:4563 VPTS:4537 APTS:4562 Delay:7(33) V:145 A:257 VES:0x4f4aa AES:0x1d755 PCM:0x2d050 AudioErr:0x0 Vptr(R,W):(10ef3b,15e3e5)
10-11 21:13:40.427 I/chatty  ( 2110): uid=1000(system) Thread-49 expire 27 lines
10-11 21:13:40.837 E/UsbDeviceManager( 2110): waitForState(mtp) FAILED: got none
10-11 21:13:40.837 E/UsbDeviceManager( 2110): Failed to switch USB config to mtp
10-11 21:13:40.837 E/UsbDeviceManager( 2110): Failsafe 2: Restoring default USB functions.
10-11 21:13:40.837 I/UsbDeviceManager( 2110): Setting USB config to mtp
10-11 21:13:41.471 I/tvos    ( 1490): FrmCnt:202(0,0,0) Rate:29 Sys:20767 STC:6102 VPTS:6072 APTS:6101 Delay:3(33) V:99 A:185 VES:0x2ff6f AES:0x1b755 PCM:0x2de80 AudioErr:0x0 Vptr(R,W):(12e476,15e3e5)
10-11 21:13:41.841 E/UsbDeviceManager( 2110): waitForState(mtp) FAILED: got none
10-11 21:13:41.841 E/UsbDeviceManager( 2110): Failed to switch USB config to mtp
10-11 21:13:41.841 E/UsbDeviceManager( 2110): Failsafe 3: Restoring empty function list (with ADB if enabled).
10-11 21:13:41.841 I/UsbDeviceManager( 2110): Setting USB config to none
10-11 21:13:41.847 I/SystemServer( 2110): Serial Service
10-11 21:13:41.851 I/SystemServiceManager( 2110): Starting com.android.server.twilight.TwilightService
10-11 21:13:41.858 I/SystemServiceManager( 2110): Starting com.android.server.job.JobSchedulerService
10-11 21:13:41.869 I/SystemServiceManager( 2110): Starting com.android.server.backup.BackupManagerService$Lifecycle
10-11 21:13:41.871 I/SystemServiceManager( 2110): Starting com.android.server.appwidget.AppWidgetService
10-11 21:13:41.875 I/SystemServiceManager( 2110): Starting com.android.server.voiceinteraction.VoiceInteractionManagerService
10-11 21:13:41.877 D/PermissionCache( 1140): checking android.permission.CAPTURE_AUDIO_HOTWORD for uid=1000 => granted (256 us)
10-11 21:13:41.878 W/SoundTriggerHelper( 2110): listModules status=0, # of modules=0
10-11 21:13:41.880 I/SystemServer( 2110): DiskStats Service
10-11 21:13:41.882 I/SystemServer( 2110): SamplingProfiler Service
10-11 21:13:41.891 I/SystemServer( 2110): NetworkTimeUpdateService
10-11 21:13:41.892 I/SystemServer( 2110): CommonTimeManagementService
10-11 21:13:41.893 I/SystemServer( 2110): CertBlacklister
10-11 21:13:41.895 I/SystemServiceManager( 2110): Starting com.android.server.dreams.DreamManagerService
10-11 21:13:41.897 I/SystemServer( 2110): Assets Atlas Service
10-11 21:13:41.901 I/SystemServer( 2110): CHQMenuService
10-11 21:13:41.904 I/SystemServiceManager( 2110): Starting com.android.server.restrictions.RestrictionsManagerService
10-11 21:13:41.906 I/SystemServiceManager( 2110): Starting com.android.server.media.MediaSessionService
10-11 21:13:41.908 I/chatty  ( 2110): uid=1000 system_server expire 4 lines
10-11 21:13:41.922 I/SystemServer( 2110): Media Router Service
10-11 21:13:41.924 I/SystemServiceManager( 2110): Starting com.android.server.trust.TrustManagerService
10-11 21:13:41.929 I/chatty  ( 2110): uid=1000(system) Thread-61 expire 99 lines
10-11 21:13:41.930 I/SystemServiceManager( 2110): Starting com.android.server.fingerprint.FingerprintService
10-11 21:13:41.933 W/FingerprintService( 2110): fingerprint service not available
10-11 21:13:41.934 V/FingerprintService( 2110): Fingerprint HAL id: 0
10-11 21:13:41.934 I/SystemServer( 2110): BackgroundDexOptService
10-11 21:13:41.937 I/SystemServiceManager( 2110): Starting com.android.server.pm.LauncherAppsService
10-11 21:13:41.950 I/SystemServiceManager( 2110): Starting com.android.server.media.projection.MediaProjectionManagerService
10-11 21:13:41.964 I/SystemServiceManager( 2110): Starting com.android.server.MmsServiceBroker
10-11 21:13:42.041 E/LockSettingsStorage( 2110): Cannot read file java.io.FileNotFoundException: /data/system/gatekeeper.password.key: open failed: ENOENT (No such file or directory)
10-11 21:13:42.042 E/LockSettingsStorage( 2110): Cannot read file java.io.FileNotFoundException: /data/system/password.key: open failed: ENOENT (No such file or directory)
10-11 21:13:42.042 E/LockSettingsStorage( 2110): Cannot read file java.io.FileNotFoundException: /data/system/gatekeeper.pattern.key: open failed: ENOENT (No such file or directory)
10-11 21:13:42.043 E/LockSettingsStorage( 2110): Cannot read file java.io.FileNotFoundException: /data/system/gatekeeper.gesture.key: open failed: ENOENT (No such file or directory)
10-11 21:13:42.044 E/LockSettingsStorage( 2110): Cannot read file java.io.FileNotFoundException: /data/system/gesture.key: open failed: ENOENT (No such file or directory)
10-11 21:13:42.044 I/SystemServiceManager( 2110): Starting phase 480
10-11 21:13:42.063 I/SystemServiceManager( 2110): Starting phase 500
10-11 21:13:42.078 I/WifiService( 2110): WifiService starting up with Wi-Fi disabled
10-11 21:13:42.082 I/chatty  ( 2110): uid=1000(system) Thread-62 expire 10 lines
10-11 21:13:42.087 D/WifiService( 2110): Wifi ap start with disabled
10-11 21:13:42.107 D/WifiService( 2110): New client listening to asynchronous messages
10-11 21:13:42.138 D/ConnectivityService( 2110): Got NetworkFactory Messenger for Ethernet
10-11 21:13:42.139 I/chatty  ( 2110): uid=1000(system) EthernetService expire 2 lines
10-11 21:13:42.345 D/CommandListener( 1133): Setting iface cfg
10-11 21:13:42.345 D/CommandListener( 1133): Trying to bring up eth0
10-11 21:13:42.347 I/chatty  ( 2110): uid=1000(system) android.fg expire 2 lines
10-11 21:13:42.355 I/chatty  ( 2110): uid=1000 system_server expire 4 lines
10-11 21:13:42.355 W/ContextImpl( 2110): Calling a method in the system process without a qualified user: android.app.ContextImpl.sendStickyBroadcast:1012 com.android.server.ethernet.EthernetNetworkFactory.IntentBroadcast:204 com.android.server.ethernet.EthernetNetworkFactory.-wrap2:-1 com.android.server.ethernet.EthernetNetworkFactory$InterfaceObserver.interfaceLinkStateChanged:217 com.android.server.NetworkManagementService.notifyInterfaceLinkStateChanged:377 
10-11 21:13:42.355 D/CommandListener( 1133): Clearing all IP addresses on eth0
10-11 21:13:42.361 V/BackupManagerService( 2110): No ancestral data
10-11 21:13:42.387 I/dhcpcd  ( 2340): version 5.5.6 starting
10-11 21:13:42.390 E/dhcpcd  ( 2340): get_duid: Read-only file system
10-11 21:13:42.411 V/KeyValueBackupJob( 2110): Scheduling k/v pass in 249 minutes
10-11 21:13:42.412 V/BackupManagerService( 2110): Starting with transport android/com.android.internal.backup.LocalTransport
10-11 21:13:42.412 V/BackupManagerService( 2110): Found transports: 1
10-11 21:13:42.413 W/BackupManagerService( 2110): Proposed transport ComponentInfo{android/com.android.internal.backup.LocalTransportService} not whitelisted; ignoring
10-11 21:13:42.432 D/PowerManagerService( 2110): updateIsPoweredLocked: wasPowered=false, mIsPowered=true, oldPlugType=0, mPlugType=1, mBatteryLevel=100
10-11 21:13:42.432 D/PowerManagerService( 2110): userActivityNoUpdateLocked: eventTime=21728, event=0, flags=0x0, uid=1000
10-11 21:13:42.434 D/PowerManagerService( 2110): updateUserActivitySummaryLocked: mWakefulness=Awake, mUserActivitySummary=0x1, nextTimeout=2147476647 (in 2147454917 ms)
10-11 21:13:42.436 D/PowerManagerService( 2110): updateDisplayPowerStateLocked: mDisplayReady=false, policy=3, mWakefulness=1, mWakeLockSummary=0x0, mUserActivitySummary=0x1, mBootCompleted=false, mScreenBrightnessBoostInProgress=false
10-11 21:13:42.440 W/KeyguardServiceDelegate( 2110): onScreenTurningOn(): no keyguard service!
10-11 21:13:42.458 D/PowerManagerService( 2110): updateDisplayPowerStateLocked: mDisplayReady=true, policy=3, mWakefulness=1, mWakeLockSummary=0x0, mUserActivitySummary=0x1, mBootCompleted=false, mScreenBrightnessBoostInProgress=false
10-11 21:13:42.471 I/ActivityManager( 2110): System now ready
10-11 21:13:42.471 I/boot_progress_ams_ready( 2110): 21767
10-11 21:13:42.475 I/SystemServer( 2110): Making services ready
10-11 21:13:42.475 I/SystemServiceManager( 2110): Starting phase 550
10-11 21:13:42.480 W/ActivityManager( 2110): Unable to start service Intent { act=com.android.ITelecomService cmp=com.android.server.telecom/.components.TelecomService } U=0: not found
10-11 21:13:42.480 D/MountService( 2110): Thinking about reset, mSystemReady=true, mDaemonConnected=true
10-11 21:13:42.483 I/ActivityManager( 2110): Force stopping com.android.providers.media appid=10002 user=-1: vold reset
10-11 21:13:42.485 D/UsbAlsaManager( 2110): Adding ALSA device AlsaDevice: [card: 0, device: 3, type: 1]
10-11 21:13:42.485 D/UsbAlsaManager( 2110): Adding ALSA device AlsaDevice: [card: 0, device: 2, type: 1]
10-11 21:13:42.485 D/VoldConnector( 2110): SND -> {1 volume reset}
10-11 21:13:42.485 D/UsbAlsaManager( 2110): Adding ALSA device AlsaDevice: [card: 0, device: 1, type: 1]
10-11 21:13:42.485 D/UsbAlsaManager( 2110): Adding ALSA device AlsaDevice: [card: 0, device: 0, type: 1]
10-11 21:13:42.485 D/UsbAlsaManager( 2110): Adding ALSA device AlsaDevice: [card: 0, device: 1, type: 2]
10-11 21:13:42.485 D/UsbAlsaManager( 2110): Adding ALSA device AlsaDevice: [card: 0, device: 0, type: 2]
10-11 21:13:42.487 D/VoldCmdListener( 1119): volume reset
10-11 21:13:42.487 V/vold    ( 1119): /system/bin/sgdisk
10-11 21:13:42.487 V/vold    ( 1119):     --android-dump
10-11 21:13:42.487 V/vold    ( 1119):     /dev/block/vold/disk:179,0
10-11 21:13:42.488 E/vold    ( 1119): Failed to setexeccon
10-11 21:13:42.488 D/VoldConnector( 2110): RCV <- {651 emulated 7}
10-11 21:13:42.488 D/VoldConnector( 2110): RCV <- {659 emulated}
10-11 21:13:42.489 D/VoldConnector( 2110): RCV <- {650 emulated 2 "" ""}
10-11 21:13:42.489 D/VoldConnector( 2110): RCV <- {651 emulated 0}
10-11 21:13:42.489 D/VoldConnector( 2110): RCV <- {649 disk:179,0}
10-11 21:13:42.489 D/VoldConnector( 2110): RCV <- {640 disk:179,0 5}
10-11 21:13:42.489 D/VoldConnector( 2110): RCV <- {641 disk:179,0 3959422976}
10-11 21:13:42.490 D/VoldConnector( 2110): RCV <- {642 disk:179,0 }
10-11 21:13:42.490 D/VoldConnector( 2110): RCV <- {644 disk:179,0 /sys/devices/platform/mstar_mci.0/mmc_host/mmc0/mmc0:0001/block/mmcblk0}
10-11 21:13:42.494 V/MountService( 2110): Found primary storage at VolumeInfo{emulated}:
10-11 21:13:42.494 V/MountService( 2110):     type=EMULATED diskId=null partGuid=null mountFlags=0 mountUserId=-1 
10-11 21:13:42.494 V/MountService( 2110):     state=UNMOUNTED 
10-11 21:13:42.494 V/MountService( 2110):     fsType=null fsUuid=null fsLabel=null 
10-11 21:13:42.494 V/MountService( 2110):     path=null internalPath=null 
10-11 21:13:42.494 D/VoldConnector( 2110): SND -> {2 volume mount emulated 3 -1}
10-11 21:13:42.497 E/vold    ( 1119): Failed to setexeccon
10-11 21:13:42.498 I/SystemServer( 2110): WebViewFactory preparation
10-11 21:13:42.505 I/chatty  ( 2110): uid=1000(system) ActivityManager expire 2 lines
10-11 21:13:42.511 D/UsbHostManager( 2110): Added device UsbDevice[mName=/dev/bus/usb/001/002,mVendorId=3725,mProductId=30211,mClass=0,mSubclass=0,mProtocol=0,mManufacturerName=MediaTek,mProductName=802.11 n WLAN,mVersion=2.1,mSerialNumber=1.0,mConfigurations=[
10-11 21:13:42.511 D/UsbHostManager( 2110): UsbConfiguration[mId=1,mName=null,mAttributes=160,mMaxPower=80,mInterfaces=[
10-11 21:13:42.511 D/UsbHostManager( 2110): UsbInterface[mId=0,mAlternateSetting=0,mName=null,mClass=255,mSubclass=255,mProtocol=255,mEndpoints=[
10-11 21:13:42.511 D/UsbHostManager( 2110): UsbEndpoint[mAddress=132,mAttributes=2,mMaxPacketSize=512,mInterval=0]
10-11 21:13:42.511 D/UsbHostManager( 2110): UsbEndpoint[mAddress=133,mAttributes=2,mMaxPacketSize=512,mInterval=0]
10-11 21:13:42.511 D/UsbHostManager( 2110): UsbEndpoint[mAddress=8,mAttributes=2,mMaxPacketSize=512,mInterval=0]
10-11 21:13:42.511 D/UsbHostManager( 2110): UsbEndpoint[mAddress=4,mAttributes=2,mMaxPacketSize=512,mInterval=0]
10-11 21:13:42.511 D/UsbHostManager( 2110): UsbEndpoint[mAddress=5,mAttributes=2,mMaxPacketSize=512,mInterval=0]
10-11 21:13:42.511 D/UsbHostManager( 2110): UsbEndpoint[mAddress=6,mAttributes=2,mMaxPacketSize=512,mInterval=0]
10-11 21:13:42.511 D/UsbHostManager( 2110): UsbEndpoint[mAddress=7,mAttributes=2,mMaxPacketSize=512,mInterval=0]
10-11 21:13:42.511 D/UsbHostManager( 2110): UsbEndpoint[mAddress=9,mAttributes=2,mMaxPacketSize=512,mInterval=0]]]]
10-11 21:13:42.512 W/ContextImpl( 2110): Calling a method in the system process without a qualified user: android.app.ContextImpl.sendBroadcast:763 com.android.server.usb.UsbSettingsManager.deviceAttached:742 com.android.server.usb.UsbHostManager.endUsbDeviceAdded:225 com.android.server.usb.UsbHostManager.monitorUsbHostBus:-2 com.android.server.usb.UsbHostManager.-wrap0:-1 
10-11 21:13:42.520 I/am_proc_start( 2110): [0,2362,10002,android.process.media,broadcast,com.android.providers.media/.MtpReceiver]
10-11 21:13:42.520 I/ActivityManager( 2110): Start proc 2362:android.process.media/u0a2 for broadcast com.android.providers.media/.MtpReceiver
10-11 21:13:42.544 I/am_proc_start( 2110): [0,2374,1037,WebViewLoader-armeabi-v7a,,]
10-11 21:13:42.544 I/ActivityManager( 2110): Start proc 2374:WebViewLoader-armeabi-v7a/1037 [android.webkit.WebViewFactory$RelroFileCreator] for 
10-11 21:13:42.590 I/am_proc_start( 2110): [0,2384,10009,com.android.systemui,service,com.android.systemui/.SystemUIService]
10-11 21:13:42.590 I/ActivityManager( 2110): Start proc 2384:com.android.systemui/u0a9 for service com.android.systemui/.SystemUIService
10-11 21:13:42.591 I/SystemServer( 2110): Startup TvService Apk....
10-11 21:13:42.592 I/SystemServiceManager( 2110): Starting phase 600
10-11 21:13:42.594 D/UsbHostManager( 2110): Added device UsbDevice[mName=/dev/bus/usb/002/002,mVendorId=1423,mProductId=25479,mClass=0,mSubclass=0,mProtocol=0,mManufacturerName=JetFlash,mProductName=Mass Storage Device,mVersion=2.0,mSerialNumber=0A74NF3M,mConfigurations=[
10-11 21:13:42.594 D/UsbHostManager( 2110): UsbConfiguration[mId=1,mName=null,mAttributes=128,mMaxPower=50,mInterfaces=[
10-11 21:13:42.594 D/UsbHostManager( 2110): UsbInterface[mId=0,mAlternateSetting=0,mName=null,mClass=8,mSubclass=6,mProtocol=80,mEndpoints=[
10-11 21:13:42.594 D/UsbHostManager( 2110): UsbEndpoint[mAddress=1,mAttributes=2,mMaxPacketSize=512,mInterval=0]
10-11 21:13:42.594 D/UsbHostManager( 2110): UsbEndpoint[mAddress=130,mAttributes=2,mMaxPacketSize=512,mInterval=0]]]]
10-11 21:13:42.595 W/ContextImpl( 2110): Calling a method in the system process without a qualified user: android.app.ContextImpl.sendBroadcast:763 com.android.server.usb.UsbSettingsManager.deviceAttached:742 com.android.server.usb.UsbHostManager.endUsbDeviceAdded:225 com.android.server.usb.UsbHostManager.monitorUsbHostBus:-2 com.android.server.usb.UsbHostManager.-wrap0:-1 
10-11 21:13:42.598 I/chatty  ( 2110): uid=1000(system) android.io expire 3 lines
10-11 21:13:42.601 I/BackupManagerService( 2110): Backup enabled => false
10-11 21:13:42.622 D/NetworkManagement( 2110): enabling bandwidth control
10-11 21:13:42.623 I/AudioFlinger( 1140): systemReady
10-11 21:13:42.623 I/chatty  ( 2110): uid=1000(system) AudioService expire 7 lines
10-11 21:13:42.636 V/WebViewFactory( 2374): RelroFileCreator (64bit = false),  32-bit lib: /system/app/webview/webview.apk!/lib/armeabi-v7a/libwebviewchromium.so, 64-bit lib: 
10-11 21:13:42.672 E/vold    ( 1119): Failed to pclose /system/bin/sgdisk --android-dump /dev/block/vold/disk:179,0 : Invalid argument
10-11 21:13:42.672 W/vold    ( 1119): sgdisk failed to scan /dev/block/vold/disk:179,0
10-11 21:13:42.694 I/am_proc_start( 2110): [0,2410,10017,com.android.inputmethod.latin,service,com.android.inputmethod.latin/.LatinIME]
10-11 21:13:42.694 I/ActivityManager( 2110): Start proc 2410:com.android.inputmethod.latin/u0a17 for service com.android.inputmethod.latin/.LatinIME
10-11 21:13:42.695 V/InputMethodManagerService( 2110): Adding window token: android.os.Binder@a4d73fa
10-11 21:13:42.714 W/SystemServer( 2110): ***********************************************
10-11 21:13:42.720 E/SystemServer( 2110): BOOT FAILURE Notifying Location Service running
10-11 21:13:42.720 E/SystemServer( 2110): java.lang.IllegalStateException: Unable to find a fused location provider that is in the system partition with version 0 and signed with the platform certificate. Such a package is needed to provide a default fused location provider in the event that no other fused location provider has been installed or is currently available. For example, coreOnly boot mode when decrypting the data partition. The fallback must also be marked coreApp="true" in the manifest
10-11 21:13:42.720 E/SystemServer( 2110): 	at com.android.server.LocationManagerService.ensureFallbackFusedProviderPresentLocked(LocationManagerService.java:422)
10-11 21:13:42.720 E/SystemServer( 2110): 	at com.android.server.LocationManagerService.loadProvidersLocked(LocationManagerService.java:469)
10-11 21:13:42.720 E/SystemServer( 2110): 	at com.android.server.LocationManagerService.systemRunning(LocationManagerService.java:293)
10-11 21:13:42.720 E/SystemServer( 2110): 	at com.android.server.SystemServer$4.run(SystemServer.java:1268)
10-11 21:13:42.720 E/SystemServer( 2110): 	at com.android.server.am.ActivityManagerService.systemReady(ActivityManagerService.java:12036)
10-11 21:13:42.720 E/SystemServer( 2110): 	at com.android.server.SystemServer.startOtherServices(SystemServer.java:1159)
10-11 21:13:42.720 E/SystemServer( 2110): 	at com.android.server.SystemServer.run(SystemServer.java:278)
10-11 21:13:42.720 E/SystemServer( 2110): 	at com.android.server.SystemServer.main(SystemServer.java:176)
10-11 21:13:42.720 E/SystemServer( 2110): 	at java.lang.reflect.Method.invoke(Native Method)
10-11 21:13:42.720 E/SystemServer( 2110): 	at com.android.internal.os.ZygoteInit$MethodAndArgsCaller.run(ZygoteInit.java:759)
10-11 21:13:42.720 E/SystemServer( 2110): 	at com.android.internal.os.ZygoteInit.main(ZygoteInit.java:649)
10-11 21:13:42.727 I/am_wtf  ( 2110): [0,2110,system_server,-1,SystemServer,Unable to find a fused location provider that is in the system partition with version 0 and signed with the platform certificate. Such a package is needed to provide a default fused location provider in the event that no other fused location provider has been installed or is currently available. For example, coreOnly boot mode when decrypting the data partition. The fallback must also be marked coreApp="true" in the manifest]
10-11 21:13:42.751 I/chatty  ( 2110): uid=1000(system) NetworkTimeUpda expire 14 lines
10-11 21:13:42.762 I/chatty  ( 2110): uid=1000(system) SoundPoolThread expire 3 lines
10-11 21:13:42.770 D/PowerManagerService( 2110): acquireWakeLockInternal: lock=90594053, flags=0x1, tag="WiredAccessoryManager", ws=null, uid=1000, pid=2110
10-11 21:13:42.771 D/PowerManagerService( 2110): updateWakeLockSummaryLocked: mWakefulness=Awake, mWakeLockSummary=0x1
10-11 21:13:42.771 D/PowerManagerService( 2110): updateUserActivitySummaryLocked: mWakefulness=Awake, mUserActivitySummary=0x1, nextTimeout=2147476647 (in 2147454580 ms)
10-11 21:13:42.771 D/PowerManagerService( 2110): updateDisplayPowerStateLocked: mDisplayReady=true, policy=3, mWakefulness=1, mWakeLockSummary=0x1, mUserActivitySummary=0x1, mBootCompleted=false, mScreenBrightnessBoostInProgress=false
10-11 21:13:42.771 D/PowerManagerService( 2110): Acquiring suspend blocker "PowerManagerService.WakeLocks".
10-11 21:13:42.772 D/TelephonyRegistry( 2110): systemRunning register for intents
10-11 21:13:42.774 I/MmsServiceBroker( 2110): Delay connecting to MmsService until an API is called
10-11 21:13:42.796 I/am_proc_bound( 2110): [0,2362,android.process.media]
10-11 21:13:42.799 D/MountService( 2110): onStartUser 0
10-11 21:13:42.799 D/VoldConnector( 2110): SND -> {3 volume user_started 0}
10-11 21:13:42.866 W/System  ( 2362): ClassLoader referenced unknown path: /system/priv-app/MediaProvider/lib/arm
10-11 21:13:42.911 D/MS_OMX_Plugin( 1140): MSOMXPlugin::MSOMXPlugin
10-11 21:13:42.911 D/MS_OMX_Plugin( 1140): Get libOMX.MStar.so
10-11 21:13:42.911 D/SYS     ( 1140): [Utopia]MDrv_SYS_GlobalInit successfully called one time,call MDrv_SYS_GlobalInit again in the same process  will  cause error
10-11 21:13:42.911 I/apiMMAP ( 1140): get_info: E_MMAP_ID_VDEC_SUB_BITSTREAM: not fount
10-11 21:13:42.911 I/apiMMAP ( 1140): get_info: E_MMAP_ID_VDEC_FRAMEBUFFER: not fount
10-11 21:13:42.914 I/apiMMAP ( 1140): get_info: E_MMAP_ID_VDEC_SUB_FRAMEBUFFER: not fount
10-11 21:13:42.914 I/apiMMAP ( 1140): get_info: E_MMAP_ID_VDEC_SUB_BITSTREAM: not fount
10-11 21:13:42.914 I/apiMMAP ( 1140): get_info: E_MMAP_ID_VDEC_FRAMEBUFFER_BALANCE_BW: not fount
10-11 21:13:42.914 E/MS_OMX_CORE( 1140): MsOS_MPool_Mapping Fail: E_MMAP_ID_MAD_SE: 0x0, Start: 0x0, size: 487587840
10-11 21:13:42.914 E/MS_OMX_CORE( 1140): MsOS_MPool_Mapping Fail: E_MMAP_ID_MAD_SE: 0x0, Start: 0x0, size: 487587840
10-11 21:13:42.914 E/MS_OMX_CORE( 1140): MsOS_MPool_Mapping Fail: E_MMAP_ID_MAD_DEC: 0x0, Start: 0x0, size: 487587840
10-11 21:13:42.917 E/MS_OMX_CORE( 1140): MsOS_MPool_Mapping Fail: E_MMAP_ID_MAD_DEC: 0x0, Start: 0x0, size: 487587840
10-11 21:13:42.917 E/MS_OMX_CORE( 1140): MsOS_MPool_Mapping Fail: E_MMAP_ID_MAD_COMMON: 0x0, Start: 0x0, size: 487587840
10-11 21:13:42.917 E/MS_OMX_CORE( 1140): MsOS_MPool_Mapping Fail: E_MMAP_ID_MAD_COMMON: 0x0, Start: 0x0, size: 487587840
10-11 21:13:42.924 I/dhcpcd  ( 2340): eth0: broadcasting for a lease
10-11 21:13:42.928 I/am_proc_bound( 2110): [0,2384,com.android.systemui]
10-11 21:13:42.944 W/System  ( 2362): ClassLoader referenced unknown path: /system/priv-app/DownloadProvider/lib/arm
10-11 21:13:42.980 I/tvos    ( 1490): FrmCnt:247(0,0,0) Rate:29 Sys:22275 STC:7609 VPTS:7574 APTS:7606 Delay:-2(33) V:54 A:114 VES:0x18f9d AES:0xc755 PCM:0x2d3c9 AudioErr:0x0 Vptr(R,W):(145448,15e3e5)
10-11 21:13:42.998 I/art     ( 2374): System.exit called, status: 0
10-11 21:13:42.998 I/AndroidRuntime( 2374): VM exiting with result code 0, cleanup skipped.
10-11 21:13:43.006 I/am_proc_bound( 2110): [0,2410,com.android.inputmethod.latin]
10-11 21:13:43.038 W/System  ( 2384): ClassLoader referenced unknown path: /system/priv-app/SystemUI/lib/arm
10-11 21:13:43.132 I/notification_cancel_all( 2110): [10002,2362,com.android.providers.downloads,0,0,64,9,NULL]
