10-11 21:13:33.067 I/tvos    ( 1490): PA=0X       0, VA=0X       0, Size=0X       0, IsMIU0=0, MIU=0 IsCMA=0 of E_MMSDK_BUF_VDEC_FRAMEBUFFER_SD
10-11 21:13:33.068 I/tvos    ( 1490): PA=0X80400000, VA=0XACDD9000, Size=0X 1000000, IsMIU0=0, MIU=1 IsCMA=0 of E_MMSDK_BUF_VDEC_STREAMBUFFER
10-11 21:13:33.069 I/tvos    ( 1490): PA=0X       0, VA=0X       0, Size=0X       0, IsMIU0=0, MIU=0 IsCMA=0 of E_MMSDK_BUF_VDEC_SUB_STREAMBUFFER
10-11 21:13:33.069 I/tvos    ( 1490): PA=0X80400000, VA=0XACDD9000, Size=0X 1000000, IsMIU0=0, MIU=1 IsCMA=0 of E_MMSDK_BUF_VDEC_STREAMBUFFER_MVC
10-11 21:13:33.070 I/tvos    ( 1490): PA=0X       0, VA=0X       0, Size=0X       0, IsMIU0=0, MIU=0 IsCMA=0 of E_MMSDK_BUF_XC_MAIN_FB
10-11 21:13:33.071 I/tvos    ( 1490): PA=0X1D4E0000, VA=0X8CAD6000, Size=0X   20000, IsMIU0=1, MIU=0 IsCMA=0 of E_MMSDK_BUF_PHY_ADDR_FOR_COPY_DATA
10-11 21:13:33.071 I/tvos    ( 1490): PA=0X       0, VA=0X       0, Size=0X       0, IsMIU0=0, MIU=0 IsCMA=0 of E_MMSDK_BUF_VDEC_GN_IAP
10-11 21:13:33.071 I/tvos    ( 1490): PA=0X1D540000, VA=0X8CB36000, Size=0X    2000, IsMIU0=1, MIU=0 IsCMA=0 of E_MMSDK_BUF_TTX_VE
10-11 21:13:33.072 I/tvos    ( 1490): Error pstMemInfo=0x8de29400, stBufIDInfo.pstMemInfo=(nil)
10-11 21:13:33.072 I/tvos    ( 1490): PA=0X       0, VA=0X       0, Size=0X       0, IsMIU0=0, MIU=0 IsCMA=0 of E_MMSDK_BUF_VDEC_STREAMBUFFER_SD
10-11 21:13:33.073 I/tvos    ( 1490): Error pstMemInfo=0x8de29400, stBufIDInfo.pstMemInfo=(nil)
10-11 21:13:33.074 I/tvos    ( 1490): PA=0X       0, VA=0X       0, Size=0X       0, IsMIU0=0, MIU=0 IsCMA=0 of E_MMSDK_BUF_PHOTO_ROTATE
10-11 21:13:33.074 I/tvos    ( 1490): PA=0X       0, VA=0X       0, Size=0X       0, IsMIU0=0, MIU=0 IsCMA=0 of E_MMSDK_BUF_VDEC_FRAMEBUFFER_EVD_EXT
10-11 21:13:33.074 I/tvos    ( 1490): Error pstMemInfo=0x8de29400, stBufIDInfo.pstMemInfo=(nil)
10-11 21:13:33.075 I/tvos    ( 1490): PA=0X       0, VA=0X       0, Size=0X       0, IsMIU0=0, MIU=0 IsCMA=0 of 
10-11 21:13:33.076 I/tvos    ( 1490): Error pstMemInfo=0x8de29400, stBufIDInfo.pstMemInfo=(nil)
10-11 21:13:33.076 I/tvos    ( 1490): PA=0X       0, VA=0X       0, Size=0X       0, IsMIU0=0, MIU=0 IsCMA=0 of 
10-11 21:13:33.076 I/tvos    ( 1490): Error pstMemInfo=0x8de29400, stBufIDInfo.pstMemInfo=(nil)
10-11 21:13:33.076 I/tvos    ( 1490): PA=0X       0, VA=0X       0, Size=0X       0, IsMIU0=0, MIU=0 IsCMA=0 of 
10-11 21:13:33.076 I/tvos    ( 1490): Error pstMemInfo=0x1d6a480, stBufIDInfo.pstMemInfo=(nil)
10-11 21:13:33.076 I/tvos    ( 1490): Error pstMemInfo=0x1d6a608, stBufIDInfo.pstMemInfo=(nil)
10-11 21:13:33.076 I/tvos    ( 1490): PA=0X       0, VA=0X       0, Size=0X       0, MIU=0 NotCMA:0 of E_MMSDK_BUF_XC_MAIN_FB
10-11 21:13:33.077 I/tvos    ( 1490): PA=0X C001000, VA=0XB09DA000, Size=0X  37F000, MIU=0 NotCMA:0 of E_MMSDK_BUF_VDPLAYER_AEON_DATA
10-11 21:13:33.077 I/tvos    ( 1490): PA=0X C000000, VA=0XB09D9000, Size=0X    1000, MIU=0 NotCMA:0 of E_MMSDK_BUF_VDPLAYER_SHAREMEMORY
10-11 21:13:33.077 I/tvos    ( 1490): PA=0X A800000, VA=0XAF1D9000, Size=0X 1000000, MIU=0 NotCMA:0 of E_MMSDK_BUF_VDPLAYER_BITSTREAM_VIDEO
10-11 21:13:33.077 I/tvos    ( 1490): PA=0X B800000, VA=0XB01D9000, Size=0X  800000, MIU=0 NotCMA:0 of E_MMSDK_BUF_VDPLAYER_BITSTREAM_AUDIO
10-11 21:13:33.077 I/tvos    ( 1490): PA=0X1D200000, VA=0X8C7F6000, Size=0X  2E0000, MIU=0 NotCMA:0 of E_MMSDK_BUF_VDPLAYER_BITSTREAM_SUBTITLE
10-11 21:13:33.077 I/tvos    ( 1490): PA=0X1D4E0000, VA=0X8CAD6000, Size=0X   20000, MIU=0 NotCMA:0 of E_MMSDK_BUF_PHY_ADDR_FOR_COPY_DATA
10-11 21:13:33.078 I/tvos    ( 1490): PA=0X1D500000, VA=0X8CAF6000, Size=0X   40000, MIU=0 NotCMA:0 of E_MMSDK_BUF_SUBTITLE_PUSH
10-11 21:13:33.078 I/tvos    ( 1490): PA=0X1D540000, VA=0X8CB36000, Size=0X    2000, MIU=0 NotCMA:0 of E_MMSDK_BUF_TTX_VE
10-11 21:13:33.078 I/tvos    ( 1490): PA=0X       0, VA=0X       0, Size=0X       0, MIU=0 NotCMA:0 of E_MMSDK_BUF_MAD_DECODE
10-11 21:13:33.078 I/tvos    ( 1490): PA=0X80000000, VA=0X8C5F6000, Size=0X  200000, MIU=1 NotCMA:0 of E_MMSDK_BUF_VDEC_CPU
10-11 21:13:33.079 I/tvos    ( 1490): PA=0X       0, VA=0X       0, Size=0X       0, MIU=0 NotCMA:0 of E_MMSDK_BUF_VDEC_FRAMEBUFFER
10-11 21:13:33.079 I/tvos    ( 1490): PA=0X       0, VA=0X       0, Size=0X       0, MIU=0 NotCMA:0 of E_MMSDK_BUF_VDEC_SUB_FRAMEBUFFER
10-11 21:13:33.079 I/tvos    ( 1490): PA=0X       0, VA=0X       0, Size=0X       0, MIU=0 NotCMA:0 of E_MMSDK_BUF_VDEC_FRAMEBUFFER_SD
10-11 21:13:33.079 I/tvos    ( 1490): PA=0X80400000, VA=0XACDD9000, Size=0X 1000000, MIU=1 NotCMA:0 of E_MMSDK_BUF_VDEC_STREAMBUFFER
10-11 21:13:33.079 I/tvos    ( 1490): PA=0X       0, VA=0X       0, Size=0X       0, MIU=0 NotCMA:0 of E_MMSDK_BUF_VDEC_SUB_STREAMBUFFER
10-11 21:13:33.079 I/tvos    ( 1490): PA=0X80400000, VA=0XACDD9000, Size=0X 1000000, MIU=1 NotCMA:0 of E_MMSDK_BUF_VDEC_STREAMBUFFER_SD
10-11 21:13:33.080 I/tvos    ( 1490): PA=0X       0, VA=0X       0, Size=0X       0, MIU=0 NotCMA:0 of E_MMSDK_BUF_VDEC_FRAMEBUFFER_MVC
10-11 21:13:33.080 I/tvos    ( 1490): PA=0X80400000, VA=0XACDD9000, Size=0X 1000000, MIU=1 NotCMA:0 of E_MMSDK_BUF_VDEC_STREAMBUFFER_MVC
10-11 21:13:33.080 I/tvos    ( 1490): PA=0X   A0000, VA=0X907AB000, Size=0X  160000, MIU=0 NotCMA:0 of E_MMSDK_BUF_DEMUX_SEC
10-11 21:13:33.081 I/tvos    ( 1490): PA=0X       0, VA=0X       0, Size=0X       0, MIU=0 NotCMA:0 of E_MMSDK_BUF_VDEC_GN_IAP
10-11 21:13:33.081 I/tvos    ( 1490): PA=0X       0, VA=0X       0, Size=0X       0, MIU=0 NotCMA:0 of E_MMSDK_BUF_VDEC_FRAMEBUFFER_EVD_EXT
10-11 21:13:33.081 I/tvos    ( 1490): PA=0X       0, VA=0X       0, Size=0X       0, MIU=0 NotCMA:0 of E_MMSDK_BUF_VDPLAYER_AEON_DATA_EXT
10-11 21:13:33.081 I/tvos    ( 1490): Map PA:0X0A800000 Size:0X01000000
10-11 21:13:33.082 I/tvos    ( 1490): Map PA:0X0B800000 Size:0X00800000
10-11 21:13:33.082 I/tvos    ( 1490): Map PA:0X1D200000 Size:0X002E0000
10-11 21:13:33.084 I/tvos    ( 1490): Please implement PT_Display_MvopSendCommand() to avoid call MDrv_MVOP_SetCommand() directly
10-11 21:13:33.086 I/tvos    ( 1490): m_bIsSupportMultiMiu=1
10-11 21:13:33.086 I/tvos    ( 1490): Resume Info
10-11 21:13:33.086 I/tvos    ( 1490):  Title=0
10-11 21:13:33.086 I/tvos    ( 1490):  Edition=0
10-11 21:13:33.086 I/tvos    ( 1490):  Audio=0
10-11 21:13:33.086 I/tvos    ( 1490):  Subtitle=0
10-11 21:13:33.086 I/tvos    ( 1490):  Program=0
10-11 21:13:33.087 I/tvos    ( 1490):  Resume Time=0(ms)
10-11 21:13:33.087 I/tvos    ( 1490): ENABLE AUDIO HANDLER.
10-11 21:13:33.087 I/tvos    ( 1490): >>>GetDRMSetting From EEPROM
10-11 21:13:33.087 I/tvos    ( 1490): >>>>  DRM start  DRM MODEL ID  0x3031
10-11 21:13:33.087 I/tvos    ( 1490): LoadDRMMemory();
10-11 21:13:33.088 I/tvos    ( 1490): Display Msg: 37.
10-11 21:13:33.088 I/tvos    ( 1490): Enable TS Subtitle codec state  1
10-11 21:13:33.121 I/tvos    ( 1490): app12:ShareMemKeyNum = 5
10-11 21:13:33.122 I/tvos    ( 1490): setShareMemInfo(0x000003ae, 0x00000001)
10-11 21:13:33.123 I/tvos    ( 1490): setShareMemInfo(0x000002cd, 0x00000000)
10-11 21:13:33.123 I/tvos    ( 1490): setShareMemInfo(0x000003c6, 0x00400000)
10-11 21:13:33.125 I/tvos    ( 1490): setShareMemInfo(0x000003d4, 0x00000001)
10-11 21:13:33.126 I/tvos    ( 1490): setShareMemInfo(0x0000030a, 0x00060000)
10-11 21:13:33.126 I/tvos    ( 1490): PT_Audio_GetUnsupportAudioCodec() had not been implemented.
10-11 21:13:33.127 I/tvos    ( 1490): videoCreateMedia Done.
10-11 21:13:33.127 I/tvos    ( 1490): Create CP Ccodec Video Media Done.
10-11 21:13:33.127 I/tvos    ( 1490): MM_CreateMediaItem done
10-11 21:13:33.145 I/tvos    ( 1490): [IPAUTH][Utopia]: 
10-11 21:13:33.145 I/tvos    ( 1490): 0432894100a2
10-11 21:13:33.145 I/tvos    ( 1490): [IPAUTH][Utopia]: Auth OK
10-11 21:13:33.145 I/tvos    ( 1490): [SYS] Unknown query!
10-11 21:13:33.145 I/tvos    ( 1490): [SYS] Unknown query!
10-11 21:13:33.145 I/tvos    ( 1490): Check S/W IP Statue
10-11 21:13:33.145 I/tvos    ( 1490): [0]:OFF; [1]:OFF; [2]:OFF; [3]:OFF
10-11 21:13:33.145 I/tvos    ( 1490): [4]:OFF; [5]:OFF; [6]:OFF; [7]:OFF
10-11 21:13:33.145 I/tvos    ( 1490): [8]:OFF; [9]:OFF; [10]:OFF; [11]:OFF
10-11 21:13:33.145 I/tvos    ( 1490): [12]:OFF; [13]:OFF; [14]:OFF; [15]:OFF
10-11 21:13:33.145 I/tvos    ( 1490): [16]:OFF; [17]:OFF; [18]:OFF; [19]:ON
10-11 21:13:33.145 I/tvos    ( 1490): [20]:ON; [21]:ON; [22]:ON; [23]:ON
10-11 21:13:33.145 I/tvos    ( 1490): [SYS] Unknown query!
10-11 21:13:33.145 I/tvos    ( 1490): [24]:ON; [25]:ON; [26]:ON; [27]:ON
10-11 21:13:33.145 I/tvos    ( 1490): [28]:OFF; [29]:ON; [30]:ON; [31]:OFF
10-11 21:13:33.145 I/tvos    ( 1490): [32]:OFF; [33]:OFF; [34]:ON; [35]:OFF
10-11 21:13:33.145 I/tvos    ( 1490): [SYS] Unknown query!
10-11 21:13:33.145 I/tvos    ( 1490): [36]:OFF; [37]:OFF; [38]:OFF; [39]:ON
10-11 21:13:33.145 I/tvos    ( 1490): [40]:ON; [41]:OFF; [42]:OFF; [43]:ON
10-11 21:13:33.145 I/tvos    ( 1490): [44]:OFF; [45]:OFF; [46]:OFF; [47]:OFF
10-11 21:13:33.145 I/tvos    ( 1490): [48]:OFF; [49]:OFF; [50]:OFF; [51]:OFF
10-11 21:13:33.145 I/tvos    ( 1490): [52]:OFF; [53]:OFF; [54]:OFF; [55]:OFF
10-11 21:13:33.145 I/tvos    ( 1490): [56]:OFF; [57]:OFF; [58]:OFF; [59]:OFF
10-11 21:13:33.145 I/tvos    ( 1490): [60]:OFF; [61]:ON; [62]:OFF; [63]:OFF
10-11 21:13:33.145 I/tvos    ( 1490): [64]:OFF; [65]:OFF; [66]:OFF; [67]:OFF
10-11 21:13:33.145 I/tvos    ( 1490): [68]:OFF; [69]:OFF; [70]:ON; [71]:OFF
10-11 21:13:33.145 I/tvos    ( 1490): [72]:OFF; [73]:OFF; [74]:OFF; [75]:ON
10-11 21:13:33.145 I/tvos    ( 1490): [76]:OFF; [77]:ON; [78]:OFF; [79]:OFF
10-11 21:13:33.145 I/tvos    ( 1490): [80]:OFF; [81]:OFF; [82]:OFF; [83]:OFF
10-11 21:13:33.145 I/tvos    ( 1490): [84]:OFF; [85]:ON; [86]:ON; [87]:ON
10-11 21:13:33.145 I/tvos    ( 1490): [88]:ON; [89]:OFF; [90]:OFF; [91]:ON
10-11 21:13:33.145 I/tvos    ( 1490): [SYS] Unknown query!
10-11 21:13:33.147 I/tvos    ( 1490): E_SHAREMEM_IS_TEE 0x0
10-11 21:13:33.157 I/tvos    ( 1490): Can't find out selected GPIO device 30!!Please add GPIO device into system.cfg
10-11 21:13:33.159 I/tvos    ( 1490): CECthread
10-11 21:13:33.159 I/tvos    ( 1490): mapi_str::addStrThreadItem ptid=0x8c2f5460 m_StrThreadItems.size()=5,this=0x1ac0ba0, name=CECMonitor
10-11 21:13:33.160 I/tvos    ( 1490): mapi_str::addStrThreadItem ptid=0x8c3f5460 m_StrThreadItems.size()=6,this=0x1ac0ba0, name=CountDownTime
10-11 21:13:33.160 I/tvos    ( 1490): mapi_str::addStrThreadItem ptid=0x8c4f5460 m_StrThreadItems.size()=7,this=0x1ac0ba0, name=PollingCurrTime
10-11 21:13:33.161 I/tvos    ( 1490): File format : MP4
10-11 21:13:33.164 I/tvos    ( 1490): mapi_str::addStrThreadItem ptid=0x8c5f5460 m_StrThreadItems.size()=8,this=0x1ac0ba0, name=PowerDownOffTim
10-11 21:13:33.187 I/tvos    ( 1490): Index Table: 1
10-11 21:13:33.188 I/tvos    ( 1490): ==============================================================================================
10-11 21:13:33.188 I/tvos    ( 1490): Data:MIU0; Bits:MIU0; MAD:MIU0; MVD:MIU1; SVD:MIU1; FB:MIU2; TSP:MIU0; FBL:No
10-11 21:13:33.188 I/tvos    ( 1490): Bit Buffer:0xaf1d9000(0xa800000)	Size:0x0
10-11 21:13:33.189 I/tvos    ( 1490): Subtitle Bit Buf:0x8c7f6000(0x1d200000)	Size:0x0
10-11 21:13:33.189 I/tvos    ( 1490): MAD Buffer:0x97f65000
10-11 21:13:33.189 I/tvos    ( 1490): MADExt Buffer:0xb01d9000(0xb800000)	Size:0x0
10-11 21:13:33.189 I/tvos    ( 1490): VDEC FW Buffer:0x8c5f6000(0x80000000)	Size:0x0
10-11 21:13:33.190 I/tvos    ( 1490): ERROR!!! CAN'T SUCCESSFULLY CONVERT FROM VA(0) TO PA(0)
10-11 21:13:33.190 I/tvos    ( 1490): Frame Buffer:0x0(0xffffffff)	Size:0x0
10-11 21:13:33.190 I/tvos    ( 1490): MVD Buffer:0xacdd9000(0x80400000)	Size:0x0
10-11 21:13:33.190 I/tvos    ( 1490): TSP FW Buffer:0x907ab000(0xa0000)	Size:0x0
10-11 21:13:33.190 I/tvos    ( 1490): Data Buffer:0xc001000	Size:0x37f000
10-11 21:13:33.192 I/tvos    ( 1490): Attached File Buffer Size:0xffffffff
10-11 21:13:33.193 I/tvos    ( 1490): -> Demuxer:0xc1cc000	Size:0x1b4000
10-11 21:13:33.193 I/tvos    ( 1490): -> SeqHeader:0xb09da000	Size:0x1000
10-11 21:13:33.193 I/tvos    ( 1490): -> MOV Table:0xb09e5000	Size:0x1c0000
10-11 21:13:33.193 I/tvos    ( 1490): -> MOV Static:0xb0c44108	Size:0x102000
10-11 21:13:33.193 I/tvos    ( 1490): -> DRM Payload:0xb09de000	Size:0x4000
10-11 21:13:33.194 I/tvos    ( 1490): -> DRM Playback Context:0xb09e2000	Size:0x1000
10-11 21:13:33.194 I/tvos    ( 1490): -> MADExtend:0xb09e4000	Size:0x1000
10-11 21:13:33.194 I/tvos    ( 1490): -> NonCache Area:0xb09e3000	Size:0x1000
10-11 21:13:33.194 I/tvos    ( 1490): -> Reserved Size:0x0
10-11 21:13:33.194 I/tvos    ( 1490): ==============================================================================================
10-11 21:13:33.194 I/tvos    ( 1490): Audio Handler is ON!!
10-11 21:13:33.194 I/tvos    ( 1490): Subtitle Handler is ON!!
10-11 21:13:33.195 I/tvos    ( 1490): Initialize H264 HW
10-11 21:13:33.216 I/tvos    ( 1490): [VDEC][Utopia]: E_VDEC_EX_V2_USER_CMD_DYNAMIC_CMA_MODE 0x1
10-11 21:13:33.282 I/tvos    ( 1490): [VDEC][Utopia]: [VDEC][0] MApi_CMA_Pool_Init[0]: pool_handle_id=13, miu=1, offset=1400000, length=a800000 , FrameBuffer=0, unUseSize=0
10-11 21:13:33.335 I/tvos    ( 1490): /mslib/libAppIpcService.so: undefined symbol: _ZTI15mapi_video_base
10-11 21:13:33.336 I/tvos    ( 1490): tvos main, Service_Instantiate() failed on 'AppIpcService_Instantiate'
10-11 21:13:33.342 I/tvos    ( 1490): [VDEC][Utopia]: [VDEC][0] MApi_CMA_Pool_Init[1]: pool_handle_id=14, miu=0, offset=16c00000, length=4400000 , FrameBuffer=0, unUseSize=0
10-11 21:13:33.343 I/tvos    ( 1490): [HAL][HAL_VPU_EX_GetCMAMemSize]:[4218] total_length:176160768, cType:11, sType:2
10-11 21:13:33.346 I/tvos    ( 1490): [HAL][HAL_VPU_EX_GetCMAMemSize]:[4227] FrameSize:136314880, offset:0, length:0 [VDEC][Utopia]: [VDEC][0][CMA]u32FrameBufSize is 0
10-11 21:13:33.434 I/tvos    ( 1490): [CEC] enWakeupSource = 1
10-11 21:13:33.434 I/tvos    ( 1490): [CEC] ================================== 
10-11 21:13:33.434 I/tvos    ( 1490): [CEC] HDMI CEC Version 0x0901
10-11 21:13:33.434 I/tvos    ( 1490): [CEC] ==================================[CEC] MSrv_CEC::Finalize()
10-11 21:13:33.434 I/tvos    ( 1490): ----./src/MSrv_CEC.cpp,Finalize,770------ARC_OFF--------------
10-11 21:13:33.434 I/tvos    ( 1490): mapi_str::removeStrThreadItem ptid=0x8c2f5460 m_StrThreadItems.size()=7,this=0x1ac0ba0, name=CECMonitor
10-11 21:13:33.632 I/tvos    ( 1490): [CMAPool][Utopia]: [35mFunction = MApi_CMA_Pool_GetMem, Line = 338, alloc_param->virt_addr is 0x75810000[m
10-11 21:13:33.632 I/tvos    ( 1490): [VDEC][Utopia]: [VDEC][0]MApi_CMA_Pool_GetMem0: alloc_param.pool_handle_id=13, alloc_param.flags=4, alloc_param.offset_in_pool=0, alloc_param.length=8200000
10-11 21:13:33.633 I/tvos    ( 1490): HAL_VPU_EX_SetDbgLevel eLevel=0x1
10-11 21:13:33.634 I/tvos    ( 1490): [SYS] Unknown query!
10-11 21:13:33.640 I/Zygote  ( 1169): ...preloaded 3770 classes in 3058ms.
10-11 21:13:33.641 I/art     ( 1169): VMRuntime.preloadDexCaches starting
10-11 21:13:33.684 I/ServiceManager( 1140): Waiting for service media.camera.proxy...
10-11 21:13:33.785 I/tvos    ( 1490): BIU DCU idle time out~~~~~
10-11 21:13:33.797 I/tvos    ( 1490): [1;32m[HAL_VPU_EX_CPUSetting] 2415  u8MiuSel = 1  r2_miu_sel = 0x0 [m
10-11 21:13:33.804 I/tvos    ( 1490): HVD power on
10-11 21:13:33.804 I/tvos    ( 1490): EVD power on
10-11 21:13:33.804 I/tvos    ( 1490): EVD miu 256 bits
10-11 21:13:33.804 I/tvos    ( 1490): [HAL_VPU_EX_TaskCreate][1781] create task : id 0x4040, cmd 0x40102, arg 0x100000, bbuID 0, offset 0 
10-11 21:13:33.813 I/tvos    ( 1490): DS enable = 0
10-11 21:13:33.821 I/tvos    ( 1490): File End
10-11 21:13:33.822 I/tvos    ( 1490): Clear File End
10-11 21:13:33.833 I/tvos    ( 1490): SEQ CHANGE INFO = 0x0, disable XC reset = 0
10-11 21:13:33.843 I/tvos    ( 1490): HDR enable(vdec) = 1
10-11 21:13:33.846 I/tvos    ( 1490): HDR Type:0x0, Addr:0xc250000
10-11 21:13:33.847 I/tvos    ( 1490): To ask Dynscaling Size from vdec  0x1800
10-11 21:13:33.847 I/tvos    ( 1490): 3D layout: 0
10-11 21:13:33.847 I/tvos    ( 1490): Size(1920x1088), Disp(1920x1080), Par(1x1), FrameRate:29970, Interlace:0
10-11 21:13:33.848 I/tvos    ( 1490): 1st sequence header Decode Ready!! **
10-11 21:13:33.848 I/tvos    ( 1490): video track id: 1
10-11 21:13:33.848 I/tvos    ( 1490): audio track id: 2
10-11 21:13:33.849 I/tvos    ( 1490): [SYS] Unknown query!
10-11 21:13:33.860 I/tvos    ( 1490): Video Init ok.
10-11 21:13:33.861 I/tvos    ( 1490): E_CPCODEC_MSG_INIT_OK: 13156.
10-11 21:13:33.862 I/tvos    ( 1490): [changhong] here comes to (/data/bootvolume.ini ,808)
10-11 21:13:33.862 I/tvos    ( 1490): [changhong] here comes to (Set_Volume ,823)
10-11 21:13:33.862 I/tvos    ( 1490): [changhong] here comes to (Set_Volume ,829) vol_high : 20
10-11 21:13:33.862 I/tvos    ( 1490): [changhong] here comes to (Set_Volume ,830) vol_low : 0
10-11 21:13:33.862 I/tvos    ( 1490): [changhong] vol too large (Set_Volume ,834)
10-11 21:13:33.862 I/tvos    ( 1490): [changhong] here comes to (Set_Volume ,838) vol_high : 28
10-11 21:13:33.863 I/tvos    ( 1490): [changhong] here comes to (Set_Volume ,839) vol_low : 5
10-11 21:13:33.864 I/tvos    ( 1490): [changhong] here comes to (/data/SPDIF_bootvolume.ini ,808)
10-11 21:13:33.864 I/tvos    ( 1490): [changhong] here comes to (Set_Volume ,823)
10-11 21:13:33.864 I/tvos    ( 1490): [changhong] here comes to (Set_Volume ,829) vol_high : 20
10-11 21:13:33.864 I/tvos    ( 1490): [changhong] here comes to (Set_Volume ,830) vol_low : 0
10-11 21:13:33.864 I/tvos    ( 1490): [changhong] vol too large (Set_Volume ,834)
10-11 21:13:33.864 I/tvos    ( 1490): [changhong] here comes to (Set_Volume ,838) vol_high : 28
10-11 21:13:33.864 I/tvos    ( 1490): [changhong] here comes to (Set_Volume ,839) vol_low : 5
10-11 21:13:33.865 I/tvos    ( 1490): ---------------------- AD_PLAY_START ----------------------
10-11 21:13:33.865 I/tvos    ( 1490): videoPlay bTimeBaseSeek 0
10-11 21:13:33.866 I/tvos    ( 1490): MM_Play done
10-11 21:13:33.873 I/tvos    ( 1490): MApp_VDPlayer_Play
10-11 21:13:33.881 W/VIDEO   ( 1160): [36m Mute Engine is 0, engine is 0 [m
10-11 21:13:33.881 W/VIDEO   ( 1160): bEnable: 1, getMuteFlag(engine, eWin): 1, 
10-11 21:13:33.881 W/VIDEO   ( 1160): BACKEND engine is 0
10-11 21:13:33.881 W/VIDEO   ( 1160): BACKEND engine video only is 0
10-11 21:13:33.881 W/VIDEO   ( 1160): SOC engine is 0
10-11 21:13:33.881 W/VIDEO   ( 1160): XC engine (MAIN) is 1
10-11 21:13:33.881 W/VIDEO   ( 1160): XC engine (SUB) is 1
10-11 21:13:33.881 W/VIDEO   ( 1160): Lock Mute Status => 
10-11 21:13:33.881 W/VIDEO   ( 1160): Lock Status: APP:UNLOCK, RESERVE_1:UNLOCK, RESERVE_2:UNLOCK, RESERVE_3:UNLOCK
10-11 21:13:33.881 W/VIDEO   ( 1160): enScalerWinType: MAIN, isLock: 0
10-11 21:13:33.881 W/VIDEO   ( 1160): Lock Status: APP:UNLOCK, RESERVE_1:UNLOCK, RESERVE_2:UNLOCK, RESERVE_3:UNLOCK
10-11 21:13:33.881 W/VIDEO   ( 1160): enScalerWinType: SUB, isLock: 0
10-11 21:13:33.881 W/VIDEO   ( 1160): ==== Increase After ====
10-11 21:13:33.881 W/VIDEO   ( 1160): BACKEND engine is 0
10-11 21:13:33.881 W/VIDEO   ( 1160): BACKEND engine video only is 0
10-11 21:13:33.881 W/VIDEO   ( 1160): SOC engine is 0
10-11 21:13:33.881 W/VIDEO   ( 1160): XC engine (MAIN) is 1
10-11 21:13:33.881 W/VIDEO   ( 1160): XC engine (SUB) is 1
10-11 21:13:33.881 W/VIDEO   ( 1160): Lock Mute Status => 
10-11 21:13:33.881 W/VIDEO   ( 1160): Lock Status: APP:UNLOCK, RESERVE_1:UNLOCK, RESERVE_2:UNLOCK, RESERVE_3:UNLOCK
10-11 21:13:33.881 W/VIDEO   ( 1160): enScalerWinType: MAIN, isLock: 0
10-11 21:13:33.881 W/VIDEO   ( 1160): Lock Status: APP:UNLOCK, RESERVE_1:UNLOCK, RESERVE_2:UNLOCK, RESERVE_3:UNLOCK
10-11 21:13:33.881 W/VIDEO   ( 1160): enScalerWinType: SUB, isLock: 0
10-11 21:13:33.884 I/tvos    ( 1490): Display Msg: 38.
10-11 21:13:33.884 I/tvos    ( 1490): Screen Setting: 1.
10-11 21:13:33.884 I/tvos    ( 1490): Set Black Screen ON.
10-11 21:13:33.884 I/tvos    ( 1490): Enter SetVideoMute ====bEnable[1]===>
10-11 21:13:33.884 I/tvos    ( 1490): =============
10-11 21:13:33.884 I/tvos    ( 1490): Video set up display.
10-11 21:13:33.884 I/tvos    ( 1490): stDisplayInfo.u32OutputRate: 0.
10-11 21:13:33.884 I/tvos    ( 1490): Video is not 3D.
10-11 21:13:33.884 I/tvos    ( 1490): Display Msg: 36.
10-11 21:13:33.884 I/tvos    ( 1490): Video W: 1920, H: 1088, Rate: 29970, Interlace: 0.
10-11 21:13:33.884 I/tvos    ( 1490): [      Crop] (   0,   0)(   0x   0)
10-11 21:13:33.884 I/tvos    ( 1490): [      Disp] (   0,   0)(3840x2160)
10-11 21:13:33.884 I/tvos    ( 1490): [VirtualWin] (   0,   0)(3840x2160)
10-11 21:13:33.884 I/tvos    ( 1490): ===Result===
10-11 21:13:33.884 I/tvos    ( 1490): [      Crop] (   0,   0)(1920x1080)
10-11 21:13:33.884 I/tvos    ( 1490): [      Disp] (   0,   0)(3840x2160)
10-11 21:13:33.884 I/tvos    ( 1490): Video Type: 2.
10-11 21:13:33.884 I/tvos    ( 1490): Scaler start: 0x0, size: 0x0.
10-11 21:13:33.895 I/tvos    ( 1490): ->u16FrameRate = 29970
10-11 21:13:33.895 I/tvos    ( 1490): ->u8Interlace = 0
10-11 21:13:33.895 I/tvos    ( 1490): ->u16HorSize = 1920
10-11 21:13:33.895 I/tvos    ( 1490): ->u16VerSize = 1088
10-11 21:13:33.910 W/XCPERF  ( 1160): Start of SetWindow [13205]
10-11 21:13:33.910 W/XCPERF  ( 1160): Start of FD_MASK [13206]
10-11 21:13:33.910 W/XCPERF  ( 1160): End of FD_MASK [13206]
10-11 21:13:33.912 W/MMVIDEO ( 1160): [ProgWin:855] Crop=8, 0, 0, 0 Mvop W=1920 H=1088 enMirror=4
10-11 21:13:33.912 W/MMVIDEO ( 1160): [ProgWin:914] m_bVirtualBox_En=0 Cap W=1920, H=1080
10-11 21:13:33.912 W/CROP    ( 1160): CropWin assigned: x,y,w,h=0,0,1920,1080
10-11 21:13:33.912 W/CROP    ( 1160): DstWin assigned: x,y,w,h=0,0,3840,2160
10-11 21:13:33.913 W/CROP    ( 1160): SrcWin1[Win=0]: x,y,w,h=152,18,1920,1080
10-11 21:13:33.914 W/CROP    ( 1160): CropWin1: x,y,w,h=0,0,1920,1080
10-11 21:13:33.914 W/CROP    ( 1160): DispWin1: x,y,w,h=0,0,3840,2160
10-11 21:13:33.915 W/CROP    ( 1160): CropWin1.1: x,y,w,h=0,0,1920,1080
10-11 21:13:33.924 I/tvos    ( 1490): === open 3D OverScan ===
10-11 21:13:33.924 W/CROP    ( 1160): CropWin1.2: x,y,w,h=0,0,1920,1080
10-11 21:13:33.924 W/CROP    ( 1160): SrcWin2: x,y,w,h=152,18,1920,1080
10-11 21:13:33.924 W/CROP    ( 1160): CropWin2: x,y,w,h=0,0,1920,1080
10-11 21:13:33.924 W/CROP    ( 1160): DispWin2: x,y,w,h=0,0,3840,2160
10-11 21:13:33.924 W/CROP    ( 1160): SrcWin3: x,y,w,h=152,18,1920,1080
10-11 21:13:33.925 W/CROP    ( 1160): CropWin3: x,y,w,h=0,0,1920,1080
10-11 21:13:33.925 W/CROP    ( 1160): DispWin3: x,y,w,h=0,0,3840,2160
10-11 21:13:33.927 W/CROP    ( 1160): SrcWin5[Win=0]: x,y,w,h=152,18,1920,1080
10-11 21:13:33.927 W/CROP    ( 1160): CropWin5: x,y,w,h=0,0,1920,1080
10-11 21:13:33.927 W/CROP    ( 1160): DispWin5: x,y,w,h=0,0,3840,2160
10-11 21:13:33.929 W/XCPERF  ( 1160): Start of XC SetWindow [13224]
10-11 21:13:34.045 I/art     ( 1169): VMRuntime.preloadDexCaches strings total=277321 before=44452 after=44452
10-11 21:13:34.045 I/art     ( 1169): VMRuntime.preloadDexCaches types total=23089 before=6991 after=7023
10-11 21:13:34.045 I/art     ( 1169): VMRuntime.preloadDexCaches fields total=117739 before=35009 after=35162
10-11 21:13:34.045 I/art     ( 1169): VMRuntime.preloadDexCaches methods total=195853 before=71080 after=71473
10-11 21:13:34.045 I/art     ( 1169): VMRuntime.preloadDexCaches finished
10-11 21:13:34.052 D/Zygote  ( 1169): end preload
10-11 21:13:34.052 I/boot_progress_preload_end( 1169): 13348
10-11 21:13:34.052 I/art     ( 1169): Starting a blocking GC Explicit
10-11 21:13:34.091 I/art     ( 1169): Explicit concurrent mark sweep GC freed 27207(1747KB) AllocSpace objects, 9(244KB) LOS objects, 24% free, 2017KB/2MB, paused 364us total 35.886ms
10-11 21:13:34.098 I/art     ( 1169): Starting a blocking GC Explicit
10-11 21:13:34.126 I/art     ( 1169): Explicit concurrent mark sweep GC freed 2169(104KB) AllocSpace objects, 0(0B) LOS objects, 24% free, 1913KB/2MB, paused 2.352ms total 28.608ms
10-11 21:13:34.127 I/art     ( 1169): Starting a blocking GC HeapTrim
10-11 21:13:34.142 I/art     ( 1169): Starting a blocking GC Background
10-11 21:13:34.144 I/tvos    ( 1490): [CMAPool][Utopia]: [35mFunction = MApi_CMA_Pool_GetMem, Line = 338, alloc_param->virt_addr is 0xA4180000[m
10-11 21:13:34.144 I/tvos    ( 1490): [fl.du][20171207][MHal_XC_Get_CMA_Addr:   7125]test 001 
10-11 21:13:34.145 I/tvos    ( 1490): [Load PQ] Panel index=6, Source index=138
10-11 21:13:34.152 I/tvos    ( 1490): Note: enPQSuggestedFrameNum(100) != *pFrameStoreNumber(101)
10-11 21:13:34.155 I/tvos    ( 1490): Note: enPQSuggestedFrameNum(100) != *pFrameStoreNumber(101)
10-11 21:13:34.155 I/tvos    ( 1490): Note: enPQSuggestedFrameNum(100) != *pFrameStoreNumber(101)
10-11 21:13:34.155 I/tvos    ( 1490): Note: enPQSuggestedFrameNum(100) != *pFrameStoreNumber(101)
10-11 21:13:34.155 I/tvos    ( 1490): The miu has been set correctly function _Hal_SC_adjust_swap_miu_setting line 958 parars 
10-11 21:13:34.156 W/XCPERF  ( 1160): End of XC SetWindow [13452]
10-11 21:13:34.157 W/XCPERF  ( 1160): Start of XC SetPanelTiming [13453]
10-11 21:13:34.157 I/tvos    ( 1490): @@11=4
10-11 21:13:34.157 I/tvos    ( 1490): @@11=4
10-11 21:13:34.158 I/tvos    ( 1490): @@11=4
10-11 21:13:34.158 I/tvos    ( 1490): @@11=4
10-11 21:13:34.187 I/tvos    ( 1490): @@11=4
10-11 21:13:34.187 I/tvos    ( 1490): @@11=4
10-11 21:13:34.187 W/XCPERF  ( 1160): End of XC SetPanelTiming [13483]
10-11 21:13:34.187 W/XCPERF  ( 1160): Start of FD_MASK [13483]
10-11 21:13:34.188 W/XCPERF  ( 1160): End of FD_MASK [13483]
10-11 21:13:34.188 W/XCPERF  ( 1160): Start of PQ [13484]
10-11 21:13:34.189 I/tvos    ( 1490): [knl_dbl] /dev/ModDBL open failed!
10-11 21:13:34.189 I/tvos    ( 1490): BW Window:0, PQSource:9, Hsize:1920, Vsize: 1080, interlace:0, Vfreq=299
10-11 21:13:34.189 I/tvos    ( 1490): Read Bandwidthtable.bin
10-11 21:13:34.208 I/tvos    ( 1490): enPQMNRType is 1
10-11 21:13:34.209 I/tvos    ( 1490): mapi_pql::LoadHdrMode is not implemented in mapi_pql, please implement this in mapi_pql_customer in Supernova
10-11 21:13:34.209 I/tvos    ( 1490):  storage xvycc do not define here  is 0 
10-11 21:13:34.209 I/tvos    ( 1490): (_MDrv_PQ_SetGRuleStatus, 7009)GRuleType(12) is bigger than STD PQ's(10), so consider it as CUSTOMER PQ's GRule Type
10-11 21:13:34.209 I/tvos    ( 1490): choki.liang SDR setPQ
10-11 21:13:34.210 I/tvos    ( 1490): choki SDR
10-11 21:13:34.210 I/tvos    ( 1490): (_MDrv_PQ_SetGRuleStatus, 7009)GRuleType(11) is bigger than STD PQ's(10), so consider it as CUSTOMER PQ's GRule Type
10-11 21:13:34.210 W/XCPERF  ( 1160): End of PQ [13506]
10-11 21:13:34.210 W/XCPERF  ( 1160): End of SetWindow [13506]
10-11 21:13:34.210 V/3D      ( 1160): Func: GetCurrent3DFormat()
10-11 21:13:34.210 V/3D      ( 1160): Func: GetCurrent3DFormat() : return current3d=0
10-11 21:13:34.212 I/tvos    ( 1490): ---mapi_display.cpp,RefreshGammaTable-->4780----No_RefreshGammaTable--m_u8GammaTableIndex=0---
10-11 21:13:34.212 E/PictureManagerService( 1160): EV_EVENT_VIDEO_STATUS, wParam is 0,  lParam is 0.
10-11 21:13:34.221 I/tvos    ( 1490): PT_GenericFunction::PT_MMSDK_SET_PICTURE_QUALITY is deprecated, please implement PT_MISC_Set_PQ()
10-11 21:13:34.221 I/tvos    ( 1490): MSrv_Picture::On, enAssignedInputSrc = 44
10-11 21:13:34.221 I/tvos    ( 1490):  ******** MSrv_Picture::On  Skip ***********
10-11 21:13:34.222 I/tvos    ( 1490): ---------------------- PERFORMANCE_FIRST_FRAME_DONE ----------------------
10-11 21:13:34.222 I/tvos    ( 1490): Disable FRC mode
10-11 21:13:34.226 I/Zygote  ( 1169): System server process 2110 has been created
10-11 21:13:34.229 I/Zygote  ( 1169): Accepting command socket connections
10-11 21:13:34.232 I/tvos    ( 1490): Load AAC Audio Codec.
10-11 21:13:34.233 I/tvos    ( 1490): ========AAC Audio Codec========
10-11 21:13:34.234 I/tvos    ( 1490): [AUDIO][Utopia]: ===== Check Audio Decoder Protection from hash-key IP =====
10-11 21:13:34.235 I/tvos    ( 1490): [AUDIO][Utopia]: Hash Key Check DD Fail, no DD license!!
10-11 21:13:34.235 I/tvos    ( 1490): [AUDIO][Utopia]: Hash Key Check DDP Fail, no DD+ license!!
10-11 21:13:34.235 I/tvos    ( 1490): [AUDIO][Utopia]: Hash-key Support Dolby MS11 without AAC.
10-11 21:13:34.235 I/tvos    ( 1490): [AUDIO][Utopia]: Hash Key Check Dolby MS12 LC profile Fail, no Dolby MS12 LC profile license!!
10-11 21:13:34.235 I/tvos    ( 1490): [AUDIO][Utopia]: Hash Key Check Dolby MS12 C profile Fail, no Dolby MS12 C profile license!!
10-11 21:13:34.235 I/tvos    ( 1490): [AUDIO][Utopia]: Hash Key Check Dolby MS12 B profile Fail, no Dolby MS12 B profile license!!
10-11 21:13:34.235 I/tvos    ( 1490): [AUDIO][Utopia]: Hash Key Check Dolby Pulse(MS10-DDT) profile Fail, no Dolby Pulse(MS10-DDT) profile license!!
10-11 21:13:34.235 I/tvos    ( 1490): [AUDIO][Utopia]: Hash-key Support Generic HE-AAC!!
10-11 21:13:34.235 I/tvos    ( 1490): [AUDIO][Utopia]: Hash Key Check DDCO Fail, no DDCO license!!
10-11 21:13:34.235 I/tvos    ( 1490): [AUDIO][Utopia]: Hash Key Check DTS Fail, no DTS license!!
10-11 21:13:34.235 I/tvos    ( 1490): [AUDIO][Utopia]: Hash-key Support WMA.
10-11 21:13:34.235 I/tvos    ( 1490): [AUDIO][Utopia]: Hash Key Check DRA Fail, no DRA license!!
10-11 21:13:34.235 I/tvos    ( 1490): [AUDIO][Utopia]: Hash Key Check DTSLBR Fail, no DTSLBR license!!
10-11 21:13:34.235 I/tvos    ( 1490): [AUDIO][Utopia]: Hash Key Check DTSE Fail, no DTSE license!!
10-11 21:13:34.235 I/tvos    ( 1490): [AUDIO][Utopia]: Hash Key Check DTSNeoUltra Fail, no DTSNeoUltra license!!
10-11 21:13:34.235 I/tvos    ( 1490): [AUDIO][Utopia]: Hash Key Check SRS_TSHD Fail, no SRS_TSHD license!!
10-11 21:13:34.235 I/tvos    ( 1490): [AUDIO][Utopia]: Hash Key Check SRS_THEATERSOUND Fail, no SRS_THEATERSOUND license!!
10-11 21:13:34.235 I/tvos    ( 1490): [AUDIO][Utopia]: Hash Key Check DTS_StudioSound3D Fail, no DTS_StudioSound3D license!!
10-11 21:13:34.235 I/tvos    ( 1490): [AUDIO][Utopia]: Hash Key Check COOK Fail, no COOK license!!
10-11 21:13:34.235 I/tvos    ( 1490): [AUDIO][Utopia]: Hash Key Check DTS_HD Fail, no DTS_HD license!!
10-11 21:13:34.235 I/tvos    ( 1490): [AUDIO][Utopia]: Hash Key Check Dolby volume Fail, no Dolby volume license!!
10-11 21:13:34.235 I/tvos    ( 1490): [AUDIO][Utopia]: Hash Key Check SRS_PURESND Fail, no SRS_PURESND license!!
10-11 21:13:34.235 I/tvos    ( 1490): [AUDIO][Utopia]: ===== Check Protection IP End                         =====
10-11 21:13:34.235 I/tvos    ( 1490): [[utopia]]      
10-11 21:13:34.235 I/tvos    ( 1490):  [1;32m==========Audio R2 & DSP Version Check==================[0m[[utopia]]      
10-11 21:13:34.235 I/tvos    ( 1490):  [1;32m         DEC-R2:0x00DE82     SND-R2:00CCA3    DSP System:0x880D7B    [0m 
10-11 21:13:34.250 I/InstallerConnection( 2110): connecting...
10-11 21:13:34.257 I/installd( 1141): new connection
10-11 21:13:34.279 I/InstallerConnection( 2110): disconnecting...
10-11 21:13:34.279 E/installd( 1141): eof
10-11 21:13:34.279 E/installd( 1141): failed to read size
10-11 21:13:34.279 I/installd( 1141): closing connection
10-11 21:13:34.314 I/tvos    ( 1490): Display Msg: 38.
10-11 21:13:34.314 I/tvos    ( 1490): Screen Setting: 1.
10-11 21:13:34.314 I/tvos    ( 1490): 2. Set Black Screen OFF after 133ms.
10-11 21:13:34.337 I/tvos    ( 1490): Demuxer Finish
10-11 21:13:34.353 I/tvos    ( 1490): @@11=4
10-11 21:13:34.353 I/tvos    ( 1490): @@11=4
10-11 21:13:34.363 I/SystemServer( 2110): Entered the Android system server!
10-11 21:13:34.364 I/boot_progress_system_run( 2110): 13659
10-11 21:13:34.448 V/3D      ( 1160): Func: Get3DFormatDetectFlag()
10-11 21:13:34.448 V/3D      ( 1160): Func: Get3DFormatDetectFlag() : return m_b3DFormatDetectFlag=0
10-11 21:13:34.448 V/3D      ( 1160): Func: Read3DSetting()
10-11 21:13:34.448 V/3D      ( 1160): Func: Get3DFormatDetectFlag()
10-11 21:13:34.448 V/3D      ( 1160): Func: Get3DFormatDetectFlag() : return m_b3DFormatDetectFlag=0
10-11 21:13:34.448 W/VIDEO   ( 1160): WaitFrameWrite2XC will modify from 0 to 0
10-11 21:13:34.448 W/VIDEO   ( 1160): [36m Mute Engine is 0, engine is 0 [m
10-11 21:13:34.448 W/VIDEO   ( 1160): bEnable: 0, getMuteFlag(engine, eWin): 1, 
10-11 21:13:34.448 W/VIDEO   ( 1160): [Unmute By API]MuteEngine: 0,  u16WaitToDoTime :0 , tid: 2020 
10-11 21:13:34.449 I/tvos    ( 1490): Enter SetVideoMute ====bEnable[0]===>
10-11 21:13:34.449 I/tvos    ( 1490): =============
10-11 21:13:34.449 W/VIDEO   ( 1160): u16PQDelayTime=99   win=main [_WaitVideoStable][1818]
10-11 21:13:34.458 I/SystemServiceManager( 2110): Starting com.android.server.pm.Installer
10-11 21:13:34.466 I/Installer( 2110): Waiting for installd to be ready.
10-11 21:13:34.466 I/InstallerConnection( 2110): connecting...
10-11 21:13:34.467 I/installd( 1141): new connection
10-11 21:13:34.467 I/SystemServiceManager( 2110): Starting com.android.server.am.ActivityManagerService$Lifecycle
10-11 21:13:34.551 I/ActivityManager( 2110): Memory class: 192
10-11 21:13:34.554 W/VIDEO   ( 1160): BACKEND engine is 0
10-11 21:13:34.554 W/VIDEO   ( 1160): BACKEND engine video only is 0
10-11 21:13:34.554 W/VIDEO   ( 1160): SOC engine is 0
10-11 21:13:34.554 W/VIDEO   ( 1160): XC engine (MAIN) is 1
10-11 21:13:34.554 W/VIDEO   ( 1160): XC engine (SUB) is 1
10-11 21:13:34.554 W/VIDEO   ( 1160): Lock Mute Status => 
10-11 21:13:34.554 W/VIDEO   ( 1160): Lock Status: APP:UNLOCK, RESERVE_1:UNLOCK, RESERVE_2:UNLOCK, RESERVE_3:UNLOCK
10-11 21:13:34.554 W/VIDEO   ( 1160): enScalerWinType: MAIN, isLock: 0
10-11 21:13:34.554 W/VIDEO   ( 1160): Lock Status: APP:UNLOCK, RESERVE_1:UNLOCK, RESERVE_2:UNLOCK, RESERVE_3:UNLOCK
10-11 21:13:34.554 W/VIDEO   ( 1160): enScalerWinType: SUB, isLock: 0
10-11 21:13:34.554 W/VIDEO   ( 1160): ==== Decrease After ====
10-11 21:13:34.554 W/VIDEO   ( 1160): BACKEND engine is 0
10-11 21:13:34.554 W/VIDEO   ( 1160): BACKEND engine video only is 0
10-11 21:13:34.554 W/VIDEO   ( 1160): SOC engine is 0
10-11 21:13:34.554 W/VIDEO   ( 1160): XC engine (MAIN) is 0
10-11 21:13:34.554 W/VIDEO   ( 1160): XC engine (SUB) is 1
10-11 21:13:34.554 W/VIDEO   ( 1160): Lock Mute Status => 
10-11 21:13:34.554 W/VIDEO   ( 1160): Lock Status: APP:UNLOCK, RESERVE_1:UNLOCK, RESERVE_2:UNLOCK, RESERVE_3:UNLOCK
10-11 21:13:34.554 W/VIDEO   ( 1160): enScalerWinType: MAIN, isLock: 0
10-11 21:13:34.554 W/VIDEO   ( 1160): Lock Status: APP:UNLOCK, RESERVE_1:UNLOCK, RESERVE_2:UNLOCK, RESERVE_3:UNLOCK
10-11 21:13:34.554 W/VIDEO   ( 1160): enScalerWinType: SUB, isLock: 0
10-11 21:13:34.598 D/BatteryStatsImpl( 2110): Reading daily items from /data/system/batterystats-daily.xml
10-11 21:13:34.684 I/ServiceManager( 1140): Waiting for service media.camera.proxy...
10-11 21:13:34.702 W/ProcessCpuTracker( 2110): Skipping unknown process pid 2167
10-11 21:13:34.708 I/ActivityManager( 2110): parsePackagesList>> adding pkg=com.android.launcher3
10-11 21:13:34.744 I/IntentFirewall( 2110): Read new rules (A:0 B:0 S:0)
10-11 21:13:34.757 V/ActivityManager( 2110): parsePackagesList>> adding pkg=com.antutu.ABenchMark
10-11 21:13:34.757 V/ActivityManager( 2110): parsePackagesList>> adding pkg=com.antutu.benchmark.bench64
10-11 21:13:34.757 V/ActivityManager( 2110): parsePackagesList>> adding pkg=com.antutu.benchmark.full
10-11 21:13:34.757 V/ActivityManager( 2110): parsePackagesList>> adding pkg=android.cts.jank.leanback
10-11 21:13:34.758 I/ActivityManager( 2110): accel87) adding allowed pkg=com.antutu.ABenchMark
10-11 21:13:34.758 I/ActivityManager( 2110): accel87) adding allowed pkg=com.antutu.benchmark.bench64
10-11 21:13:34.758 I/ActivityManager( 2110): accel87) adding allowed pkg=com.antutu.benchmark.full
10-11 21:13:34.768 I/chatty  ( 2110): uid=1000 system_server expire 118 lines
10-11 21:13:34.788 I/tvos    ( 1490): get bootlogo_gopidx:2 
10-11 21:13:34.788 I/tvos    ( 1490): [GOP API][Utopia]: result0 = 0,result1 = 1,result2 = 1,result3 = 0,result4 = 0
10-11 21:13:34.788 I/tvos    ( 1490): [GOP API][Utopia]: [_GOP_GWIN_IsGwinExistInClient][1188]GWIN 4  is not exist
10-11 21:13:34.788 I/tvos    ( 1490): [GOP API][Utopia]: [GOP_GWIN_SetEnable][4851]GWIN 4  is not exist
10-11 21:13:34.800 D/AppOps  ( 2110): AppOpsService published
10-11 21:13:34.800 I/SystemServiceManager( 2110): Starting com.android.server.power.PowerManagerService
10-11 21:13:34.808 D/PowerManagerService( 2110): Acquiring suspend blocker "PowerManagerService.Display".
10-11 21:13:34.828 I/SystemServiceManager( 2110): Starting com.android.server.lights.LightsService
10-11 21:13:34.835 I/SystemServiceManager( 2110): Starting com.android.server.display.DisplayManagerService
10-11 21:13:34.856 I/SystemServiceManager( 2110): Starting phase 100
10-11 21:13:34.861 I/DisplayManagerService( 2110): Display device added: DisplayDeviceInfo{"Встроенный экран": uniqueId="local:0", 1920 x 1080, modeId 1, defaultModeId 1, supportedModes [{id=1, width=1920, height=1080, fps=59.0}], density 240, 240.0 x 240.0 dpi, appVsyncOff 0, presDeadline 17949152, touch INTERNAL, rotation 0, type BUILT_IN, state UNKNOWN, FLAG_DEFAULT_DISPLAY, FLAG_ROTATES_WITH_CONTENT, FLAG_SECURE, FLAG_SUPPORTS_PROTECTED_BUFFERS}
10-11 21:13:34.864 I/chatty  ( 1131): uid=1000(system) Binder_3 expire 2 lines
10-11 21:13:34.864 I/chatty  ( 1131): uid=1000(system) /system/bin/surfaceflinger expire 5 lines
10-11 21:13:34.866 I/DisplayManagerService( 2110): Display device changed state: "Встроенный экран", ON
10-11 21:13:34.867 I/SystemServer( 2110): Package Manager
10-11 21:13:34.937 I/boot_progress_pms_start( 2110): 14232
10-11 21:13:34.958 W/SystemConfig( 2110): No directory /system/etc/sysconfig, skipping
10-11 21:13:34.971 I/chatty  ( 2110): uid=1000(system) HeapTaskDaemon expire 6 lines
10-11 21:13:35.005 D/SELinuxMMAC( 2110): Using policy file /system/etc/security/mac_permissions.xml
10-11 21:13:35.240 E/Netd    ( 1133): cannot find interface dummy0
10-11 21:13:35.248 D/MDnsDS  ( 1133): MDnsSdListener::Hander starting up
10-11 21:13:35.248 D/MDnsDS  ( 1133): MDnsSdListener starting to monitor
10-11 21:13:35.248 D/MDnsDS  ( 1133): Going to poll with pollCount 1
10-11 21:13:35.289 I/boot_progress_pms_system_scan_start( 2110): 14585
10-11 21:13:35.306 W/PackageManager( 2110): Library not found: /system/framework/org.apache.http.legacy.jar
10-11 21:13:35.358 I/tvos    ( 1490): [Timeout] : timer id[10]
10-11 21:13:35.358 I/tvos    ( 1490): [Status]:
10-11 21:13:35.358 I/tvos    ( 1490): 	VQ:19,273,299,280,26
10-11 21:13:35.358 I/tvos    ( 1490): 	AQ:-1,-1,-1,0,0
10-11 21:13:35.358 I/tvos    ( 1490): 	BM:b80bc(0),15e3e5(0),161c18(0)
10-11 21:13:35.358 I/tvos    ( 1490): STC Updated by Video: (2772->33)
10-11 21:13:35.361 I/tvos    ( 1490): FrmCnt:21(0,0,0) Rate:1 Sys:14656 STC:35 VPTS:33 APTS:0 Delay:31(33) V:280 A:309 VES:0x9b548 AES:0x0 PCM:0x0 AudioErr:0x0 Vptr(R,W):(b81c8,153710)
10-11 21:13:35.361 I/tvos    ( 1490): 1st Decode & Display Ready!!
10-11 21:13:35.361 I/tvos    ( 1490): Audio StartTime: 0; STC:36
10-11 21:13:35.366 I/tvos    ( 1490): Video is in playing state.
10-11 21:13:35.394 I/tvos    ( 1490): STC Updated by Audio:(69->27)
10-11 21:13:35.464 W/PackageManager( 2110): Permission android.permission.NET_SOCK_RAW from package android in an unknown group android.permission-group.SYSTEM_TOOLS
10-11 21:13:35.525 W/PackageManager( 2110): Permission android.permission.DOWNLOAD_WITHOUT_NOTIFICATION from package com.android.providers.downloads in an unknown group android.permission-group.NETWORK
10-11 21:13:35.684 I/ServiceManager( 1140): Waiting for service media.camera.proxy...
10-11 21:13:35.894 W/PackageParser( 2110): Ignoring duplicate uses-permissions/uses-permissions-sdk-m: android.permission.USE_CREDENTIALS in package: com.android.settings at: Binary XML file line #55
10-11 21:13:35.895 W/PackageParser( 2110): Ignoring duplicate uses-permissions/uses-permissions-sdk-m: android.permission.READ_SYNC_SETTINGS in package: com.android.settings at: Binary XML file line #60
10-11 21:13:35.895 W/PackageParser( 2110): Ignoring duplicate uses-permissions/uses-permissions-sdk-m: android.permission.WRITE_SYNC_SETTINGS in package: com.android.settings at: Binary XML file line #61
10-11 21:13:36.095 W/PackageParser( 2110): Ignoring duplicate uses-permissions/uses-permissions-sdk-m: android.permission.CONFIGURE_WIFI_DISPLAY in package: com.android.systemui at: Binary XML file line #119
10-11 21:13:36.170 W/PackageParser( 2110): Ignoring duplicate uses-permissions/uses-permissions-sdk-m: android.permission.READ_CONTACTS in package: com.android.bluetooth at: Binary XML file line #57
10-11 21:13:36.177 W/PackageParser( 2110): No actions in intent filter at /system/app/Bluetooth/Bluetooth.apk Binary XML file line #211
10-11 21:13:36.303 W/PackageParser( 2110): Unknown element under <manifest>: uses_permission at /system/app/CHFactoryMenu/FactoryMenu.apk Binary XML file line #64
10-11 21:13:36.303 W/PackageParser( 2110): Ignoring duplicate uses-permissions/uses-permissions-sdk-m: android.permission.SYSTEM_ALERT_WINDOW in package: com.changhong.factory at: Binary XML file line #72
10-11 21:13:36.303 W/PackageParser( 2110): Ignoring duplicate uses-permissions/uses-permissions-sdk-m: android.permission.ACCESS_NETWORK_STATE in package: com.changhong.factory at: Binary XML file line #75
10-11 21:13:36.304 W/PackageParser( 2110): Ignoring duplicate uses-permissions/uses-permissions-sdk-m: android.permission.ACCESS_WIFI_STATE in package: com.changhong.factory at: Binary XML file line #81
10-11 21:13:36.417 W/PackageParser( 2110): Ignoring duplicate uses-permissions/uses-permissions-sdk-m: android.permission.WRITE_EXTERNAL_STORAGE in package: com.changhong.minilauncher at: Binary XML file line #31
10-11 21:13:36.418 W/PackageParser( 2110): Ignoring duplicate uses-permissions/uses-permissions-sdk-m: android.permission.ACCESS_FINE_LOCATION in package: com.changhong.minilauncher at: Binary XML file line #46
10-11 21:13:36.418 W/PackageParser( 2110): Ignoring duplicate uses-permissions/uses-permissions-sdk-m: android.permission.ACCESS_WIFI_STATE in package: com.changhong.minilauncher at: Binary XML file line #47
10-11 21:13:36.418 W/PackageParser( 2110): Ignoring duplicate uses-permissions/uses-permissions-sdk-m: android.permission.ACCESS_NETWORK_STATE in package: com.changhong.minilauncher at: Binary XML file line #48
10-11 21:13:36.418 W/PackageParser( 2110): Ignoring duplicate uses-permissions/uses-permissions-sdk-m: android.permission.CHANGE_WIFI_STATE in package: com.changhong.minilauncher at: Binary XML file line #49
10-11 21:13:36.418 W/PackageParser( 2110): Ignoring duplicate uses-permissions/uses-permissions-sdk-m: android.permission.READ_PHONE_STATE in package: com.changhong.minilauncher at: Binary XML file line #50
10-11 21:13:36.534 W/PackageParser( 2110): Ignoring duplicate uses-permissions/uses-permissions-sdk-m: android.permission.WRITE_SETTINGS in package: com.changhong.setting at: Binary XML file line #24
10-11 21:13:36.534 W/PackageParser( 2110): Ignoring duplicate uses-permissions/uses-permissions-sdk-m: android.permission.WRITE_SETTINGS in package: com.changhong.setting at: Binary XML file line #29
10-11 21:13:36.624 W/PackageParser( 2110): Ignoring duplicate uses-permissions/uses-permissions-sdk-m: android.permission.GET_TASKS in package: com.changhong.tvplayer.activity at: Binary XML file line #25
10-11 21:13:36.685 I/AudioPolicyService( 1140): AudioPolicyService CSTOR in new mode
10-11 21:13:36.687 W/APM::HwModule( 1140): loadOutput() invalid supported devices
10-11 21:13:36.687 I/APM::ConfigParsingUtils( 1140): loadAudioPolicyConfig() loaded /system/etc/audio_policy.conf
10-11 21:13:36.691 D/SYS     ( 1140): [Utopia]MDrv_SYS_GlobalInit successfully called one time,call MDrv_SYS_GlobalInit again in the same process  will  cause error
10-11 21:13:36.696 E/audio_hw_primary( 1140): E_MMAP_ID_MAD_R2: 0x0, Start: 0x0, size: 470810624
10-11 21:13:36.696 E/audio_hw_primary( 1140): MPool_Mapping Fail: E_MMAP_ID_MAD_SE: 0x0, Start: 0x0, size: 487587840
10-11 21:13:36.696 E/audio_hw_primary( 1140): MPool_Mapping Fail: E_MMAP_ID_MAD_SE: 0x0, Start: 0x0, size: 487587840
10-11 21:13:36.696 E/audio_hw_primary( 1140): E_MMAP_ID_MAD_SE: 0x0, Start: 0x0, size: 487587840
10-11 21:13:36.696 E/audio_hw_primary( 1140): MPool_Mapping Fail: E_MMAP_ID_MAD_DEC: 0x0, Start: 0x0, size: 487587840
10-11 21:13:36.696 E/audio_hw_primary( 1140): MPool_Mapping Fail: E_MMAP_ID_MAD_DEC: 0x0, Start: 0x0, size: 487587840
10-11 21:13:36.696 E/audio_hw_primary( 1140): E_MMAP_ID_MAD_DEC: 0x0, Start: 0x0, size: 487587840
10-11 21:13:36.696 E/audio_hw_primary( 1140): MPool_Mapping Fail: E_MMAP_ID_MAD_COMMON: 0x0, Start: 0x0, size: 487587840
10-11 21:13:36.696 E/audio_hw_primary( 1140): MPool_Mapping Fail: E_MMAP_ID_MAD_COMMON: 0x0, Start: 0x0, size: 487587840
10-11 21:13:36.696 E/audio_hw_primary( 1140): E_MMAP_ID_MAD_COMMON: 0x0, Start: 0x0, size: 487587840
10-11 21:13:36.697 E/        ( 1140): <<android>>      HAL_AUDIO_SetDspBaseAddr() : Warning! g_AudioVars2 should not be NULL !!!
10-11 21:13:36.697 E/        ( 1140): <<android>>      HAL_AUDIO_SetDspBaseAddr() : Perform SHM Init here !!!
10-11 21:13:36.699 E/        ( 1140): <<android>>      Start HAL_AUDIO_AllocateVars InitShmFlag=0
10-11 21:13:36.699 E/        ( 1140): <<android>>      HAL_AUDIO_AllocateVars QUERY ClientCounter=1
10-11 21:13:36.699 E/        ( 1140): <<android>>      End HAL_AUDIO_AllocateVars InitShmFlag=1, ClientCounter=2 
10-11 21:13:36.699 I/        ( 1140): <<android>>      0 DSPBinBaseAddress = 0x00000000
10-11 21:13:36.699 I/        ( 1140): <<android>>      0 DSPMadBaseBufferAdr = 0x1CC00000
10-11 21:13:36.699 I/        ( 1140): <<android>>      0 DSPMadMIUBank = 0
10-11 21:13:36.699 I/        ( 1140): <<android>>      1 DSPBinBaseAddress = 0x00000000
10-11 21:13:36.699 I/        ( 1140): <<android>>      1 DSPMadBaseBufferAdr = 0x1C980000
10-11 21:13:36.699 I/        ( 1140): <<android>>      1 DSPMadMIUBank = 0
10-11 21:13:36.699 I/        ( 1140): <<android>>      2 DSPBinBaseAddress = 0x00000000
10-11 21:13:36.699 I/        ( 1140): <<android>>      2 DSPMadBaseBufferAdr = 0x1C100000
10-11 21:13:36.699 I/        ( 1140): <<android>>      2 DSPMadMIUBank = 0
10-11 21:13:36.700 I/AUDIO   ( 1140): [Utopia]MApi_AUDIO_WritePreInitTable() : doesn't need to init again
10-11 21:13:36.700 E/AUDIO   ( 1140): [Utopia]MDrv_AUDIO_PCM_Init: Init PCM device
10-11 21:13:36.700 E/        ( 1140): <<android>>      HAL_MAD_SetCommInfo: g_FuncPrt_Hal_SetAudioParam2 hook OK !!
10-11 21:13:36.700 E/        ( 1140): <<android>>      HAL_MAD_SetCommInfo: g_FuncPrt_Hal_GetAudioInfo2 hook OK !!
10-11 21:13:36.700 I/AUDIO   ( 1140): [Utopia]MApi_AUDIO_Initialize doesn't need to init again
10-11 21:13:36.701 E/audio_hw_primary( 1140): hw_get_module SYNCHRONIZER_HARDWARE_MODULE_ID fail
10-11 21:13:36.704 I/AudioFlinger( 1140): loadHwModule() Loaded primary audio interface from MStar Audio HAL (audio) handle 1
10-11 21:13:36.704 I/AudioFlinger( 1140): openOutput(), module 1 Device 2, SamplingRate 48000, Format 0x000001, Channels 3, flags 2
10-11 21:13:36.704 E/audio_hw_primary( 1140): [adev_open_output_stream][2738], [AUDIO_DEVICE_OUT_SPEAKER], ch(2)
10-11 21:13:36.704 I/AudioFlinger( 1140): AudioStreamOut::open(), mHalFormatIsLinearPcm = 1
10-11 21:13:36.705 I/AudioFlinger( 1140): HAL output buffer size 1024 frames, normal sink buffer size 1024 frames
10-11 21:13:36.726 I/BufferProvider( 1140): found effect "Multichannel Downmix To Stereo" from The Android Open Source Project
10-11 21:13:36.726 I/AudioFlinger( 1140): Using module 1 has the primary audio interface
10-11 21:13:36.728 I/AudioFlinger( 1140): AudioFlinger's thread 0xad239008 ready to run
10-11 21:13:36.728 D/AudioFlinger( 1140): Connect to AudioManager from TVOS>>>
10-11 21:13:36.728 D/AudioFlinger( 1140): sys.boot_completed is 0
10-11 21:13:36.729 E/AudioFlinger( 1140): connected to audio manager service.
10-11 21:13:36.729 I/audio_hw_primary( 1140): adev_create_audio_patch::mix->device 
10-11 21:13:36.729 I/audio_hw_primary( 1140): adev_create_audio_patch *handle=0 num_audio_patch=0
10-11 21:13:36.729 I/audio_hw_primary( 1140): audio_patch_mix2device::source:0xffffffff, sink:0x2 
10-11 21:13:36.730 I/tinyalsa( 1140): open /dev/snd/pcmC0D0p in NON-Block mode
10-11 21:13:36.730 D/audio_hw_primary( 1140): adev_create_audio_patch::exit
10-11 21:13:36.731 I/audio_hw_primary( 1140): Android haven't boot completed, so don't set tv volume!
10-11 21:13:36.732 I/tinyalsa( 1140): open /dev/snd/pcmC0D0c in NON-Block mode
10-11 21:13:36.733 E/AudioFlinger( 1140): FastCaptureDefeat: true
10-11 21:13:36.733 E/AudioFlinger( 1140): no wake lock to update!
10-11 21:13:36.734 I/AudioFlinger( 1140): AudioFlinger's thread 0xacf79008 ready to run
10-11 21:13:36.747 I/tinyalsa( 1140): open /dev/snd/pcmC0D1c in NON-Block mode
10-11 21:13:36.747 E/AudioFlinger( 1140): FastCaptureDefeat: true
10-11 21:13:36.752 W/PackageParser( 2110): Ignoring duplicate uses-permissions/uses-permissions-sdk-m: android.permission.SYSTEM_ALERT_WINDOW in package: com.huan.appstore at: Binary XML file line #42
10-11 21:13:36.754 I/AudioFlinger( 1140): AudioFlinger's thread 0xace7a008 ready to run
10-11 21:13:36.762 I/tinyalsa( 1140): open /dev/snd/pcmC0D1c in NON-Block mode
10-11 21:13:36.764 E/AudioFlinger( 1140): FastCaptureDefeat: true
10-11 21:13:36.766 I/AudioFlinger( 1140): AudioFlinger's thread 0xacd7b008 ready to run
10-11 21:13:36.778 I/tinyalsa( 1140): open /dev/snd/pcmC0D0c in NON-Block mode
10-11 21:13:36.779 E/AudioFlinger( 1140): FastCaptureDefeat: true
10-11 21:13:36.782 I/AudioFlinger( 1140): AudioFlinger's thread 0xacc7c008 ready to run
10-11 21:13:36.792 E/AudioFlinger( 1140): int android::load_audio_interface(const char*, audio_hw_device_t**) couldn't load audio hw module audio.raw (No such file or directory)
10-11 21:13:36.792 I/AudioFlinger( 1140): loadHwModule() error -2 loading module raw 
10-11 21:13:36.792 W/APM::AudioPolicyManager( 1140): could not open HW module raw
