01-01 03:00:01.384 W/        (    0): Auto downlaod client[0] is disabled, please enable first.
01-01 03:00:01.385 E/fs_mgr  (    0): Warning: unknown flag nodiscard
01-01 03:00:01.389 E/fs_mgr  (    0): Warning: unknown flag data=ordered
01-01 03:00:01.395 E/fs_mgr  (    0): Warning: unknown flag journal_checksum
01-01 03:00:01.400 E/fs_mgr  (    0): Warning: unknown flag block_validity
01-01 03:00:01.405 E/fs_mgr  (    0): Warning: unknown flag nodiscard
01-01 03:00:01.410 E/fs_mgr  (    0): Warning: unknown flag data=ordered
01-01 03:00:01.414 W/        (    0): Auto downlaod client[0] is disabled, please enable first.
01-01 03:00:01.416 E/fs_mgr  (    0): Warning: unknown flag journal_checksum
01-01 03:00:01.422 I/init    (    0): Starting service 'logd-reinit'...
01-01 03:00:01.425 I/init    (    0): Starting service 'healthd'...
01-01 03:00:01.425 I/init    (    0): Starting service 'lmkd'...
01-01 03:00:01.426 I/init    (    0): Starting service 'servicemanager'...
01-01 03:00:01.426 I/init    (    0): Starting service 'surfaceflinger'...
01-01 03:00:01.427 I/init    (    0): Starting service 'resourcemanager'...
01-01 03:00:01.428 I/init    (    0): Starting service 'netd'...
01-01 03:00:01.428 I/init    (    0): Starting service 'debuggerd'...
01-01 03:00:01.429 E/init    (    0): cannot find '/system/bin/debuggerd64', disabling 'debuggerd64'
01-01 03:00:01.430 E/fs_mgr  (    0): Warning: unknown flag block_validity
01-01 03:00:01.430 E/fs_mgr  (    0): Warning: unknown flag nodiscard
01-01 03:00:01.430 E/fs_mgr  (    0): Warning: unknown flag data=ordered
01-01 03:00:01.430 E/fs_mgr  (    0): Warning: unknown flag journal_checksum
01-01 03:00:01.430 E/fs_mgr  (    0): Warning: unknown flag block_validity
01-01 03:00:01.430 E/fs_mgr  (    0): Warning: unknown flag nodiscard
01-01 03:00:01.430 E/fs_mgr  (    0): Warning: unknown flag data=ordered
01-01 03:00:01.430 E/fs_mgr  (    0): Warning: unknown flag journal_checksum
01-01 03:00:01.430 E/fs_mgr  (    0): Warning: unknown flag block_validity
01-01 03:00:01.430 E/fs_mgr  (    0): Warning: unknown flag nodiscard
01-01 03:00:01.430 E/fs_mgr  (    0): Warning: unknown flag data=ordered
01-01 03:00:01.430 E/fs_mgr  (    0): Warning: unknown flag journal_checksum
01-01 03:00:01.430 E/fs_mgr  (    0): Warning: unknown flag block_validity
01-01 03:00:01.430 E/fs_mgr  (    0): Warning: unknown flag nodiscard
01-01 03:00:01.430 E/fs_mgr  (    0): Warning: unknown flag data=ordered
01-01 03:00:01.430 E/fs_mgr  (    0): Warning: unknown flag journal_checksum
01-01 03:00:01.430 E/fs_mgr  (    0): Warning: unknown flag block_validity
01-01 03:00:01.430 E/fs_mgr  (    0): Warning: unknown flag nodiscard
01-01 03:00:01.430 E/fs_mgr  (    0): Warning: unknown flag data=ordered
01-01 03:00:01.430 E/fs_mgr  (    0): Warning: unknown flag journal_checksum
01-01 03:00:01.430 E/fs_mgr  (    0): Warning: unknown flag block_validity
01-01 03:00:01.430 E/fs_mgr  (    0): Warning: unknown flag nodiscard
01-01 03:00:01.430 E/fs_mgr  (    0): Warning: unknown flag data=ordered
01-01 03:00:01.430 E/fs_mgr  (    0): Warning: unknown flag journal_checksum
01-01 03:00:01.452 I/logd.daemon(    0): reinit
01-01 03:00:01.562 E/init    (    0): cannot find '/system/bin/rild', disabling 'ril-daemon'
01-01 03:00:01.563 I/binder  (    0): 1128:1128 transaction failed 29189, size 0-0
01-01 03:00:01.564 W/        (    0): Auto downlaod client[0] is disabled, please enable first.
01-01 03:00:01.569 I/init    (    0): Starting service 'drm'...
01-01 03:00:01.569 I/init    (    0): Starting service 'media'...
01-01 03:00:01.570 I/init    (    0): Starting service 'installd'...
01-01 03:00:01.570 E/init    (    0): cannot find '/system/bin/install-recovery.sh', disabling 'flash_recovery'
01-01 03:00:01.579 I/init    (    0): Starting service 'blinking'...
01-01 03:00:01.579 I/init    (    0): Starting service 'keystore'...
01-01 03:00:01.584 W/        (    0): Auto downlaod client[0] is disabled, please enable first.
01-01 03:00:01.600 I/init    (    0): Starting service 'tvservice'...
01-01 03:00:01.601 I/init    (    0): Starting service 'virtualkeypad'...
01-01 03:00:01.601 I/init    (    0): Starting service 'livecap'...
01-01 03:00:01.602 I/init    (    0): Starting service 'multicast'...
01-01 03:00:01.602 I/init    (    0): Starting service 'tee'...
01-01 03:00:01.603 I/init    (    0): Starting service 'tee_shmem'...
01-01 03:00:01.603 I/init    (    0): Starting service 'debug-sh'...
01-01 03:00:01.604 I/init    (    0): Starting service 'vdevcreate'...
01-01 03:00:01.604 I/init    (    0): Starting service 'zygote'...
01-01 03:00:01.605 I/init    (    0): Starting service 'gatekeeperd'...
01-01 03:00:01.614 W/        (    0): Auto downlaod client[0] is disabled, please enable first.
01-01 03:00:01.618 E/init    (    0): cannot find '/system/xbin/perfprofd', disabling 'perfprofd'
01-01 03:00:01.634 D/        (    0): [DVFS] [[====================================
01-01 03:00:01.634 D/        (    0): [DVFS] CPU Clock: 1200MHz
01-01 03:00:01.634 D/        (    0): [DVFS] Reference Temperature Data (CPU): 0x0190
01-01 03:00:01.634 D/        (    0): [DVFS] Current Temperature Sensor Data (CPU): 0x0190
01-01 03:00:01.634 D/        (    0): [DVFS] Temperature (CPU): 27
01-01 03:00:01.634 D/        (    0): [DVFS] CPU Power: 00mV
01-01 03:00:01.634 D/        (    0): [DVFS] Core Power: 00mV
01-01 03:00:01.634 D/        (    0): [DVFS] ====================================]]
01-01 03:00:01.634 E/Vold    ( 1119): eventPath=/devices/platform/Mstar-ehci-1.0/usb2/2-1
01-01 03:00:01.634 E/Vold    ( 1119): mAction=1
01-01 03:00:01.634 E/Vold    ( 1119): devType=usb_device
01-01 03:00:01.634 E/Vold    ( 1119): major=189 minor=129
01-01 03:00:01.635 D/        (    0): [DVFS] CPU Clock: 1200MHz
01-01 03:00:01.635 D/        (    0): [ERROR] I2C_Enter_I2C Failed
01-01 03:00:01.635 D/        (    0): [ERROR] I2C_USE_CFG Failed
01-01 03:00:01.635 D/        (    0): [ERROR] I2C_OUT_NO_DELAY Failed
01-01 03:00:01.635 D/        (    0): [ERROR] I2C_AD_BYTE_EN0 Failed
01-01 03:00:01.635 D/        (    0): [ERROR] I2C_DA_BYTE_EN1 Failed
01-01 03:00:01.635 D/        (    0): [ERROR] I2C_USE Failed
01-01 03:00:01.635 D/        (    0): [INFO] MStar Power IC Chip ID: ffff
01-01 03:00:01.635 D/        (    0): [DVFS] Current DVFS State: 0
01-01 03:00:01.635 D/        (    0): [DVFS] Current Valid CPU Clock: 1200MHz
01-01 03:00:01.635 D/        (    0): [34mFunction = Mdrv_CPU_T_sensor_Check_callback, Line = 1161, do Mdrv_CPU_T_sensor_Check_callback: 1200000, over_thermal_flag is 0[m
01-01 03:00:01.635 E/Vold    ( 1119): open mtpfilepath failed
01-01 03:00:01.636 I/usb 2-1 (    0): New USB device found, idVendor=058f, idProduct=6387
01-01 03:00:01.636 I/usb 2-1 (    0): New USB device strings: Mfr=1, Product=2, SerialNumber=3
01-01 03:00:01.636 I/usb 2-1 (    0): Product: Mass Storage Device
01-01 03:00:01.636 I/usb 2-1 (    0): Manufacturer: JetFlash
01-01 03:00:01.636 I/usb 2-1 (    0): SerialNumber: 0A74NF3M
01-01 03:00:01.639 E/Vold    ( 1119): eventPath=/devices/platform/Mstar-ehci-1.0/usb2/2-1/2-1:1.0
01-01 03:00:01.639 E/Vold    ( 1119): mAction=1
01-01 03:00:01.639 E/Vold    ( 1119): devType=usb_interface
01-01 03:00:01.639 E/NetlinkEvent( 1119): NetlinkEvent::FindParam(): Parameter 'MAJOR' not found
01-01 03:00:01.639 E/Vold    ( 1119): open mtpfilepath failed
01-01 03:00:01.644 W/        (    0): Auto downlaod client[0] is disabled, please enable first.
01-01 03:00:01.663 I/init    (    0): Service 'logd-reinit' (pid 1127) exited with status 0
01-01 03:00:01.672 I/usb-storage 2-1(    0): 1.0: USB Mass Storage device detected
01-01 03:00:01.674 W/        (    0): Auto downlaod client[0] is disabled, please enable first.
01-01 03:00:01.674 I/usb-storage 2-1(    0): 1.0: Quirks match for vid 058f pid 6387: 20
01-01 03:00:01.674 I/usb-storage 2-1(    0): 1.0: This device (058f,6387,0100 S 06 P 50) has unneeded SubClass and Protocol entries in unusual_devs.h (kernel 3.10.40)
01-01 03:00:01.674 I/        (    0): Please send a copy of this message to <linux-usb@vger.kernel.org> and <usb-storage@lists.one-eyed-alien.net>
01-01 03:00:01.676 I/scsi0   (    0): usb-storage 2-1:1.0
01-01 03:00:01.704 W/        (    0): Auto downlaod client[0] is disabled, please enable first.
01-01 03:00:01.734 W/        (    0): Auto downlaod client[0] is disabled, please enable first.
01-01 03:00:01.764 W/        (    0): Auto downlaod client[0] is disabled, please enable first.
01-01 03:00:01.775 I/init    (    0): Service 'multicast' (pid 1164) exited with status 0
01-01 03:00:01.794 W/        (    0): Auto downlaod client[0] is disabled, please enable first.
01-01 03:00:01.824 W/        (    0): Auto downlaod client[0] is disabled, please enable first.
01-01 03:00:01.854 W/        (    0): Auto downlaod client[0] is disabled, please enable first.
01-01 03:00:01.855 W/vold    ( 1119): Failed to read manufacturer from /sys/devices/platform/mstar_mci.0/mmc_host/mmc0/mmc0:0001/block/mmcblk0/mmcblk0rpmb/device/manfid: No such file or directory
01-01 03:00:01.855 V/vold    ( 1119): /system/bin/sgdisk
01-01 03:00:01.855 V/vold    ( 1119):     --android-dump
01-01 03:00:01.855 V/vold    ( 1119):     /dev/block/vold/disk:179,48
01-01 03:00:01.855 E/vold    ( 1119): Failed to setexeccon
01-01 03:00:01.856 E/vold    ( 1119): Failed to setexeccon
01-01 03:00:01.884 W/        (    0): Auto downlaod client[0] is disabled, please enable first.
01-01 03:00:01.890 I/init    (    0): Service 'debug-sh' (pid 1167) exited with status 0
01-01 03:00:01.914 W/        (    0): Auto downlaod client[0] is disabled, please enable first.
01-01 03:00:01.944 W/        (    0): Auto downlaod client[0] is disabled, please enable first.
01-01 03:00:01.969 W/        (    0): --------->MBX DRIVER OPEN
01-01 03:00:01.970 W/        (    0): _MDrv_MBXIO_FASYNC is invoked
01-01 03:00:01.980 W/        (    0): Auto downlaod client[0] is disabled, please enable first.
01-01 03:00:02.004 W/        (    0): Auto downlaod client[0] is disabled, please enable first.
01-01 03:00:02.034 W/        (    0): Auto downlaod client[0] is disabled, please enable first.
01-01 03:00:02.074 W/        (    0): Auto downlaod client[0] is disabled, please enable first.
01-01 03:00:02.104 W/        (    0): Auto downlaod client[0] is disabled, please enable first.
01-01 03:00:02.134 W/        (    0): Auto downlaod client[0] is disabled, please enable first.
01-01 03:00:02.164 W/        (    0): Auto downlaod client[0] is disabled, please enable first.
01-01 03:00:02.167 I/init    (    0): Service 'tee' (pid 1165) exited with status 255
01-01 03:00:02.194 W/        (    0): Auto downlaod client[0] is disabled, please enable first.
01-01 03:00:02.224 W/        (    0): Auto downlaod client[0] is disabled, please enable first.
01-01 03:00:02.254 W/        (    0): Auto downlaod client[0] is disabled, please enable first.
01-01 03:00:02.284 W/        (    0): Auto downlaod client[0] is disabled, please enable first.
01-01 03:00:02.314 W/        (    0): Auto downlaod client[0] is disabled, please enable first.
01-01 03:00:02.344 W/        (    0): Auto downlaod client[0] is disabled, please enable first.
01-01 03:00:02.374 W/        (    0): Auto downlaod client[0] is disabled, please enable first.
01-01 03:00:02.404 W/        (    0): Auto downlaod client[0] is disabled, please enable first.
01-01 03:00:02.434 W/        (    0): Auto downlaod client[0] is disabled, please enable first.
01-01 03:00:02.445 I/init    (    0): Starting service 'console'...
01-01 03:00:02.464 W/        (    0): Auto downlaod client[0] is disabled, please enable first.
01-01 03:00:02.494 W/        (    0): Auto downlaod client[0] is disabled, please enable first.
01-01 03:00:02.504 I/input   (    0): TV Keypad as /devices/virtual/input/input2
01-01 03:00:02.524 W/        (    0): Auto downlaod client[0] is disabled, please enable first.
01-01 03:00:02.554 W/        (    0): Auto downlaod client[0] is disabled, please enable first.
01-01 03:00:02.564 E/healthd (    0): No charger supplies found
01-01 03:00:02.574 W/healthd (    0): No battery devices found
01-01 03:00:02.584 W/        (    0): Auto downlaod client[0] is disabled, please enable first.
01-01 03:00:02.614 W/        (    0): Auto downlaod client[0] is disabled, please enable first.
01-01 03:00:02.623 E/vold    ( 1119): Failed to pclose /system/bin/sgdisk --android-dump /dev/block/vold/disk:179,48 : Invalid argument
01-01 03:00:02.623 W/vold    ( 1119): sgdisk failed to scan /dev/block/vold/disk:179,48
01-01 03:00:02.644 D/        (    0): [DVFS] [[====================================
01-01 03:00:02.644 W/        (    0): Auto downlaod client[0] is disabled, please enable first.
01-01 03:00:02.644 D/        (    0): [DVFS] CPU Clock: 1200MHz
01-01 03:00:02.644 D/        (    0): [DVFS] Reference Temperature Data (CPU): 0x0190
01-01 03:00:02.644 D/        (    0): [DVFS] Current Temperature Sensor Data (CPU): 0x0189
01-01 03:00:02.644 D/        (    0): [DVFS] Temperature (CPU): 35
01-01 03:00:02.644 D/        (    0): [DVFS] CPU Power: 00mV
01-01 03:00:02.644 D/        (    0): [DVFS] Core Power: 00mV
01-01 03:00:02.644 D/        (    0): [DVFS] ====================================]]
01-01 03:00:02.644 D/        (    0): [DVFS] CPU Clock: 1200MHz
01-01 03:00:02.644 D/        (    0): [ERROR] I2C_Enter_I2C Failed
01-01 03:00:02.644 D/        (    0): [ERROR] I2C_USE_CFG Failed
01-01 03:00:02.644 D/        (    0): [ERROR] I2C_OUT_NO_DELAY Failed
01-01 03:00:02.644 D/        (    0): [ERROR] I2C_AD_BYTE_EN0 Failed
01-01 03:00:02.644 D/        (    0): [ERROR] I2C_DA_BYTE_EN1 Failed
01-01 03:00:02.644 D/        (    0): [ERROR] I2C_USE Failed
01-01 03:00:02.645 D/        (    0): [INFO] MStar Power IC Chip ID: ffff
01-01 03:00:02.645 D/        (    0): [DVFS] Current DVFS State: 0
01-01 03:00:02.645 D/        (    0): [DVFS] Current Valid CPU Clock: 1200MHz
01-01 03:00:02.645 D/        (    0): [34mFunction = Mdrv_CPU_T_sensor_Check_callback, Line = 1161, do Mdrv_CPU_T_sensor_Check_callback: 1200000, over_thermal_flag is 0[m
01-01 03:00:02.674 W/        (    0): Auto downlaod client[0] is disabled, please enable first.
01-01 03:00:02.704 W/        (    0): Auto downlaod client[0] is disabled, please enable first.
01-01 03:00:02.725 I/scsi 0  (    0): 0:0:0: Direct-Access     JetFlash TS2GJFV30        8.07 PQ: 0 ANSI: 2
01-01 03:00:02.734 W/        (    0): Auto downlaod client[0] is disabled, please enable first.
01-01 03:00:02.764 W/        (    0): Auto downlaod client[0] is disabled, please enable first.
01-01 03:00:02.778 I/sd 0    (    0): 0:0:0: [sda] 3969024 512-byte logical blocks: (2.03 GB/1.89 GiB)
01-01 03:00:02.779 I/sd 0    (    0): 0:0:0: [sda] Write Protect is off
01-01 03:00:02.779 D/sd 0    (    0): 0:0:0: [sda] Mode Sense: 03 00 00 00
01-01 03:00:02.779 E/sd 0    (    0): 0:0:0: [sda] No Caching mode page found
01-01 03:00:02.794 W/        (    0): Auto downlaod client[0] is disabled, please enable first.
01-01 03:00:02.794 E/sd 0    (    0): 0:0:0: [sda] Assuming drive cache: write through
01-01 03:00:02.824 W/        (    0): Auto downlaod client[0] is disabled, please enable first.
01-01 03:00:02.828 E/sd 0    (    0): 0:0:0: [sda] No Caching mode page found
01-01 03:00:02.833 E/sd 0    (    0): 0:0:0: [sda] Assuming drive cache: write through
01-01 03:00:02.854 W/        (    0): Auto downlaod client[0] is disabled, please enable first.
01-01 03:00:02.874 W/        (    0): emmc_partition()
01-01 03:00:02.884 W/        (    0): Auto downlaod client[0] is disabled, please enable first.
01-01 03:00:02.914 W/        (    0): Auto downlaod client[0] is disabled, please enable first.
01-01 03:00:02.944 W/        (    0): Auto downlaod client[0] is disabled, please enable first.
01-01 03:00:02.960 W/        (    0): 0xb8fa
01-01 03:00:02.960 I/sda     (    0): sda1
01-01 03:00:02.970 E/sd 0    (    0): 0:0:0: [sda] No Caching mode page found
01-01 03:00:02.976 W/        (    0): Auto downlaod client[0] is disabled, please enable first.
01-01 03:00:03.004 W/        (    0): Auto downlaod client[0] is disabled, please enable first.
01-01 03:00:03.005 E/sd 0    (    0): 0:0:0: [sda] Assuming drive cache: write through
01-01 03:00:03.014 I/sd 0    (    0): 0:0:0: [sda] Attached SCSI removable disk
01-01 03:00:03.034 W/        (    0): Auto downlaod client[0] is disabled, please enable first.
01-01 03:00:03.064 W/        (    0): Auto downlaod client[0] is disabled, please enable first.
01-01 03:00:03.094 W/        (    0): Auto downlaod client[0] is disabled, please enable first.
01-01 03:00:03.124 W/        (    0): Auto downlaod client[0] is disabled, please enable first.
01-01 03:00:03.154 W/        (    0): Auto downlaod client[0] is disabled, please enable first.
01-01 03:00:03.184 W/        (    0): Auto downlaod client[0] is disabled, please enable first.
01-01 03:00:03.214 W/        (    0): Auto downlaod client[0] is disabled, please enable first.
01-01 03:00:03.244 W/        (    0): Auto downlaod client[0] is disabled, please enable first.
01-01 03:00:03.274 W/        (    0): Auto downlaod client[0] is disabled, please enable first.
01-01 03:00:03.304 W/        (    0): Auto downlaod client[0] is disabled, please enable first.
01-01 03:00:03.334 W/        (    0): Auto downlaod client[0] is disabled, please enable first.
01-01 03:00:03.364 W/        (    0): Auto downlaod client[0] is disabled, please enable first.
01-01 03:00:03.394 W/        (    0): Auto downlaod client[0] is disabled, please enable first.
01-01 03:00:03.424 W/        (    0): Auto downlaod client[0] is disabled, please enable first.
01-01 03:00:03.454 W/        (    0): Auto downlaod client[0] is disabled, please enable first.
01-01 03:00:03.484 W/        (    0): Auto downlaod client[0] is disabled, please enable first.
01-01 03:00:03.514 W/        (    0): Auto downlaod client[0] is disabled, please enable first.
01-01 03:00:03.544 W/        (    0): Auto downlaod client[0] is disabled, please enable first.
01-01 03:00:03.574 W/        (    0): Auto downlaod client[0] is disabled, please enable first.
01-01 03:00:03.604 W/        (    0): Auto downlaod client[0] is disabled, please enable first.
01-01 03:00:03.624 W/vold    ( 1119): Failed to read manufacturer from /sys/devices/platform/mstar_mci.0/mmc_host/mmc0/mmc0:0001/block/mmcblk0/mmcblk0boot0/device/manfid: No such file or directory
01-01 03:00:03.624 V/vold    ( 1119): /system/bin/sgdisk
01-01 03:00:03.624 V/vold    ( 1119):     --android-dump
01-01 03:00:03.624 V/vold    ( 1119):     /dev/block/vold/disk:179,16
01-01 03:00:03.624 E/vold    ( 1119): Failed to setexeccon
01-01 03:00:03.634 W/        (    0): Auto downlaod client[0] is disabled, please enable first.
01-01 03:00:03.651 E/vold    ( 1119): Failed to setexeccon
01-01 03:00:03.654 D/        (    0): [DVFS] [[====================================
01-01 03:00:03.654 D/        (    0): [DVFS] CPU Clock: 1200MHz
01-01 03:00:03.654 D/        (    0): [DVFS] Reference Temperature Data (CPU): 0x0190
01-01 03:00:03.654 D/        (    0): [DVFS] Current Temperature Sensor Data (CPU): 0x0189
01-01 03:00:03.654 D/        (    0): [DVFS] Temperature (CPU): 35
01-01 03:00:03.654 D/        (    0): [DVFS] CPU Power: 00mV
01-01 03:00:03.654 D/        (    0): [DVFS] Core Power: 00mV
01-01 03:00:03.654 D/        (    0): [DVFS] ====================================]]
01-01 03:00:03.654 D/        (    0): [DVFS] CPU Clock: 1200MHz
01-01 03:00:03.654 D/        (    0): [ERROR] I2C_Enter_I2C Failed
01-01 03:00:03.654 D/        (    0): [ERROR] I2C_USE_CFG Failed
01-01 03:00:03.654 D/        (    0): [ERROR] I2C_OUT_NO_DELAY Failed
01-01 03:00:03.654 D/        (    0): [ERROR] I2C_AD_BYTE_EN0 Failed
01-01 03:00:03.654 D/        (    0): [ERROR] I2C_DA_BYTE_EN1 Failed
01-01 03:00:03.654 D/        (    0): [ERROR] I2C_USE Failed
01-01 03:00:03.654 D/        (    0): [INFO] MStar Power IC Chip ID: ffff
01-01 03:00:03.654 D/        (    0): [DVFS] Current DVFS State: 0
01-01 03:00:03.655 D/        (    0): [DVFS] Current Valid CPU Clock: 1200MHz
01-01 03:00:03.655 D/        (    0): [34mFunction = Mdrv_CPU_T_sensor_Check_callback, Line = 1161, do Mdrv_CPU_T_sensor_Check_callback: 1200000, over_thermal_flag is 0[m
01-01 03:00:03.664 W/        (    0): Auto downlaod client[0] is disabled, please enable first.
01-01 03:00:03.694 W/        (    0): Auto downlaod client[0] is disabled, please enable first.
01-01 03:00:03.724 W/        (    0): Auto downlaod client[0] is disabled, please enable first.
01-01 03:00:03.754 W/        (    0): Auto downlaod client[0] is disabled, please enable first.
01-01 03:00:03.784 W/        (    0): Auto downlaod client[0] is disabled, please enable first.
01-01 03:00:03.802 E/vold    ( 1119): Failed to pclose /system/bin/sgdisk --android-dump /dev/block/vold/disk:179,16 : Invalid argument
01-01 03:00:03.802 W/vold    ( 1119): sgdisk failed to scan /dev/block/vold/disk:179,16
01-01 03:00:03.814 W/        (    0): Auto downlaod client[0] is disabled, please enable first.
01-01 03:00:03.844 W/        (    0): Auto downlaod client[0] is disabled, please enable first.
01-01 03:00:03.874 W/        (    0): Auto downlaod client[0] is disabled, please enable first.
01-01 03:00:03.904 W/        (    0): Auto downlaod client[0] is disabled, please enable first.
01-01 03:00:03.934 W/        (    0): Auto downlaod client[0] is disabled, please enable first.
01-01 03:00:03.964 W/        (    0): Auto downlaod client[0] is disabled, please enable first.
01-01 03:00:03.994 W/        (    0): Auto downlaod client[0] is disabled, please enable first.
01-01 03:00:04.024 W/        (    0): Auto downlaod client[0] is disabled, please enable first.
01-01 03:00:04.054 W/        (    0): Auto downlaod client[0] is disabled, please enable first.
01-01 03:00:04.065 E/genirq  (    0): Flags mismatch irq 147. 00000000 (surfaceflinger) vs. 00000000 (virtualkeypad)
01-01 03:00:04.084 W/        (    0): Auto downlaod client[0] is disabled, please enable first.
01-01 03:00:04.114 W/        (    0): Auto downlaod client[0] is disabled, please enable first.
01-01 03:00:04.144 W/        (    0): Auto downlaod client[0] is disabled, please enable first.
01-01 03:00:04.174 W/        (    0): Auto downlaod client[0] is disabled, please enable first.
01-01 03:00:04.204 W/        (    0): Auto downlaod client[0] is disabled, please enable first.
01-01 03:00:04.234 W/        (    0): Auto downlaod client[0] is disabled, please enable first.
01-01 03:00:04.264 W/        (    0): Auto downlaod client[0] is disabled, please enable first.
01-01 03:00:04.265 I/init    (    0): Starting service 'bootanim'...
01-01 03:00:04.294 W/        (    0): Auto downlaod client[0] is disabled, please enable first.
01-01 03:00:04.324 W/        (    0): Auto downlaod client[0] is disabled, please enable first.
01-01 03:00:04.354 W/        (    0): Auto downlaod client[0] is disabled, please enable first.
01-01 03:00:04.384 W/        (    0): Auto downlaod client[0] is disabled, please enable first.
01-01 03:00:04.414 W/        (    0): Auto downlaod client[0] is disabled, please enable first.
01-01 03:00:04.444 W/        (    0): Auto downlaod client[0] is disabled, please enable first.
01-01 03:00:04.474 W/        (    0): Auto downlaod client[0] is disabled, please enable first.
01-01 03:00:04.504 W/        (    0): Auto downlaod client[0] is disabled, please enable first.
01-01 03:00:04.534 W/        (    0): Auto downlaod client[0] is disabled, please enable first.
01-01 03:00:04.564 W/        (    0): Auto downlaod client[0] is disabled, please enable first.
01-01 03:00:04.564 I/input   (    0): Virtual AccSensor as /devices/virtual/input/input3
01-01 03:00:04.594 W/        (    0): Auto downlaod client[0] is disabled, please enable first.
01-01 03:00:04.614 I/input   (    0): Virtual MagneticField as /devices/virtual/input/input4
01-01 03:00:04.624 W/        (    0): Auto downlaod client[0] is disabled, please enable first.
01-01 03:00:04.644 I/input   (    0): Virtual OriSensor as /devices/virtual/input/input5
01-01 03:00:04.654 W/        (    0): Auto downlaod client[0] is disabled, please enable first.
01-01 03:00:04.664 D/        (    0): [DVFS] [[====================================
01-01 03:00:04.664 I/input   (    0): Virtual Gyroscope as /devices/virtual/input/input6
01-01 03:00:04.664 D/        (    0): [DVFS] CPU Clock: 1200MHz
01-01 03:00:04.664 D/        (    0): [DVFS] Reference Temperature Data (CPU): 0x0190
01-01 03:00:04.664 D/        (    0): [DVFS] Current Temperature Sensor Data (CPU): 0x0189
01-01 03:00:04.664 D/        (    0): [DVFS] Temperature (CPU): 35
01-01 03:00:04.664 D/        (    0): [DVFS] CPU Power: 00mV
01-01 03:00:04.664 D/        (    0): [DVFS] Core Power: 00mV
01-01 03:00:04.664 D/        (    0): [DVFS] ====================================]]
01-01 03:00:04.664 D/        (    0): [DVFS] CPU Clock: 1200MHz
01-01 03:00:04.664 D/        (    0): [ERROR] I2C_Enter_I2C Failed
01-01 03:00:04.664 D/        (    0): [ERROR] I2C_USE_CFG Failed
01-01 03:00:04.664 D/        (    0): [ERROR] I2C_OUT_NO_DELAY Failed
01-01 03:00:04.664 D/        (    0): [ERROR] I2C_AD_BYTE_EN0 Failed
01-01 03:00:04.664 D/        (    0): [ERROR] I2C_DA_BYTE_EN1 Failed
01-01 03:00:04.664 D/        (    0): [ERROR] I2C_USE Failed
01-01 03:00:04.664 D/        (    0): [INFO] MStar Power IC Chip ID: ffff
01-01 03:00:04.664 D/        (    0): [DVFS] Current DVFS State: 0
01-01 03:00:04.664 D/        (    0): [DVFS] Current Valid CPU Clock: 1200MHz
01-01 03:00:04.664 D/        (    0): [34mFunction = Mdrv_CPU_T_sensor_Check_callback, Line = 1161, do Mdrv_CPU_T_sensor_Check_callback: 1200000, over_thermal_flag is 0[m
01-01 03:00:04.684 W/        (    0): Auto downlaod client[0] is disabled, please enable first.
01-01 03:00:04.714 W/        (    0): Auto downlaod client[0] is disabled, please enable first.
01-01 03:00:04.744 W/        (    0): Auto downlaod client[0] is disabled, please enable first.
01-01 03:00:04.774 W/        (    0): Auto downlaod client[0] is disabled, please enable first.
01-01 03:00:04.803 W/vold    ( 1119): Failed to read manufacturer from /sys/devices/platform/mstar_mci.0/mmc_host/mmc0/mmc0:0001/block/mmcblk0/mmcblk0boot1/device/manfid: No such file or directory
01-01 03:00:04.803 V/vold    ( 1119): /system/bin/sgdisk
01-01 03:00:04.803 V/vold    ( 1119):     --android-dump
01-01 03:00:04.803 V/vold    ( 1119):     /dev/block/vold/disk:179,32
01-01 03:00:04.803 E/vold    ( 1119): Failed to setexeccon
01-01 03:00:04.804 W/        (    0): Auto downlaod client[0] is disabled, please enable first.
01-01 03:00:04.812 D/livecap:::livecapmainstart( 1163): main
01-01 03:00:04.812 D/livecap:::livecapPIPCfg( 1163): livecapPIPCfg::livecapPIPCfg
01-01 03:00:04.812 D/livecap:::livecapPIPCfg( 1163): livecapPIPCfg::initialize
01-01 03:00:04.812 D/livecap:::livecapPIPCfg( 1163): livecapPIPCfg::SetTVParameterDefault
01-01 03:00:04.812 D/livecap:::livecapPIPCfg( 1163): livecapPIPCfg::iniPipInfo
01-01 03:00:04.816 E/vold    ( 1119): Failed to setexeccon
01-01 03:00:04.819 D/livecap:::startlivecapsevice( 1163): LivecapServiceThread( ServiceManager: 0xb72e32c8)
01-01 03:00:04.819 D/livecap:::livecapservice( 1163): LivecapService instantiate
01-01 03:00:04.819 D/livecap:::livecapservice( 1163): LivecapService created
01-01 03:00:04.819 D/livecap:::livecapservice( 1163): LivecapService ret = 0 
01-01 03:00:04.820 D/livecap:::startlivecapsevice( 1163): 
01-01 03:00:04.820 D/livecap:::startlivecapsevice( 1163):  start livecap service 
01-01 03:00:04.834 W/        (    0): Auto downlaod client[0] is disabled, please enable first.
01-01 03:00:04.864 W/        (    0): Auto downlaod client[0] is disabled, please enable first.
01-01 03:00:04.894 W/        (    0): Auto downlaod client[0] is disabled, please enable first.
01-01 03:00:04.924 W/        (    0): Auto downlaod client[0] is disabled, please enable first.
01-01 03:00:04.957 W/        (    0): Auto downlaod client[0] is disabled, please enable first.
01-01 03:00:04.984 W/        (    0): Auto downlaod client[0] is disabled, please enable first.
01-01 03:00:05.014 W/        (    0): Auto downlaod client[0] is disabled, please enable first.
01-01 03:00:05.044 W/        (    0): Auto downlaod client[0] is disabled, please enable first.
01-01 03:00:05.050 E/vold    ( 1119): Failed to pclose /system/bin/sgdisk --android-dump /dev/block/vold/disk:179,32 : Invalid argument
01-01 03:00:05.050 W/vold    ( 1119): sgdisk failed to scan /dev/block/vold/disk:179,32
01-01 03:00:05.074 W/        (    0): Auto downlaod client[0] is disabled, please enable first.
01-01 03:00:05.104 W/        (    0): Auto downlaod client[0] is disabled, please enable first.
01-01 03:00:05.134 W/        (    0): Auto downlaod client[0] is disabled, please enable first.
01-01 03:00:05.160 I/input   (    0): Virtual Mouse as /devices/virtual/input/input7
01-01 03:00:05.164 W/        (    0): Auto downlaod client[0] is disabled, please enable first.
01-01 03:00:05.174 I/input   (    0): Virtual Keyboard as /devices/virtual/input/input8
01-01 03:00:05.176 I/input   (    0): Virtual TouchScreen as /devices/virtual/input/input9
01-01 03:00:05.194 W/        (    0): Auto downlaod client[0] is disabled, please enable first.
01-01 03:00:05.224 W/        (    0): Auto downlaod client[0] is disabled, please enable first.
01-01 03:00:05.254 W/        (    0): Auto downlaod client[0] is disabled, please enable first.
01-01 03:00:05.284 W/        (    0): Auto downlaod client[0] is disabled, please enable first.
01-01 03:00:05.314 W/        (    0): Auto downlaod client[0] is disabled, please enable first.
01-01 03:00:05.344 W/        (    0): Auto downlaod client[0] is disabled, please enable first.
01-01 03:00:05.374 W/        (    0): Auto downlaod client[0] is disabled, please enable first.
01-01 03:00:05.404 W/        (    0): Auto downlaod client[0] is disabled, please enable first.
01-01 03:00:05.434 W/        (    0): Auto downlaod client[0] is disabled, please enable first.
01-01 03:00:05.464 W/        (    0): Auto downlaod client[0] is disabled, please enable first.
01-01 03:00:05.494 W/        (    0): Auto downlaod client[0] is disabled, please enable first.
01-01 03:00:05.524 W/        (    0): Auto downlaod client[0] is disabled, please enable first.
01-01 03:00:05.554 W/        (    0): Auto downlaod client[0] is disabled, please enable first.
01-01 03:00:05.584 W/        (    0): Auto downlaod client[0] is disabled, please enable first.
01-01 03:00:05.614 W/        (    0): Auto downlaod client[0] is disabled, please enable first.
01-01 03:00:05.617 D/        (    0): [35mFunction = CMA_Pool_ioctl, Line = 3005, copy_from_user: 40 bytes[m
01-01 03:00:05.617 E/CMA_Pool_Init(    0): 757 heapid 23  flags=1, [1160,1160,name=tvos]
01-01 03:00:05.637 E/        (    0): flags &CMA_FLAG_MAP_KERNEL=0
01-01 03:00:05.641 D/        (    0): [35mFunction = CMA_Pool_Init, Line = 768, create proc_info[m
01-01 03:00:05.641 D/        (    0): [35mFunction = CMA_Pool_Init, Line = 830, create heap_info[m
01-01 03:00:05.641 E/        (    0): range start 0x20200000 to 0x3C000000, length 0x1BE00000 miublock_index 0
01-01 03:00:05.654 W/        (    0): Auto downlaod client[0] is disabled, please enable first.
01-01 03:00:05.667 D/        (    0): [35mFunction = CMA_Pool_ioctl, Line = 3005, copy_from_user: 32 bytes[m
01-01 03:00:05.667 E/CMA_Pool_Alloc(    0): 1641, heapid 23, flags=4, [1160,1160,name=tvos] offset_in_heap=0x0,length=0x7800000
01-01 03:00:05.677 D/        (    0): [DVFS] [[====================================
01-01 03:00:05.677 D/        (    0): [DVFS] CPU Clock: 1200MHz
01-01 03:00:05.677 D/        (    0): [DVFS] Reference Temperature Data (CPU): 0x0190
01-01 03:00:05.677 D/        (    0): [DVFS] Current Temperature Sensor Data (CPU): 0x0188
01-01 03:00:05.677 D/        (    0): [DVFS] Temperature (CPU): 37
01-01 03:00:05.677 D/        (    0): [DVFS] CPU Power: 00mV
01-01 03:00:05.677 D/        (    0): [DVFS] Core Power: 00mV
01-01 03:00:05.677 D/        (    0): [DVFS] ====================================]]
01-01 03:00:05.677 D/        (    0): [DVFS] CPU Clock: 1200MHz
01-01 03:00:05.677 D/        (    0): [ERROR] I2C_Enter_I2C Failed
01-01 03:00:05.677 D/        (    0): [ERROR] I2C_USE_CFG Failed
01-01 03:00:05.677 D/        (    0): [ERROR] I2C_OUT_NO_DELAY Failed
01-01 03:00:05.677 D/        (    0): [ERROR] I2C_AD_BYTE_EN0 Failed
01-01 03:00:05.677 D/        (    0): [ERROR] I2C_DA_BYTE_EN1 Failed
01-01 03:00:05.677 D/        (    0): [ERROR] I2C_USE Failed
01-01 03:00:05.677 D/        (    0): [INFO] MStar Power IC Chip ID: ffff
01-01 03:00:05.677 D/        (    0): [DVFS] Current DVFS State: 0
01-01 03:00:05.677 D/        (    0): [DVFS] Current Valid CPU Clock: 1200MHz
01-01 03:00:05.677 D/        (    0): [34mFunction = Mdrv_CPU_T_sensor_Check_callback, Line = 1161, do Mdrv_CPU_T_sensor_Check_callback: 1200000, over_thermal_flag is 0[m
01-01 03:00:05.684 W/        (    0): Auto downlaod client[0] is disabled, please enable first.
01-01 03:00:05.705 D/        (    0): [31mdma_alloc_at_from_contiguous(alloc 30720 pages, at_addr 0x29400000, start pfn 0x29400)[m
01-01 03:00:05.705 D/        (    0): [35mFunction = dma_alloc_at_from_contiguous, Line = 1024, find bit_map from 0x0[m
01-01 03:00:05.705 D/        (    0): [32m[tvos] Before dma_alloc_at_from_contiguous [m
01-01 03:00:05.705 D/        (    0): [32mcma_area having [m
01-01 03:00:05.705 D/        (    0): [32m30720 free pages[m
01-01 03:00:05.714 W/        (    0): Auto downlaod client[0] is disabled, please enable first.
01-01 03:00:05.725 D/        (    0): [32mAlloc Bus_Addr at 0x29400000[m
01-01 03:00:05.725 D/        (    0): [32m[tvos] After dma_alloc_at_from_contiguous [m
01-01 03:00:05.725 D/        (    0): [32mcma_area having [m
01-01 03:00:05.725 D/        (    0): [32m0 free pages[m
01-01 03:00:05.744 W/        (    0): Auto downlaod client[0] is disabled, please enable first.
01-01 03:00:05.774 W/        (    0): Auto downlaod client[0] is disabled, please enable first.
01-01 03:00:05.804 W/        (    0): Auto downlaod client[0] is disabled, please enable first.
01-01 03:00:05.834 W/        (    0): Auto downlaod client[0] is disabled, please enable first.
01-01 03:00:05.864 W/        (    0): Auto downlaod client[0] is disabled, please enable first.
01-01 03:00:05.894 W/        (    0): Auto downlaod client[0] is disabled, please enable first.
01-01 03:00:05.924 W/        (    0): Auto downlaod client[0] is disabled, please enable first.
01-01 03:00:05.954 W/        (    0): Auto downlaod client[0] is disabled, please enable first.
01-01 03:00:05.984 W/        (    0): Auto downlaod client[0] is disabled, please enable first.
01-01 03:00:06.014 W/        (    0): Auto downlaod client[0] is disabled, please enable first.
01-01 03:00:06.044 W/        (    0): Auto downlaod client[0] is disabled, please enable first.
01-01 03:00:06.045 I/init    (    0): Service 'bootanim' (pid 1431) exited with status 0
01-01 03:00:06.045 I/init    (    0): Starting service 'disabletv'...
01-01 03:00:06.052 V/vold    ( 1119): /system/bin/sgdisk
01-01 03:00:06.052 V/vold    ( 1119):     --android-dump
01-01 03:00:06.052 V/vold    ( 1119):     /dev/block/vold/disk:179,0
01-01 03:00:06.052 E/vold    ( 1119): Failed to setexeccon
01-01 03:00:06.074 W/        (    0): Auto downlaod client[0] is disabled, please enable first.
01-01 03:00:06.080 E/vold    ( 1119): Failed to setexeccon
01-01 03:00:06.100 D/        (    0): [35mFunction = CMA_Pool_Alloc, Line = 1919, mapping from 0x29400000 to 0x30C00000[m
01-01 03:00:06.100 D/        (    0): dump heap_id 23 information: min_start 0x29400000, max_end 0x30C00000
01-01 03:00:06.100 D/allocated info(    0): cpu address 0xADDD9000, phy_addr 0x29400000, length 0x7800000, pid 1160, freed 0, mapped 1 "tvos"
01-01 03:00:06.100 E/        (    0): range start 0x20200000 to 0x29400000, length 0x9200000 miublock_index 0
01-01 03:00:06.114 W/        (    0): Auto downlaod client[0] is disabled, please enable first.
01-01 03:00:06.124 E/        (    0): range start 0x30C00000 to 0x3C000000, length 0xB400000 miublock_index 1
01-01 03:00:06.139 D/        (    0): [35mFunction = CMA_Pool_ioctl, Line = 3005, copy_from_user: 40 bytes[m
01-01 03:00:06.139 E/CMA_Pool_Init(    0): 757 heapid 24  flags=1, [1160,1160,name=tvos]
01-01 03:00:06.154 W/        (    0): Auto downlaod client[0] is disabled, please enable first.
01-01 03:00:06.174 E/        (    0): flags &CMA_FLAG_MAP_KERNEL=0
01-01 03:00:06.182 I/init    (    0): Service 'disabletv' (pid 1539) exited with status 0
01-01 03:00:06.182 D/        (    0): [35mFunction = CMA_Pool_Init, Line = 768, create proc_info[m
01-01 03:00:06.182 D/        (    0): [35mFunction = CMA_Pool_Init, Line = 830, create heap_info[m
01-01 03:00:06.182 E/        (    0): range start 0xA0400000 to 0xE0000000, length 0x3FC00000 miublock_index 0
01-01 03:00:06.194 W/        (    0): Auto downlaod client[0] is disabled, please enable first.
01-01 03:00:06.196 E/vold    ( 1119): Failed to pclose /system/bin/sgdisk --android-dump /dev/block/vold/disk:179,0 : Invalid argument
01-01 03:00:06.196 W/vold    ( 1119): sgdisk failed to scan /dev/block/vold/disk:179,0
01-01 03:00:06.201 D/        (    0): [35mFunction = CMA_Pool_ioctl, Line = 3005, copy_from_user: 32 bytes[m
01-01 03:00:06.201 E/CMA_Pool_Alloc(    0): 1641, heapid 24, flags=4, [1160,1160,name=tvos] offset_in_heap=0x0,length=0x1000000
01-01 03:00:06.221 D/        (    0): [31mdma_alloc_at_from_contiguous(alloc 4096 pages, at_addr 0xA0400000, start pfn 0xA0400)[m
01-01 03:00:06.221 D/        (    0): [35mFunction = dma_alloc_at_from_contiguous, Line = 1024, find bit_map from 0x0[m
01-01 03:00:06.221 D/        (    0): [32m[tvos] Before dma_alloc_at_from_contiguous [m
01-01 03:00:06.221 D/        (    0): [32mcma_area having [m
01-01 03:00:06.221 D/        (    0): [32m4096 free pages[m
01-01 03:00:06.222 D/        (    0): [32mAlloc Bus_Addr at 0xA0400000[m
01-01 03:00:06.222 D/        (    0): [32m[tvos] After dma_alloc_at_from_contiguous [m
01-01 03:00:06.222 D/        (    0): [32mcma_area having [m
01-01 03:00:06.222 D/        (    0): [32m0 free pages[m
01-01 03:00:06.224 W/        (    0): Auto downlaod client[0] is disabled, please enable first.
01-01 03:00:06.254 W/        (    0): Auto downlaod client[0] is disabled, please enable first.
01-01 03:00:06.256 D/        (    0): [35mFunction = CMA_Pool_Alloc, Line = 1919, mapping from 0xA0400000 to 0xA1400000[m
01-01 03:00:06.256 D/        (    0): dump heap_id 24 information: min_start 0xA0400000, max_end 0xA1400000
01-01 03:00:06.256 D/allocated info(    0): cpu address 0xACDD9000, phy_addr 0xA0400000, length 0x1000000, pid 1160, freed 0, mapped 1 "tvos"
01-01 03:00:06.257 E/        (    0): range start 0xA1400000 to 0xE0000000, length 0x3EC00000 miublock_index 0
01-01 03:00:06.278 W/        (    0): --------->MBX DRIVER OPEN
01-01 03:00:06.278 W/        (    0): _MDrv_MBXIO_FASYNC is invoked
01-01 03:00:06.284 W/        (    0): Auto downlaod client[0] is disabled, please enable first.
01-01 03:00:06.314 W/        (    0): Auto downlaod client[0] is disabled, please enable first.
01-01 03:00:06.344 W/        (    0): Auto downlaod client[0] is disabled, please enable first.
01-01 03:00:06.374 W/        (    0): Auto downlaod client[0] is disabled, please enable first.
01-01 03:00:06.404 W/        (    0): Auto downlaod client[0] is disabled, please enable first.
01-01 03:00:06.441 W/        (    0): Auto downlaod client[0] is disabled, please enable first.
01-01 03:00:06.464 W/        (    0): Auto downlaod client[0] is disabled, please enable first.
01-01 03:00:06.494 W/        (    0): Auto downlaod client[0] is disabled, please enable first.
01-01 03:00:06.524 W/        (    0): Auto downlaod client[0] is disabled, please enable first.
01-01 03:00:06.554 W/        (    0): Auto downlaod client[0] is disabled, please enable first.
01-01 03:00:06.584 W/        (    0): Auto downlaod client[0] is disabled, please enable first.
01-01 03:00:06.592 W/        (    0): [MDrv_SW_IIC_ConfigBus] Channel index = 1
01-01 03:00:06.592 W/        (    0): [MDrv_SW_IIC_ConfigBus] Channel PadSCL = 56
01-01 03:00:06.592 W/        (    0): [MDrv_SW_IIC_ConfigBus] Channel PadSDA = 55
01-01 03:00:06.592 W/        (    0): [MDrv_SW_IIC_ConfigBus] Channel SpeedKHz = 100
01-01 03:00:06.592 W/        (    0): [MDrv_SW_IIC_ConfigBus] Channel Enable = 1
01-01 03:00:06.592 W/        (    0): [MDrv_SW_IIC_ConfigBus] Channel index = 2
01-01 03:00:06.592 W/        (    0): [MDrv_SW_IIC_ConfigBus] Channel PadSCL = 170
01-01 03:00:06.592 W/        (    0): [MDrv_SW_IIC_ConfigBus] Channel PadSDA = 171
01-01 03:00:06.592 W/        (    0): [MDrv_SW_IIC_ConfigBus] Channel SpeedKHz = 100
01-01 03:00:06.592 W/        (    0): [MDrv_SW_IIC_ConfigBus] Channel Enable = 1
01-01 03:00:06.592 W/        (    0): [MDrv_SW_IIC_ConfigBus] Channel index = 3
01-01 03:00:06.592 W/        (    0): [MDrv_SW_IIC_ConfigBus] Channel PadSCL = 67
01-01 03:00:06.592 W/        (    0): [MDrv_SW_IIC_ConfigBus] Channel PadSDA = 66
01-01 03:00:06.592 W/        (    0): [MDrv_SW_IIC_ConfigBus] Channel SpeedKHz = 100
01-01 03:00:06.592 W/        (    0): [MDrv_SW_IIC_ConfigBus] Channel Enable = 1
01-01 03:00:06.610 W/MHal_XC_CFDControl(    0): 4206 [31mPanel info [m
01-01 03:00:06.610 W/MHal_XC_CFDControl(    0): 4207 [31m  R is (32000, 16455)[m
01-01 03:00:06.610 W/MHal_XC_CFDControl(    0): 4208 [31m  G is (15000, 30000)[m
01-01 03:00:06.610 W/MHal_XC_CFDControl(    0): 4209 [31m  B is (7500, 3000)[m
01-01 03:00:06.610 W/MHal_XC_CFDControl(    0): 4210 [31m  W is (15635, 16450)[m
01-01 03:00:06.610 W/MHal_XC_CFDControl(    0): 4211 [31m  Luminanceis (100, 50, 500)[m
01-01 03:00:06.610 W/MHal_XC_CFDControl(    0): 4212 [31m  Linear RGB 1[m
01-01 03:00:06.610 W/MHal_XC_CFDControl(    0): 4213 [31m  FPS 172[m
01-01 03:00:06.614 W/        (    0): Auto downlaod client[0] is disabled, please enable first.
01-01 03:00:06.644 W/        (    0): Auto downlaod client[0] is disabled, please enable first.
01-01 03:00:06.674 W/        (    0): Auto downlaod client[0] is disabled, please enable first.
01-01 03:00:06.684 D/        (    0): [DVFS] [[====================================
01-01 03:00:06.684 D/        (    0): [DVFS] CPU Clock: 1200MHz
01-01 03:00:06.684 D/        (    0): [DVFS] Reference Temperature Data (CPU): 0x0190
01-01 03:00:06.684 D/        (    0): [DVFS] Current Temperature Sensor Data (CPU): 0x0188
01-01 03:00:06.684 D/        (    0): [DVFS] Temperature (CPU): 37
01-01 03:00:06.684 D/        (    0): [DVFS] CPU Power: 00mV
01-01 03:00:06.684 D/        (    0): [DVFS] Core Power: 00mV
01-01 03:00:06.684 D/        (    0): [DVFS] ====================================]]
01-01 03:00:06.684 D/        (    0): [DVFS] CPU Clock: 1200MHz
01-01 03:00:06.688 D/        (    0): [INFO] MStar Power IC Chip ID: 09a
01-01 03:00:06.689 D/        (    0): [33m[INFO] Orginal CPU Power: 810 mV[m
01-01 03:00:06.690 D/        (    0): [37m[INFO] Change to Voltage: 1050 mV (0x26)[m
01-01 03:00:06.709 D/        (    0): [33m[INFO] Orginal CPU Power: 1050 mV[m
01-01 03:00:06.709 D/        (    0): [DVFS] Current DVFS State: 0
01-01 03:00:06.709 D/        (    0): [DVFS] Current Valid CPU Clock: 100MHz
01-01 03:00:06.709 D/        (    0): [34mFunction = Mdrv_CPU_T_sensor_Check_callback, Line = 1161, do Mdrv_CPU_T_sensor_Check_callback: 100000, over_thermal_flag is 0[m
01-01 03:00:06.714 W/        (    0): Auto downlaod client[0] is disabled, please enable first.
01-01 03:00:06.744 W/        (    0): Auto downlaod client[0] is disabled, please enable first.
01-01 03:00:06.774 W/        (    0): Auto downlaod client[0] is disabled, please enable first.
01-01 03:00:06.804 W/        (    0): Auto downlaod client[0] is disabled, please enable first.
01-01 03:00:06.834 W/        (    0): Auto downlaod client[0] is disabled, please enable first.
01-01 03:00:06.837 D/        (    0): [35mFunction = CMA_Pool_ioctl, Line = 3005, copy_from_user: 40 bytes[m
01-01 03:00:06.837 E/CMA_Pool_Init(    0): 757 heapid 22  flags=1, [1574,1160,name=InitVideo Task]
01-01 03:00:06.854 E/        (    0): flags &CMA_FLAG_MAP_KERNEL=0
01-01 03:00:06.864 W/        (    0): Auto downlaod client[0] is disabled, please enable first.
01-01 03:00:06.868 D/        (    0): [35mFunction = CMA_Pool_Init, Line = 768, create proc_info[m
01-01 03:00:06.868 D/        (    0): [35mFunction = CMA_Pool_Init, Line = 830, create heap_info[m
01-01 03:00:06.868 E/        (    0): range start 0x20200000 to 0x29400000, length 0x9200000 miublock_index 0
01-01 03:00:06.878 E/        (    0): range start 0x30C00000 to 0x3C000000, length 0xB400000 miublock_index 1
01-01 03:00:06.894 W/        (    0): Auto downlaod client[0] is disabled, please enable first.
01-01 03:00:06.934 W/        (    0): Auto downlaod client[0] is disabled, please enable first.
01-01 03:00:06.964 W/        (    0): Auto downlaod client[0] is disabled, please enable first.
01-01 03:00:06.994 W/        (    0): Auto downlaod client[0] is disabled, please enable first.
01-01 03:00:07.024 W/        (    0): Auto downlaod client[0] is disabled, please enable first.
01-01 03:00:07.054 W/        (    0): Auto downlaod client[0] is disabled, please enable first.
01-01 03:00:07.084 W/        (    0): Auto downlaod client[0] is disabled, please enable first.
01-01 03:00:07.114 W/        (    0): Auto downlaod client[0] is disabled, please enable first.
01-01 03:00:07.144 W/        (    0): Auto downlaod client[0] is disabled, please enable first.
01-01 03:00:07.174 W/        (    0): Auto downlaod client[0] is disabled, please enable first.
01-01 03:00:07.198 V/vold    ( 1119): /system/bin/sgdisk
01-01 03:00:07.198 V/vold    ( 1119):     --android-dump
01-01 03:00:07.198 V/vold    ( 1119):     /dev/block/vold/disk:8,0
01-01 03:00:07.198 E/vold    ( 1119): Failed to setexeccon
01-01 03:00:07.200 E/vold    ( 1119): Failed to setexeccon
01-01 03:00:07.204 W/        (    0): Auto downlaod client[0] is disabled, please enable first.
01-01 03:00:07.234 W/        (    0): Auto downlaod client[0] is disabled, please enable first.
01-01 03:00:07.264 W/        (    0): Auto downlaod client[0] is disabled, please enable first.
01-01 03:00:07.294 W/        (    0): Auto downlaod client[0] is disabled, please enable first.
01-01 03:00:07.319 V/vold    ( 1119): DISK mbr
01-01 03:00:07.319 V/vold    ( 1119): PART 1 c
01-01 03:00:07.427 W/        (    0): [SEMUTEX] WARNING, create semaphore name had already exist!
01-01 03:00:07.714 D/        (    0): [DVFS] Current DVFS State: 0
01-01 03:00:07.714 D/        (    0): [DVFS] Current Valid CPU Clock: 100MHz
01-01 03:00:07.714 D/        (    0): [34mFunction = Mdrv_CPU_T_sensor_Check_callback, Line = 1161, do Mdrv_CPU_T_sensor_Check_callback: 100000, over_thermal_flag is 0[m
01-01 03:00:07.897 E/genirq  (    0): Flags mismatch irq 147. 00000000 (tvos) vs. 00000000 (virtualkeypad)
01-01 03:00:08.309 E/genirq  (    0): Flags mismatch irq 162. 00000000 (IR) vs. 00000000 (IR)
01-01 03:00:08.335 F/        (    0): IR IRQ registartion ERROR
01-01 03:00:08.558 I/boot_progress_start( 1169): 8558
01-01 03:00:08.724 D/        (    0): [DVFS] Current DVFS State: 0
01-01 03:00:08.724 D/        (    0): [DVFS] Current Valid CPU Clock: 100MHz
01-01 03:00:08.724 D/        (    0): [34mFunction = Mdrv_CPU_T_sensor_Check_callback, Line = 1161, do Mdrv_CPU_T_sensor_Check_callback: 100000, over_thermal_flag is 0[m
01-01 03:00:09.734 D/        (    0): [DVFS] Current DVFS State: 0
01-01 03:00:09.734 D/        (    0): [DVFS] Current Valid CPU Clock: 100MHz
01-01 03:00:09.734 D/        (    0): [34mFunction = Mdrv_CPU_T_sensor_Check_callback, Line = 1161, do Mdrv_CPU_T_sensor_Check_callback: 100000, over_thermal_flag is 0[m
01-01 03:00:09.870 I/boot_progress_preload_start( 1169): 9870
01-01 03:00:09.914 I/warning (    0): `Thread-6' uses 32-bit capabilities (legacy support in use)
01-01 03:00:10.744 D/        (    0): [DVFS] Current DVFS State: 0
01-01 03:00:10.744 D/        (    0): [DVFS] Current Valid CPU Clock: 100MHz
01-01 03:00:10.744 D/        (    0): [34mFunction = Mdrv_CPU_T_sensor_Check_callback, Line = 1161, do Mdrv_CPU_T_sensor_Check_callback: 100000, over_thermal_flag is 0[m
01-01 03:00:10.864 E/genirq  (    0): Flags mismatch irq 147. 00000000 (mediaserver) vs. 00000000 (virtualkeypad)
01-01 03:00:10.918 W/        (    0): [SEMUTEX] WARNING, create semaphore name had already exist!
01-01 03:00:10.919 W/        (    0): --------->MBX DRIVER OPEN
01-01 03:00:10.923 W/        (    0): _MDrv_MBXIO_FASYNC is invoked
01-01 03:00:11.754 D/        (    0): [DVFS] Current DVFS State: 0
01-01 03:00:11.754 D/        (    0): [DVFS] Current Valid CPU Clock: 100MHz
01-01 03:00:11.754 D/        (    0): [34mFunction = Mdrv_CPU_T_sensor_Check_callback, Line = 1161, do Mdrv_CPU_T_sensor_Check_callback: 100000, over_thermal_flag is 0[m
01-01 03:00:11.804 W/MHal_XC_CFDControl(    0): 4456   u8Win is 0
01-01 03:00:11.804 W/MHal_XC_CFDControl(    0): 4457   u16Hue is 0
01-01 03:00:11.804 W/MHal_XC_CFDControl(    0): 4458   u16Saturation is 0
01-01 03:00:11.804 W/MHal_XC_CFDControl(    0): 4459   u16Contrast is 0
01-01 03:00:11.804 W/MHal_XC_CFDControl(    0): 4460   u32Backlight is 100
01-01 03:00:11.804 W/MHal_XC_CFDControl(    0): 4461   u32MinBacklight is 0
01-01 03:00:11.804 W/MHal_XC_CFDControl(    0): 4462   u32MaxBacklight is 100
01-01 03:00:11.804 W/MHal_XC_CFDControl(    0): 4463   u8ColorRange is 1
01-01 03:00:11.804 W/MHal_XC_CFDControl(    0): 4464   u8UltraBlackLevel is 0
